<html>
<body>
<pre>
<h1>µVision Build Log</h1>
<h2>Tool Versions:</h2>
IDE-Version: µVision V5.38.0.0
Copyright (C) 2022 ARM Ltd and ARM Germany GmbH. All rights reserved.
License Information: * *, *, LIC=03C6R-KHADB-FW82N-YT350-DCALZ-A9JW9
 
Tool Versions:
Toolchain:       MDK-ARM Plus  Version: 5.38.0.0
Toolchain Path:  C:\Keil_v5\ARM\ARMCLANG\Bin
C Compiler:      ArmClang.exe V6.19
Assembler:       Armasm.exe V6.19
Linker/Locator:  ArmLink.exe V6.19
Library Manager: ArmAr.exe V6.19
Hex Converter:   FromElf.exe V6.19
CPU DLL:         SARMCM3.DLL V5.38.0.0
Dialog DLL:      DCM.DLL V1.17.5.0
Target DLL:      STLink\ST-LINKIII-KEIL_SWO.dll V3.1.0.0
Dialog DLL:      TCM.DLL V1.56.4.0
 
<h2>Project:</h2>
Z:\STM32F401RETx\STM32F401RETx.uvprojx
Project File Date:  10/12/2025

<h2>Output:</h2>
*** Using Compiler 'V6.19', folder: 'C:\Keil_v5\ARM\ARMCLANG\Bin'
Build target 'Target 1'
RTE/Device/STM32F401RETx/STCubeGenerated/Src/main.c(20): warning: In file included from...
./RTE/Device/STM32F401RETx/STCubeGenerated/Inc\main.h(30): warning: In file included from...
C:/Users/admin/AppData/Local/Arm/Packs/Keil/STM32F4xx_DFP/2.17.1/Drivers/STM32F4xx_HAL_Driver/Inc\stm32f4xx_hal.h(29): warning: In file included from...
./RTE/Device/STM32F401RETx/STCubeGenerated/Inc\stm32f4xx_hal_conf.h(363): warning: In file included from...
C:/Users/admin/AppData/Local/Arm/Packs/Keil/STM32F4xx_DFP/2.17.1/Drivers/STM32F4xx_HAL_Driver/Inc\stm32f4xx_hal_i2c.h(215): warning: padding struct 'I2C_HandleTypeDef' with 1 byte to align 'ErrorCode' [-Wpadded]
  __IO uint32_t              ErrorCode;      /*!< I2C Error code                           */
                             ^
RTE/Device/STM32F401RETx/STCubeGenerated/Src/main.c(20): warning: In file included from...
./RTE/Device/STM32F401RETx/STCubeGenerated/Inc\main.h(30): warning: In file included from...
C:/Users/admin/AppData/Local/Arm/Packs/Keil/STM32F4xx_DFP/2.17.1/Drivers/STM32F4xx_HAL_Driver/Inc\stm32f4xx_hal.h(29): warning: In file included from...
./RTE/Device/STM32F401RETx/STCubeGenerated/Inc\stm32f4xx_hal_conf.h(411): warning: In file included from...
C:/Users/admin/AppData/Local/Arm/Packs/Keil/STM32F4xx_DFP/2.17.1/Drivers/STM32F4xx_HAL_Driver/Inc\stm32f4xx_hal_uart.h(182): warning: padding struct 'struct __UART_HandleTypeDef' with 1 byte to align 'ErrorCode' [-Wpadded]
  __IO uint32_t                 ErrorCode;        /*!< UART Error code                    */
                                ^
RTE/Device/STM32F401RETx/STCubeGenerated/Src/main.c(88): warning: passing 'const uint8_t *' (aka 'const unsigned char *') to parameter of type 'uint8_t *' (aka 'unsigned char *') discards qualifiers [-Wincompatible-pointer-types-discards-qualifiers]
        if (HAL_I2C_Mem_Write(&hi2c1, gy_addr, 0xF4, 1, (const uint8_t*)0x2E, sizeof(0x2E), HAL_MAX_DELAY) == HAL_OK) {
                                                        ^~~~~~~~~~~~~~~~~~~~
C:/Users/admin/AppData/Local/Arm/Packs/Keil/STM32F4xx_DFP/2.17.1/Drivers/STM32F4xx_HAL_Driver/Inc\stm32f4xx_hal_i2c.h(570): note: passing argument to parameter 'pData' here
HAL_StatusTypeDef HAL_I2C_Mem_Write(I2C_HandleTypeDef *hi2c, uint16_t DevAddress, uint16_t MemAddress, uint16_t MemAddSize, uint8_t *pData, uint16_t Size, uint32_t Timeout);
                                                                                                                                     ^
RTE/Device/STM32F401RETx/STCubeGenerated/Src/main.c(104): warning: implicit conversion loses integer precision: 'int' to 'uint16_t' (aka 'unsigned short') [-Wimplicit-int-conversion]
                if(HAL_I2C_IsDeviceReady(&hi2c1, i << (uint16_t)1, 1, HAL_MAX_DELAY) == HAL_OK) {
                   ~~~~~~~~~~~~~~~~~~~~~         ~~^~~~~~~~~~~~~~
RTE/Device/STM32F401RETx/STCubeGenerated/Src/main.c(105): warning: implicit conversion loses integer precision: 'int' to 'uint16_t' (aka 'unsigned short') [-Wimplicit-int-conversion]
                        lcd_addr = i << (uint16_t)1;
                                 ~ ~~^~~~~~~~~~~~~~
RTE/Device/STM32F401RETx/STCubeGenerated/Src/main.c(216): warning: cast from function call of type 'double' to non-matching type 'int' [-Wbad-function-cast]
        int32_t T = (B5 + 8) / (int)pow(2, 4);
                                    ^~~~~~~~~
RTE/Device/STM32F401RETx/STCubeGenerated/Src/main.c(218): warning: implicit conversion from 'int32_t' (aka 'int') to 'float' may lose precision [-Wimplicit-int-float-conversion]
        float temperature = ((T / 10.0f) - 32.0f) / 1.8f;
                              ^ ~
RTE/Device/STM32F401RETx/STCubeGenerated/Src/main.c(219): warning: implicit conversion increases floating-point precision: 'float' to 'double' [-Wdouble-promotion]
        sprintf(msg, "temperature = %f\r\n", temperature);
        ~~~~~~~                              ^~~~~~~~~~~
RTE/Device/STM32F401RETx/STCubeGenerated/Src/main.c(250): warning: binary integer literals are a GNU extension [-Wgnu-binary-literal]
        TransmitCmd(0b10000000);
                    ^
RTE/Device/STM32F401RETx/STCubeGenerated/Src/main.c(196): warning: mixing declarations and code is incompatible with standards before C99 [-Wdeclaration-after-statement]
        uint8_t calib_data[22];
                ^
RTE/Device/STM32F401RETx/STCubeGenerated/Src/main.c(20): warning: In file included from...
./RTE/Device/STM32F401RETx/STCubeGenerated/Inc\main.h(30): warning: In file included from...
C:/Users/admin/AppData/Local/Arm/Packs/Keil/STM32F4xx_DFP/2.17.1/Drivers/STM32F4xx_HAL_Driver/Inc\stm32f4xx_hal.h(29): warning: In file included from...
./RTE/Device/STM32F401RETx/STCubeGenerated/Inc\stm32f4xx_hal_conf.h(287): warning: In file included from...
C:/Users/admin/AppData/Local/Arm/Packs/Keil/STM32F4xx_DFP/2.17.1/Drivers/STM32F4xx_HAL_Driver/Inc\stm32f4xx_hal_dma.h(148): warning: padding struct 'struct __DMA_HandleTypeDef' with 2 bytes to align 'Parent' [-Wpadded]
  void                       *Parent;                                                          /*!< Parent object state                    */ 
                              ^
RTE/Device/STM32F401RETx/STCubeGenerated/Src/main.c(430): warning: function 'Error_Handler' could be declared with attribute 'noreturn' [-Wmissing-noreturn]
{
^
RTE/Device/STM32F401RETx/STCubeGenerated/Src/main.c(48): warning: no previous extern declaration for non-static variable 'hi2c1' [-Wmissing-variable-declarations]
I2C_HandleTypeDef hi2c1;
                  ^
RTE/Device/STM32F401RETx/STCubeGenerated/Src/main.c(48): note: declare 'static' if the variable is not intended to be used outside of this translation unit
I2C_HandleTypeDef hi2c1;
^
RTE/Device/STM32F401RETx/STCubeGenerated/Src/main.c(50): warning: no previous extern declaration for non-static variable 'huart2' [-Wmissing-variable-declarations]
UART_HandleTypeDef huart2;
                   ^
RTE/Device/STM32F401RETx/STCubeGenerated/Src/main.c(50): note: declare 'static' if the variable is not intended to be used outside of this translation unit
UART_HandleTypeDef huart2;
^
RTE/Device/STM32F401RETx/STCubeGenerated/Src/main.c(53): warning: unused variable 'i2c_scan_msg' [-Wunused-variable]
static uint8_t i2c_scan_msg[] = "I2C bus scanning\r\n";
               ^
RTE/Device/STM32F401RETx/STCubeGenerated/Src/main.c(100): warning: unused function 'FindAddress' [-Wunused-function]
static uint16_t FindAddress(void) {
                ^
16 warnings generated.
compiling main.c...
linking...
Program Size: Code=27196 RO-data=1232 RW-data=16 ZI-data=1856  
FromELF: creating hex file...
".\Objects\STM32F401RETx.axf" - 0 Error(s), 16 Warning(s).

<h2>Software Packages used:</h2>

Package Vendor: ARM
                http://www.keil.com/pack/ARM.CMSIS.5.9.0.pack
                ARM.CMSIS.5.9.0
                CMSIS (Common Microcontroller Software Interface Standard)
   * Component: CORE Version: 5.6.0

Package Vendor: Keil
                project-path/Keil.FrameworkCubeMX.1.0.0.pack
                Keil.FrameworkCubeMX.1.0.0
                STM32CubeMX generated pack description
   * Component: STM32CubeMX Version: 1.1.0

Package Vendor: Keil
                https://www.keil.com/pack/Keil.STM32F4xx_DFP.2.17.1.pack
                Keil.STM32F4xx_DFP.2.17.1
                STMicroelectronics STM32F4 Series Device Support, Drivers and Examples
   * Component: STM32Cube Framework Version: 1.0.0
   * Component: Common Version: 1.8.1
   * Component: Cortex Version: 1.8.1
   * Component: DMA Version: 1.8.1
   * Component: GPIO Version: 1.8.1
   * Component: I2C Version: 1.8.1
   * Component: PWR Version: 1.8.1
   * Component: RCC Version: 1.8.1
   * Component: UART Version: 1.8.1
   * Component: Startup Version: 2.6.3

<h2>Collection of Component include folders:</h2>
  ./RTE/Device/STM32F401RETx
  ./RTE/Device/STM32F401RETx/STCubeGenerated
  ./RTE/Device/STM32F401RETx/STCubeGenerated/Inc
  ./RTE/_Target_1
  C:/Users/admin/AppData/Local/Arm/Packs/ARM/CMSIS/5.9.0/CMSIS/Core/Include
  C:/Users/admin/AppData/Local/Arm/Packs/Keil/STM32F4xx_DFP/2.17.1/Drivers/CMSIS/Device/ST/STM32F4xx/Include
  C:/Users/admin/AppData/Local/Arm/Packs/Keil/STM32F4xx_DFP/2.17.1/Drivers/STM32F4xx_HAL_Driver/Inc

<h2>Collection of Component Files used:</h2>

   * Component: ::Device:STM32Cube Framework:1.0.0 (API)

   * Component: ARM::CMSIS:CORE:5.6.0

   * Component: Keil::Device:STM32Cube Framework:STM32CubeMX:1.1.0
      Include file:  MX_Device.h
      Include file:  STCubeGenerated/Inc/stm32f4xx_hal_conf.h
      Source file:   STCubeGenerated/Src/stm32f4xx_hal_msp.c

   * Component: Keil::Device:STM32Cube HAL:Common:1.8.1
      Include file:  Drivers/STM32F4xx_HAL_Driver/Inc/stm32f4xx_hal.h
      Source file:   Drivers/STM32F4xx_HAL_Driver/Src/stm32f4xx_hal.c

   * Component: Keil::Device:STM32Cube HAL:Cortex:1.8.1
      Source file:   Drivers/STM32F4xx_HAL_Driver/Src/stm32f4xx_hal_cortex.c

   * Component: Keil::Device:STM32Cube HAL:DMA:1.8.1
      Source file:   Drivers/STM32F4xx_HAL_Driver/Src/stm32f4xx_hal_dma.c
      Source file:   Drivers/STM32F4xx_HAL_Driver/Src/stm32f4xx_hal_dma_ex.c

   * Component: Keil::Device:STM32Cube HAL:GPIO:1.8.1
      Source file:   Drivers/STM32F4xx_HAL_Driver/Src/stm32f4xx_hal_gpio.c

   * Component: Keil::Device:STM32Cube HAL:I2C:1.8.1
      Source file:   Drivers/STM32F4xx_HAL_Driver/Src/stm32f4xx_hal_i2c.c
      Source file:   Drivers/STM32F4xx_HAL_Driver/Src/stm32f4xx_hal_i2c_ex.c

   * Component: Keil::Device:STM32Cube HAL:PWR:1.8.1
      Source file:   Drivers/STM32F4xx_HAL_Driver/Src/stm32f4xx_hal_pwr.c
      Source file:   Drivers/STM32F4xx_HAL_Driver/Src/stm32f4xx_hal_pwr_ex.c

   * Component: Keil::Device:STM32Cube HAL:RCC:1.8.1
      Source file:   Drivers/STM32F4xx_HAL_Driver/Src/stm32f4xx_hal_rcc.c
      Source file:   Drivers/STM32F4xx_HAL_Driver/Src/stm32f4xx_hal_rcc_ex.c

   * Component: Keil::Device:STM32Cube HAL:UART:1.8.1
      Source file:   Drivers/STM32F4xx_HAL_Driver/Src/stm32f4xx_hal_uart.c

   * Component: Keil::Device:Startup:2.6.3
      Source file:   MDK/Device/Source/ARM/STM32F401xx_OPT.s
      Source file:   MDK/Device/Source/ARM/STM32F4xx_OTP.s
      Include file:  Drivers/CMSIS/Device/ST/STM32F4xx/Include/stm32f4xx.h
      Source file:   Drivers/CMSIS/Device/ST/STM32F4xx/Source/Templates/arm/startup_stm32f401xe.s
      Source file:   Drivers/CMSIS/Device/ST/STM32F4xx/Source/Templates/system_stm32f4xx.c
Build Time Elapsed:  00:00:02
</pre>
</body>
</html>
