<html>
<body>
<pre>
<h1>µVision Build Log</h1>
<h2>Tool Versions:</h2>
IDE-Version: µVision V5.38.0.0
Copyright (C) 2022 ARM Ltd and ARM Germany GmbH. All rights reserved.
License Information: * *, *, LIC=03C6R-KHADB-FW82N-YT350-DCALZ-A9JW9
 
Tool Versions:
Toolchain:       MDK-ARM Plus  Version: 5.38.0.0
Toolchain Path:  C:\Keil_v5\ARM\ARMCLANG\Bin
C Compiler:      ArmClang.exe V6.19
Assembler:       Armasm.exe V6.19
Linker/Locator:  ArmLink.exe V6.19
Library Manager: ArmAr.exe V6.19
Hex Converter:   FromElf.exe V6.19
CPU DLL:         SARMCM3.DLL V5.38.0.0
Dialog DLL:      DCM.DLL V1.17.5.0
Target DLL:      STLink\ST-LINKIII-KEIL_SWO.dll V3.1.0.0
Dialog DLL:      TCM.DLL V1.56.4.0
 
<h2>Project:</h2>
Z:\STM32F401RETx\STM32F401RETx.uvprojx
Project File Date:  10/19/2025

<h2>Output:</h2>
*** Using Compiler 'V6.19', folder: 'C:\Keil_v5\ARM\ARMCLANG\Bin'
Rebuild target 'Target 1'
init_peripherials.c(1): warning: In file included from...
./init_peripherials.h(1): warning: In file included from...
./transmit_and_recieve_control.h(60): warning: no newline at end of file [-Wnewline-eof]
int32_t bmp180_get_pressure(void);
                                  ^
init_peripherials.c(1): warning: In file included from...
./init_peripherials.h(1): warning: In file included from...
./transmit_and_recieve_control.h(1): warning: In file included from...
./RTE/Device/STM32F401RETx/STCubeGenerated/Inc\main.h(30): warning: In file included from...
C:/Users/admin/AppData/Local/Arm/Packs/Keil/STM32F4xx_DFP/2.17.1/Drivers/STM32F4xx_HAL_Driver/Inc\stm32f4xx_hal.h(29): warning: In file included from...
./RTE/Device/STM32F401RETx/STCubeGenerated/Inc\stm32f4xx_hal_conf.h(411): warning: In file included from...
C:/Users/admin/AppData/Local/Arm/Packs/Keil/STM32F4xx_DFP/2.17.1/Drivers/STM32F4xx_HAL_Driver/Inc\stm32f4xx_hal_uart.h(182): warning: padding struct 'struct __UART_HandleTypeDef' with 1 byte to align 'ErrorCode' [-Wpadded]
  __IO uint32_t                 ErrorCode;        /*!< UART Error code                    */
                                ^
init_peripherials.c(1): warning: In file included from...
./init_peripherials.h(1): warning: In file included from...
./transmit_and_recieve_control.h(1): warning: In file included from...
./RTE/Device/STM32F401RETx/STCubeGenerated/Inc\main.h(30): warning: In file included from...
C:/Users/admin/AppData/Local/Arm/Packs/Keil/STM32F4xx_DFP/2.17.1/Drivers/STM32F4xx_HAL_Driver/Inc\stm32f4xx_hal.h(29): warning: In file included from...
./RTE/Device/STM32F401RETx/STCubeGenerated/Inc\stm32f4xx_hal_conf.h(287): warning: In file included from...
C:/Users/admin/AppData/Local/Arm/Packs/Keil/STM32F4xx_DFP/2.17.1/Drivers/STM32F4xx_HAL_Driver/Inc\stm32f4xx_hal_dma.h(148): warning: padding struct 'struct __DMA_HandleTypeDef' with 2 bytes to align 'Parent' [-Wpadded]
  void                       *Parent;                                                          /*!< Parent object state                    */ 
                              ^
init_peripherials.c(1): warning: In file included from...
./init_peripherials.h(1): warning: In file included from...
./transmit_and_recieve_control.h(1): warning: In file included from...
./RTE/Device/STM32F401RETx/STCubeGenerated/Inc\main.h(30): warning: In file included from...
C:/Users/admin/AppData/Local/Arm/Packs/Keil/STM32F4xx_DFP/2.17.1/Drivers/STM32F4xx_HAL_Driver/Inc\stm32f4xx_hal.h(29): warning: In file included from...
./RTE/Device/STM32F401RETx/STCubeGenerated/Inc\stm32f4xx_hal_conf.h(363): warning: In file included from...
C:/Users/admin/AppData/Local/Arm/Packs/Keil/STM32F4xx_DFP/2.17.1/Drivers/STM32F4xx_HAL_Driver/Inc\stm32f4xx_hal_i2c.h(215): warning: padding struct 'I2C_HandleTypeDef' with 1 byte to align 'ErrorCode' [-Wpadded]
  __IO uint32_t              ErrorCode;      /*!< I2C Error code                           */
                             ^
4 warnings generated.
compiling init_peripherials.c...
date.c(1): warning: In file included from...
./date.h(4): warning: In file included from...
./transmit_and_recieve_control.h(60): warning: no newline at end of file [-Wnewline-eof]
int32_t bmp180_get_pressure(void);
                                  ^
date.c(1): warning: In file included from...
./date.h(16): warning: no newline at end of file [-Wnewline-eof]
void rtc_get_time(void);
                        ^
date.c(7): warning: declaration shadows a variable in the global scope [-Wshadow]
    HAL_StatusTypeDef res;
                      ^
./date.h(11): note: previous declaration is here
extern HAL_StatusTypeDef res;
                         ^
date.c(8): warning: declaration shadows a variable in the global scope [-Wshadow]
    RTC_TimeTypeDef time;
                    ^
./date.h(7): note: previous declaration is here
extern RTC_TimeTypeDef time;
                       ^
date.c(9): warning: declaration shadows a variable in the global scope [-Wshadow]
    RTC_DateTypeDef date;
                    ^
./date.h(8): note: previous declaration is here
extern RTC_DateTypeDef date;
                       ^
date.c(1): warning: In file included from...
./date.h(4): warning: In file included from...
./transmit_and_recieve_control.h(1): warning: In file included from...
./RTE/Device/STM32F401RETx/STCubeGenerated/Inc\main.h(30): warning: In file included from...
C:/Users/admin/AppData/Local/Arm/Packs/Keil/STM32F4xx_DFP/2.17.1/Drivers/STM32F4xx_HAL_Driver/Inc\stm32f4xx_hal.h(29): warning: In file included from...
./RTE/Device/STM32F401RETx/STCubeGenerated/Inc\stm32f4xx_hal_conf.h(391): warning: In file included from...
C:/Users/admin/AppData/Local/Arm/Packs/Keil/STM32F4xx_DFP/2.17.1/Drivers/STM32F4xx_HAL_Driver/Inc\stm32f4xx_hal_rtc.h(165): warning: padding size of 'RTC_HandleTypeDef' with 2 bytes to alignment boundary [-Wpadded]
typedef struct
        ^
date.c(1): warning: In file included from...
./date.h(4): warning: In file included from...
./transmit_and_recieve_control.h(1): warning: In file included from...
./RTE/Device/STM32F401RETx/STCubeGenerated/Inc\main.h(30): warning: In file included from...
C:/Users/admin/AppData/Local/Arm/Packs/Keil/STM32F4xx_DFP/2.17.1/Drivers/STM32F4xx_HAL_Driver/Inc\stm32f4xx_hal.h(29): warning: In file included from...
./RTE/Device/STM32F401RETx/STCubeGenerated/Inc\stm32f4xx_hal_conf.h(411): warning: In file included from...
C:/Users/admin/AppData/Local/Arm/Packs/Keil/STM32F4xx_DFP/2.17.1/Drivers/STM32F4xx_HAL_Driver/Inc\stm32f4xx_hal_uart.h(182): warning: padding struct 'struct __UART_HandleTypeDef' with 1 byte to align 'ErrorCode' [-Wpadded]
  __IO uint32_t                 ErrorCode;        /*!< UART Error code                    */
                                ^
date.c(1): warning: In file included from...
./date.h(4): warning: In file included from...
./transmit_and_recieve_control.h(1): warning: In file included from...
./RTE/Device/STM32F401RETx/STCubeGenerated/Inc\main.h(30): warning: In file included from...
C:/Users/admin/AppData/Local/Arm/Packs/Keil/STM32F4xx_DFP/2.17.1/Drivers/STM32F4xx_HAL_Driver/Inc\stm32f4xx_hal.h(29): warning: In file included from...
./RTE/Device/STM32F401RETx/STCubeGenerated/Inc\stm32f4xx_hal_conf.h(287): warning: In file included from...
C:/Users/admin/AppData/Local/Arm/Packs/Keil/STM32F4xx_DFP/2.17.1/Drivers/STM32F4xx_HAL_Driver/Inc\stm32f4xx_hal_dma.h(148): warning: padding struct 'struct __DMA_HandleTypeDef' with 2 bytes to align 'Parent' [-Wpadded]
  void                       *Parent;                                                          /*!< Parent object state                    */ 
                              ^
date.c(43): warning: binary integer literals are a GNU extension [-Wgnu-binary-literal]
        lcd1602_transmit_command(0b10000000);
                                 ^
9 warnings generated.
compiling date.c...
transmit_and_recieve_control.c(1): warning: In file included from...
./transmit_and_recieve_control.h(60): warning: no newline at end of file [-Wnewline-eof]
int32_t bmp180_get_pressure(void);
                                  ^
transmit_and_recieve_control.c(1): warning: In file included from...
./transmit_and_recieve_control.h(1): warning: In file included from...
./RTE/Device/STM32F401RETx/STCubeGenerated/Inc\main.h(30): warning: In file included from...
C:/Users/admin/AppData/Local/Arm/Packs/Keil/STM32F4xx_DFP/2.17.1/Drivers/STM32F4xx_HAL_Driver/Inc\stm32f4xx_hal.h(29): warning: In file included from...
./RTE/Device/STM32F401RETx/STCubeGenerated/Inc\stm32f4xx_hal_conf.h(363): warning: In file included from...
C:/Users/admin/AppData/Local/Arm/Packs/Keil/STM32F4xx_DFP/2.17.1/Drivers/STM32F4xx_HAL_Driver/Inc\stm32f4xx_hal_i2c.h(215): warning: padding struct 'I2C_HandleTypeDef' with 1 byte to align 'ErrorCode' [-Wpadded]
  __IO uint32_t              ErrorCode;      /*!< I2C Error code                           */
                             ^
transmit_and_recieve_control.c(1): warning: In file included from...
./transmit_and_recieve_control.h(1): warning: In file included from...
./RTE/Device/STM32F401RETx/STCubeGenerated/Inc\main.h(30): warning: In file included from...
C:/Users/admin/AppData/Local/Arm/Packs/Keil/STM32F4xx_DFP/2.17.1/Drivers/STM32F4xx_HAL_Driver/Inc\stm32f4xx_hal.h(29): warning: In file included from...
./RTE/Device/STM32F401RETx/STCubeGenerated/Inc\stm32f4xx_hal_conf.h(287): warning: In file included from...
C:/Users/admin/AppData/Local/Arm/Packs/Keil/STM32F4xx_DFP/2.17.1/Drivers/STM32F4xx_HAL_Driver/Inc\stm32f4xx_hal_dma.h(148): warning: padding struct 'struct __DMA_HandleTypeDef' with 2 bytes to align 'Parent' [-Wpadded]
  void                       *Parent;                                                          /*!< Parent object state                    */ 
                              ^
transmit_and_recieve_control.c(25): warning: non-void function does not return a value [-Wreturn-type]
}
^
transmit_and_recieve_control.c(29): warning: non-void function does not return a value [-Wreturn-type]
}
^
transmit_and_recieve_control.c(1): warning: In file included from...
./transmit_and_recieve_control.h(1): warning: In file included from...
./RTE/Device/STM32F401RETx/STCubeGenerated/Inc\main.h(30): warning: In file included from...
C:/Users/admin/AppData/Local/Arm/Packs/Keil/STM32F4xx_DFP/2.17.1/Drivers/STM32F4xx_HAL_Driver/Inc\stm32f4xx_hal.h(29): warning: In file included from...
./RTE/Device/STM32F401RETx/STCubeGenerated/Inc\stm32f4xx_hal_conf.h(411): warning: In file included from...
C:/Users/admin/AppData/Local/Arm/Packs/Keil/STM32F4xx_DFP/2.17.1/Drivers/STM32F4xx_HAL_Driver/Inc\stm32f4xx_hal_uart.h(182): warning: padding struct 'struct __UART_HandleTypeDef' with 1 byte to align 'ErrorCode' [-Wpadded]
  __IO uint32_t                 ErrorCode;        /*!< UART Error code                    */
                                ^
transmit_and_recieve_control.c(33): warning: mixing declarations and code is incompatible with standards before C99 [-Wdeclaration-after-statement]
        int32_t UT = (temperature_buf[0] << 8) + temperature_buf[1];
                ^
transmit_and_recieve_control.c(55): warning: incompatible pointer types passing 'uint32_t *' (aka 'unsigned int *') to parameter of type 'uint8_t *' (aka 'unsigned char *') [-Wincompatible-pointer-types]
        HAL_I2C_Mem_Write(&hi2c1, bmp180_addr, 0xF4, 1, &pressure_cmd, sizeof(pressure_cmd), HAL_MAX_DELAY);
                                                        ^~~~~~~~~~~~~
C:/Users/admin/AppData/Local/Arm/Packs/Keil/STM32F4xx_DFP/2.17.1/Drivers/STM32F4xx_HAL_Driver/Inc\stm32f4xx_hal_i2c.h(570): note: passing argument to parameter 'pData' here
HAL_StatusTypeDef HAL_I2C_Mem_Write(I2C_HandleTypeDef *hi2c, uint16_t DevAddress, uint16_t MemAddress, uint16_t MemAddSize, uint8_t *pData, uint16_t Size, uint32_t Timeout);
                                                                                                                                     ^
transmit_and_recieve_control.c(69): warning: implicit conversion changes signedness: 'long' to 'unsigned long' [-Wsign-conversion]
        unsigned long B7 = ((unsigned long)UP - B3) * (50000UL >> OSS);
                                              ~ ^~
transmit_and_recieve_control.c(72): warning: implicit conversion changes signedness: 'unsigned long' to 'long' [-Wsign-conversion]
                        p = (B7 << 1) / B4;
                          ~ ~~~~~~~~~~^~~~
transmit_and_recieve_control.c(74): warning: implicit conversion changes signedness: 'unsigned long' to 'long' [-Wsign-conversion]
                        p = (B7 / B4) << 1;
                          ~ ~~~~~~~~~~^~~~
transmit_and_recieve_control.c(81): warning: implicit conversion from 'long' to 'float' may lose precision [-Wimplicit-int-float-conversion]
        if (p / 133.322f > MAX_PRESSURE) {
            ^ ~
transmit_and_recieve_control.c(85): warning: implicit conversion from 'long' to 'float' may lose precision [-Wimplicit-int-float-conversion]
        } else if (p / 133.322f < MIN_PRESSURE) {
                   ^ ~
transmit_and_recieve_control.c(92): warning: no newline at end of file [-Wnewline-eof]
}
 ^
transmit_and_recieve_control.c(58): warning: mixing declarations and code is incompatible with standards before C99 [-Wdeclaration-after-statement]
        long UP = (((long)pressure_buf[0] << 16) | ((long)pressure_buf[1] << 8) | (long)pressure_buf[2]) >> 8;
             ^
15 warnings generated.
compiling transmit_and_recieve_control.c...
RTE/Device/STM32F401RETx/STCubeGenerated/Src/main.c(24): warning: In file included from...
RTE/Device/STM32F401RETx/STCubeGenerated/Src/../../../../../init_peripherials.h(1): warning: In file included from...
./transmit_and_recieve_control.h(60): warning: no newline at end of file [-Wnewline-eof]
int32_t bmp180_get_pressure(void);
                                  ^
RTE/Device/STM32F401RETx/STCubeGenerated/Src/main.c(25): warning: In file included from...
RTE/Device/STM32F401RETx/STCubeGenerated/Src/../../../../../transmit_and_recieve_control.h(60): warning: no newline at end of file [-Wnewline-eof]
int32_t bmp180_get_pressure(void);
                                  ^
RTE/Device/STM32F401RETx/STCubeGenerated/Src/main.c(26): warning: In file included from...
RTE/Device/STM32F401RETx/STCubeGenerated/Src/../../../../../date.h(4): warning: In file included from...
./transmit_and_recieve_control.h(60): warning: no newline at end of file [-Wnewline-eof]
int32_t bmp180_get_pressure(void);
                                  ^
RTE/Device/STM32F401RETx/STCubeGenerated/Src/main.c(26): warning: In file included from...
RTE/Device/STM32F401RETx/STCubeGenerated/Src/../../../../../date.h(16): warning: no newline at end of file [-Wnewline-eof]
void rtc_get_time(void);
                        ^
RTE/Device/STM32F401RETx/STCubeGenerated/Src/main.c(20): warning: In file included from...
./RTE/Device/STM32F401RETx/STCubeGenerated/Inc\main.h(42): warning: padding struct 'Data' with 2 bytes to align 'Pressure' [-Wpadded]
        float Pressure;
              ^
./RTE/Device/STM32F401RETx/STCubeGenerated/Inc\main.h(40): warning: padding size of 'Data' with 2 bytes to alignment boundary [-Wpadded]
typedef struct {
        ^
RTE/Device/STM32F401RETx/STCubeGenerated/Src/main.c(66): warning: no previous extern declaration for non-static variable 'journal' [-Wmissing-variable-declarations]
Data journal[5] = {0};
     ^
RTE/Device/STM32F401RETx/STCubeGenerated/Src/main.c(66): note: declare 'static' if the variable is not intended to be used outside of this translation unit
Data journal[5] = {0};
^
RTE/Device/STM32F401RETx/STCubeGenerated/Src/main.c(67): warning: no previous extern declaration for non-static variable 'count' [-Wmissing-variable-declarations]
int count = 0;
    ^
RTE/Device/STM32F401RETx/STCubeGenerated/Src/main.c(67): note: declare 'static' if the variable is not intended to be used outside of this translation unit
int count = 0;
^
RTE/Device/STM32F401RETx/STCubeGenerated/Src/main.c(97): warning: no previous extern declaration for non-static variable 'temperature' [-Wmissing-variable-declarations]
int32_t temperature = 0;
        ^
RTE/Device/STM32F401RETx/STCubeGenerated/Src/main.c(97): note: declare 'static' if the variable is not intended to be used outside of this translation unit
int32_t temperature = 0;
^
RTE/Device/STM32F401RETx/STCubeGenerated/Src/main.c(98): warning: no previous extern declaration for non-static variable 'pressure' [-Wmissing-variable-declarations]
int32_t pressure = 0;
        ^
RTE/Device/STM32F401RETx/STCubeGenerated/Src/main.c(98): note: declare 'static' if the variable is not intended to be used outside of this translation unit
int32_t pressure = 0;
^
RTE/Device/STM32F401RETx/STCubeGenerated/Src/main.c(20): warning: In file included from...
./RTE/Device/STM32F401RETx/STCubeGenerated/Inc\main.h(30): warning: In file included from...
C:/Users/admin/AppData/Local/Arm/Packs/Keil/STM32F4xx_DFP/2.17.1/Drivers/STM32F4xx_HAL_Driver/Inc\stm32f4xx_hal.h(29): warning: In file included from...
./RTE/Device/STM32F401RETx/STCubeGenerated/Inc\stm32f4xx_hal_conf.h(363): warning: In file included from...
C:/Users/admin/AppData/Local/Arm/Packs/Keil/STM32F4xx_DFP/2.17.1/Drivers/STM32F4xx_HAL_Driver/Inc\stm32f4xx_hal_i2c.h(215): warning: padding struct 'I2C_HandleTypeDef' with 1 byte to align 'ErrorCode' [-Wpadded]
  __IO uint32_t              ErrorCode;      /*!< I2C Error code                           */
                             ^
RTE/Device/STM32F401RETx/STCubeGenerated/Src/main.c(125): warning: implicit conversion loses integer precision: 'int' to 'uint16_t' (aka 'unsigned short') [-Wimplicit-int-conversion]
                if(HAL_I2C_IsDeviceReady(&hi2c1, i << (uint16_t)1, 1, HAL_MAX_DELAY) == HAL_OK) {
                   ~~~~~~~~~~~~~~~~~~~~~         ~~^~~~~~~~~~~~~~
RTE/Device/STM32F401RETx/STCubeGenerated/Src/main.c(20): warning: In file included from...
./RTE/Device/STM32F401RETx/STCubeGenerated/Inc\main.h(30): warning: In file included from...
C:/Users/admin/AppData/Local/Arm/Packs/Keil/STM32F4xx_DFP/2.17.1/Drivers/STM32F4xx_HAL_Driver/Inc\stm32f4xx_hal.h(29): warning: In file included from...
./RTE/Device/STM32F401RETx/STCubeGenerated/Inc\stm32f4xx_hal_conf.h(411): warning: In file included from...
C:/Users/admin/AppData/Local/Arm/Packs/Keil/STM32F4xx_DFP/2.17.1/Drivers/STM32F4xx_HAL_Driver/Inc\stm32f4xx_hal_uart.h(182): warning: padding struct 'struct __UART_HandleTypeDef' with 1 byte to align 'ErrorCode' [-Wpadded]
  __IO uint32_t                 ErrorCode;        /*!< UART Error code                    */
                                ^
RTE/Device/STM32F401RETx/STCubeGenerated/Src/main.c(20): warning: In file included from...
./RTE/Device/STM32F401RETx/STCubeGenerated/Inc\main.h(30): warning: In file included from...
C:/Users/admin/AppData/Local/Arm/Packs/Keil/STM32F4xx_DFP/2.17.1/Drivers/STM32F4xx_HAL_Driver/Inc\stm32f4xx_hal.h(29): warning: In file included from...
./RTE/Device/STM32F401RETx/STCubeGenerated/Inc\stm32f4xx_hal_conf.h(287): warning: In file included from...
C:/Users/admin/AppData/Local/Arm/Packs/Keil/STM32F4xx_DFP/2.17.1/Drivers/STM32F4xx_HAL_Driver/Inc\stm32f4xx_hal_dma.h(148): warning: padding struct 'struct __DMA_HandleTypeDef' with 2 bytes to align 'Parent' [-Wpadded]
  void                       *Parent;                                                          /*!< Parent object state                    */ 
                              ^
RTE/Device/STM32F401RETx/STCubeGenerated/Src/main.c(20): warning: In file included from...
./RTE/Device/STM32F401RETx/STCubeGenerated/Inc\main.h(30): warning: In file included from...
C:/Users/admin/AppData/Local/Arm/Packs/Keil/STM32F4xx_DFP/2.17.1/Drivers/STM32F4xx_HAL_Driver/Inc\stm32f4xx_hal.h(29): warning: In file included from...
./RTE/Device/STM32F401RETx/STCubeGenerated/Inc\stm32f4xx_hal_conf.h(391): warning: In file included from...
C:/Users/admin/AppData/Local/Arm/Packs/Keil/STM32F4xx_DFP/2.17.1/Drivers/STM32F4xx_HAL_Driver/Inc\stm32f4xx_hal_rtc.h(165): warning: padding size of 'RTC_HandleTypeDef' with 2 bytes to alignment boundary [-Wpadded]
typedef struct
        ^
RTE/Device/STM32F401RETx/STCubeGenerated/Src/main.c(149): warning: no previous prototype for function 'init_rtc_once' [-Wmissing-prototypes]
void init_rtc_once(void)
     ^
RTE/Device/STM32F401RETx/STCubeGenerated/Src/main.c(149): note: declare 'static' if the function is not intended to be used outside of this translation unit
void init_rtc_once(void)
^
static 
RTE/Device/STM32F401RETx/STCubeGenerated/Src/main.c(206): warning: binary integer literals are a GNU extension [-Wgnu-binary-literal]
        lcd1602_transmit_command(0b10000000);
                                 ^
RTE/Device/STM32F401RETx/STCubeGenerated/Src/main.c(221): warning: '/*' within block comment [-Wcomment]
        lcd1602_send_string(msg_lcd);/*
                                     ^
RTE/Device/STM32F401RETx/STCubeGenerated/Src/main.c(229): warning: '/*' within block comment [-Wcomment]
  /* USER CODE END 2 */
  ^
RTE/Device/STM32F401RETx/STCubeGenerated/Src/main.c(245): warning: binary integer literals are a GNU extension [-Wgnu-binary-literal]
                lcd1602_transmit_command(0b10000000);
                                         ^
RTE/Device/STM32F401RETx/STCubeGenerated/Src/main.c(247): warning: binary integer literals are a GNU extension [-Wgnu-binary-literal]
                lcd1602_transmit_command(0b11000000);
                                         ^
RTE/Device/STM32F401RETx/STCubeGenerated/Src/main.c(257): warning: binary integer literals are a GNU extension [-Wgnu-binary-literal]
                lcd1602_transmit_command(0b10000000);
                                         ^
RTE/Device/STM32F401RETx/STCubeGenerated/Src/main.c(261): warning: implicit conversion increases floating-point precision: 'float' to 'double' [-Wdouble-promotion]
                sprintf(msg_lcd, "p = %.2f mmHg", pressure / 133.322f);
                ~~~~~~~                           ~~~~~~~~~^~~~~~~~~~
RTE/Device/STM32F401RETx/STCubeGenerated/Src/main.c(261): warning: implicit conversion from 'int32_t' (aka 'int') to 'float' may lose precision [-Wimplicit-int-float-conversion]
                sprintf(msg_lcd, "p = %.2f mmHg", pressure / 133.322f);
                                                  ^~~~~~~~ ~
RTE/Device/STM32F401RETx/STCubeGenerated/Src/main.c(262): warning: binary integer literals are a GNU extension [-Wgnu-binary-literal]
                lcd1602_transmit_command(0b10000000);
                                         ^
RTE/Device/STM32F401RETx/STCubeGenerated/Src/main.c(239): warning: mixing declarations and code is incompatible with standards before C99 [-Wdeclaration-after-statement]
                char buf[64];
                     ^
RTE/Device/STM32F401RETx/STCubeGenerated/Src/main.c(239): warning: unused variable 'buf' [-Wunused-variable]
RTE/Device/STM32F401RETx/STCubeGenerated/Src/main.c(241): warning: unused variable 'buf_lcd_second_line' [-Wunused-variable]
                char buf_lcd_second_line[64];
                     ^
RTE/Device/STM32F401RETx/STCubeGenerated/Src/main.c(540): warning: no newline at end of file [-Wnewline-eof]
#endif /* USE_FULL_ASSERT */
                            ^
RTE/Device/STM32F401RETx/STCubeGenerated/Src/main.c(516): warning: function 'Error_Handler' could be declared with attribute 'noreturn' [-Wmissing-noreturn]
{
^
30 warnings generated.
compiling main.c...
RTE/Device/STM32F401RETx/STCubeGenerated/Src/stm32f4xx_it.c(26): warning: In file included from...
RTE/Device/STM32F401RETx/STCubeGenerated/Src/../../../../../transmit_and_recieve_control.h(60): warning: no newline at end of file [-Wnewline-eof]
int32_t bmp180_get_pressure(void);
                                  ^
RTE/Device/STM32F401RETx/STCubeGenerated/Src/stm32f4xx_it.c(21): warning: In file included from...
./RTE/Device/STM32F401RETx/STCubeGenerated/Inc\main.h(42): warning: padding struct 'Data' with 2 bytes to align 'Pressure' [-Wpadded]
        float Pressure;
              ^
./RTE/Device/STM32F401RETx/STCubeGenerated/Inc\main.h(40): warning: padding size of 'Data' with 2 bytes to alignment boundary [-Wpadded]
typedef struct {
        ^
RTE/Device/STM32F401RETx/STCubeGenerated/Src/stm32f4xx_it.c(66): warning: no previous extern declaration for non-static variable 'message_count' [-Wmissing-variable-declarations]
char message_count[32] = {0};
     ^
RTE/Device/STM32F401RETx/STCubeGenerated/Src/stm32f4xx_it.c(66): note: declare 'static' if the variable is not intended to be used outside of this translation unit
char message_count[32] = {0};
^
RTE/Device/STM32F401RETx/STCubeGenerated/Src/stm32f4xx_it.c(95): warning: function 'NMI_Handler' could be declared with attribute 'noreturn' [-Wmissing-noreturn]
{
^
RTE/Device/STM32F401RETx/STCubeGenerated/Src/stm32f4xx_it.c(110): warning: function 'HardFault_Handler' could be declared with attribute 'noreturn' [-Wmissing-noreturn]
{
^
RTE/Device/STM32F401RETx/STCubeGenerated/Src/stm32f4xx_it.c(125): warning: function 'MemManage_Handler' could be declared with attribute 'noreturn' [-Wmissing-noreturn]
{
^
RTE/Device/STM32F401RETx/STCubeGenerated/Src/stm32f4xx_it.c(140): warning: function 'BusFault_Handler' could be declared with attribute 'noreturn' [-Wmissing-noreturn]
{
^
RTE/Device/STM32F401RETx/STCubeGenerated/Src/stm32f4xx_it.c(155): warning: function 'UsageFault_Handler' could be declared with attribute 'noreturn' [-Wmissing-noreturn]
{
^
RTE/Device/STM32F401RETx/STCubeGenerated/Src/stm32f4xx_it.c(21): warning: In file included from...
./RTE/Device/STM32F401RETx/STCubeGenerated/Inc\main.h(30): warning: In file included from...
C:/Users/admin/AppData/Local/Arm/Packs/Keil/STM32F4xx_DFP/2.17.1/Drivers/STM32F4xx_HAL_Driver/Inc\stm32f4xx_hal.h(29): warning: In file included from...
./RTE/Device/STM32F401RETx/STCubeGenerated/Inc\stm32f4xx_hal_conf.h(411): warning: In file included from...
C:/Users/admin/AppData/Local/Arm/Packs/Keil/STM32F4xx_DFP/2.17.1/Drivers/STM32F4xx_HAL_Driver/Inc\stm32f4xx_hal_uart.h(182): warning: padding struct 'struct __UART_HandleTypeDef' with 1 byte to align 'ErrorCode' [-Wpadded]
  __IO uint32_t                 ErrorCode;        /*!< UART Error code                    */
                                ^
RTE/Device/STM32F401RETx/STCubeGenerated/Src/stm32f4xx_it.c(290): warning: implicit conversion from 'int32_t' (aka 'int') to 'float' may lose precision [-Wimplicit-int-float-conversion]
        if ((temperature / 10.0 > MAX_TEMPERATURE || temperature / 10.0 < MIN_TEMPERATURE) || (pressure / 133.322f > MAX_PRESSURE || temperature / 133.322f < MIN_PRESSURE)) {
                                                                                                                                     ^~~~~~~~~~~ ~
RTE/Device/STM32F401RETx/STCubeGenerated/Src/stm32f4xx_it.c(290): warning: implicit conversion from 'int32_t' (aka 'int') to 'float' may lose precision [-Wimplicit-int-float-conversion]
        if ((temperature / 10.0 > MAX_TEMPERATURE || temperature / 10.0 < MIN_TEMPERATURE) || (pressure / 133.322f > MAX_PRESSURE || temperature / 133.322f < MIN_PRESSURE)) {
                                                                                               ^~~~~~~~ ~
RTE/Device/STM32F401RETx/STCubeGenerated/Src/stm32f4xx_it.c(291): warning: implicit conversion from 'int32_t' (aka 'int') to 'float' may lose precision [-Wimplicit-int-float-conversion]
                journal[count].Pressure = pressure / 133.322f;
                                          ^~~~~~~~ ~
RTE/Device/STM32F401RETx/STCubeGenerated/Src/stm32f4xx_it.c(292): warning: implicit conversion turns floating-point number into integer: 'double' to 'short' [-Wfloat-conversion]
                journal[count].Temperature = temperature / 10.0;
                                           ~ ~~~~~~~~~~~~^~~~~~
RTE/Device/STM32F401RETx/STCubeGenerated/Src/stm32f4xx_it.c(293): warning: implicit conversion increases floating-point precision: 'float' to 'double' [-Wdouble-promotion]
                snprintf(msg_data, sizeof(msg_data), "WARNING: the value of one of the measurements has been exceeded: %f, %f\r\n", temperature / 10.0, pressure / 133.322f);
                ~~~~~~~~                                                                                                                                ~~~~~~~~~^~~~~~~~~~
RTE/Device/STM32F401RETx/STCubeGenerated/Src/stm32f4xx_it.c(293): warning: implicit conversion from 'int32_t' (aka 'int') to 'float' may lose precision [-Wimplicit-int-float-conversion]
                snprintf(msg_data, sizeof(msg_data), "WARNING: the value of one of the measurements has been exceeded: %f, %f\r\n", temperature / 10.0, pressure / 133.322f);
                                                                                                                                                        ^~~~~~~~ ~
RTE/Device/STM32F401RETx/STCubeGenerated/Src/stm32f4xx_it.c(299): warning: implicit conversion increases floating-point precision: 'float' to 'double' [-Wdouble-promotion]
        snprintf(msg_data, sizeof(msg_data), "Current pressure is: %f\r\n", pressure / 133.322f);
        ~~~~~~~~                                                            ~~~~~~~~~^~~~~~~~~~
RTE/Device/STM32F401RETx/STCubeGenerated/Src/stm32f4xx_it.c(299): warning: implicit conversion from 'int32_t' (aka 'int') to 'float' may lose precision [-Wimplicit-int-float-conversion]
        snprintf(msg_data, sizeof(msg_data), "Current pressure is: %f\r\n", pressure / 133.322f);
                                                                            ^~~~~~~~ ~
RTE/Device/STM32F401RETx/STCubeGenerated/Src/stm32f4xx_it.c(286): warning: mixing declarations and code is incompatible with standards before C99 [-Wdeclaration-after-statement]
        char msg_data[50] = {0};
             ^
RTE/Device/STM32F401RETx/STCubeGenerated/Src/stm32f4xx_it.c(21): warning: In file included from...
./RTE/Device/STM32F401RETx/STCubeGenerated/Inc\main.h(30): warning: In file included from...
C:/Users/admin/AppData/Local/Arm/Packs/Keil/STM32F4xx_DFP/2.17.1/Drivers/STM32F4xx_HAL_Driver/Inc\stm32f4xx_hal.h(29): warning: In file included from...
./RTE/Device/STM32F401RETx/STCubeGenerated/Inc\stm32f4xx_hal_conf.h(287): warning: In file included from...
C:/Users/admin/AppData/Local/Arm/Packs/Keil/STM32F4xx_DFP/2.17.1/Drivers/STM32F4xx_HAL_Driver/Inc\stm32f4xx_hal_dma.h(148): warning: padding struct 'struct __DMA_HandleTypeDef' with 2 bytes to align 'Parent' [-Wpadded]
  void                       *Parent;                                                          /*!< Parent object state                    */ 
                              ^
20 warnings generated.
compiling stm32f4xx_it.c...
//VBoxSvr/vs_out/STM32F401RETx/RTE/Device/STM32F401RETx/STCubeGenerated/Src/stm32f4xx_hal_msp.c(22): warning: In file included from...
./RTE/Device/STM32F401RETx/STCubeGenerated/Inc\main.h(30): warning: In file included from...
C:/Users/admin/AppData/Local/Arm/Packs/Keil/STM32F4xx_DFP/2.17.1/Drivers/STM32F4xx_HAL_Driver/Inc\stm32f4xx_hal.h(29): warning: In file included from...
./RTE/Device/STM32F401RETx/STCubeGenerated/Inc\stm32f4xx_hal_conf.h(363): warning: In file included from...
C:/Users/admin/AppData/Local/Arm/Packs/Keil/STM32F4xx_DFP/2.17.1/Drivers/STM32F4xx_HAL_Driver/Inc\stm32f4xx_hal_i2c.h(215): warning: padding struct 'I2C_HandleTypeDef' with 1 byte to align 'ErrorCode' [-Wpadded]
  __IO uint32_t              ErrorCode;      /*!< I2C Error code                           */
                             ^
//VBoxSvr/vs_out/STM32F401RETx/RTE/Device/STM32F401RETx/STCubeGenerated/Src/stm32f4xx_hal_msp.c(22): warning: In file included from...
./RTE/Device/STM32F401RETx/STCubeGenerated/Inc\main.h(30): warning: In file included from...
C:/Users/admin/AppData/Local/Arm/Packs/Keil/STM32F4xx_DFP/2.17.1/Drivers/STM32F4xx_HAL_Driver/Inc\stm32f4xx_hal.h(29): warning: In file included from...
./RTE/Device/STM32F401RETx/STCubeGenerated/Inc\stm32f4xx_hal_conf.h(287): warning: In file included from...
C:/Users/admin/AppData/Local/Arm/Packs/Keil/STM32F4xx_DFP/2.17.1/Drivers/STM32F4xx_HAL_Driver/Inc\stm32f4xx_hal_dma.h(148): warning: padding struct 'struct __DMA_HandleTypeDef' with 2 bytes to align 'Parent' [-Wpadded]
  void                       *Parent;                                                          /*!< Parent object state                    */ 
                              ^
//VBoxSvr/vs_out/STM32F401RETx/RTE/Device/STM32F401RETx/STCubeGenerated/Src/stm32f4xx_hal_msp.c(22): warning: In file included from...
./RTE/Device/STM32F401RETx/STCubeGenerated/Inc\main.h(30): warning: In file included from...
C:/Users/admin/AppData/Local/Arm/Packs/Keil/STM32F4xx_DFP/2.17.1/Drivers/STM32F4xx_HAL_Driver/Inc\stm32f4xx_hal.h(29): warning: In file included from...
./RTE/Device/STM32F401RETx/STCubeGenerated/Inc\stm32f4xx_hal_conf.h(275): warning: In file included from...
C:/Users/admin/AppData/Local/Arm/Packs/Keil/STM32F4xx_DFP/2.17.1/Drivers/STM32F4xx_HAL_Driver/Inc\stm32f4xx_hal_rcc.h(31): warning: In file included from...
C:/Users/admin/AppData/Local/Arm/Packs/Keil/STM32F4xx_DFP/2.17.1/Drivers/STM32F4xx_HAL_Driver/Inc/stm32f4xx_hal_rcc_ex.h(403): warning: padding size of 'RCC_PeriphCLKInitTypeDef' with 3 bytes to alignment boundary [-Wpadded]
typedef struct
        ^
//VBoxSvr/vs_out/STM32F401RETx/RTE/Device/STM32F401RETx/STCubeGenerated/Src/stm32f4xx_hal_msp.c(22): warning: In file included from...
./RTE/Device/STM32F401RETx/STCubeGenerated/Inc\main.h(30): warning: In file included from...
C:/Users/admin/AppData/Local/Arm/Packs/Keil/STM32F4xx_DFP/2.17.1/Drivers/STM32F4xx_HAL_Driver/Inc\stm32f4xx_hal.h(29): warning: In file included from...
./RTE/Device/STM32F401RETx/STCubeGenerated/Inc\stm32f4xx_hal_conf.h(391): warning: In file included from...
C:/Users/admin/AppData/Local/Arm/Packs/Keil/STM32F4xx_DFP/2.17.1/Drivers/STM32F4xx_HAL_Driver/Inc\stm32f4xx_hal_rtc.h(165): warning: padding size of 'RTC_HandleTypeDef' with 2 bytes to alignment boundary [-Wpadded]
typedef struct
        ^
//VBoxSvr/vs_out/STM32F401RETx/RTE/Device/STM32F401RETx/STCubeGenerated/Src/stm32f4xx_hal_msp.c(22): warning: In file included from...
./RTE/Device/STM32F401RETx/STCubeGenerated/Inc\main.h(30): warning: In file included from...
C:/Users/admin/AppData/Local/Arm/Packs/Keil/STM32F4xx_DFP/2.17.1/Drivers/STM32F4xx_HAL_Driver/Inc\stm32f4xx_hal.h(29): warning: In file included from...
./RTE/Device/STM32F401RETx/STCubeGenerated/Inc\stm32f4xx_hal_conf.h(411): warning: In file included from...
C:/Users/admin/AppData/Local/Arm/Packs/Keil/STM32F4xx_DFP/2.17.1/Drivers/STM32F4xx_HAL_Driver/Inc\stm32f4xx_hal_uart.h(182): warning: padding struct 'struct __UART_HandleTypeDef' with 1 byte to align 'ErrorCode' [-Wpadded]
  __IO uint32_t                 ErrorCode;        /*!< UART Error code                    */
                                ^
5 warnings generated.
compiling stm32f4xx_hal_msp.c...
compiling stm32f4xx_hal.c...
C:/Users/admin/AppData/Local/Arm/Packs/Keil/STM32F4xx_DFP/2.17.1/Drivers/STM32F4xx_HAL_Driver/Src/stm32f4xx_hal_cortex.c(215): warning: function 'HAL_NVIC_SystemReset' could be declared with attribute 'noreturn' [-Wmissing-noreturn]
{
^
C:/Users/admin/AppData/Local/Arm/Packs/Keil/STM32F4xx_DFP/2.17.1/Drivers/STM32F4xx_HAL_Driver/Src/stm32f4xx_hal_cortex.c(81): warning: In file included from...
C:/Users/admin/AppData/Local/Arm/Packs/Keil/STM32F4xx_DFP/2.17.1/Drivers/STM32F4xx_HAL_Driver/Inc\stm32f4xx_hal.h(29): warning: In file included from...
./RTE/Device/STM32F401RETx/STCubeGenerated/Inc\stm32f4xx_hal_conf.h(291): warning: In file included from...
C:/Users/admin/AppData/Local/Arm/Packs/Keil/STM32F4xx_DFP/2.17.1/Drivers/STM32F4xx_HAL_Driver/Inc\stm32f4xx_hal_cortex.h(52): warning: padding struct 'MPU_Region_InitTypeDef' with 2 bytes to align 'BaseAddress' [-Wpadded]
  uint32_t               BaseAddress;           /*!< Specifies the base address of the region to protect.                           */
                         ^
2 warnings generated.
compiling stm32f4xx_hal_cortex.c...
C:/Users/admin/AppData/Local/Arm/Packs/Keil/STM32F4xx_DFP/2.17.1/Drivers/STM32F4xx_HAL_Driver/Src/stm32f4xx_hal_dma_ex.c(39): warning: In file included from...
C:/Users/admin/AppData/Local/Arm/Packs/Keil/STM32F4xx_DFP/2.17.1/Drivers/STM32F4xx_HAL_Driver/Inc\stm32f4xx_hal.h(29): warning: In file included from...
./RTE/Device/STM32F401RETx/STCubeGenerated/Inc\stm32f4xx_hal_conf.h(287): warning: In file included from...
C:/Users/admin/AppData/Local/Arm/Packs/Keil/STM32F4xx_DFP/2.17.1/Drivers/STM32F4xx_HAL_Driver/Inc\stm32f4xx_hal_dma.h(148): warning: padding struct 'struct __DMA_HandleTypeDef' with 2 bytes to align 'Parent' [-Wpadded]
  void                       *Parent;                                                          /*!< Parent object state                    */ 
                              ^
1 warning generated.
compiling stm32f4xx_hal_dma_ex.c...
C:/Users/admin/AppData/Local/Arm/Packs/Keil/STM32F4xx_DFP/2.17.1/Drivers/STM32F4xx_HAL_Driver/Src/stm32f4xx_hal_dma.c(97): warning: In file included from...
C:/Users/admin/AppData/Local/Arm/Packs/Keil/STM32F4xx_DFP/2.17.1/Drivers/STM32F4xx_HAL_Driver/Inc\stm32f4xx_hal.h(29): warning: In file included from...
./RTE/Device/STM32F401RETx/STCubeGenerated/Inc\stm32f4xx_hal_conf.h(287): warning: In file included from...
C:/Users/admin/AppData/Local/Arm/Packs/Keil/STM32F4xx_DFP/2.17.1/Drivers/STM32F4xx_HAL_Driver/Inc\stm32f4xx_hal_dma.h(148): warning: padding struct 'struct __DMA_HandleTypeDef' with 2 bytes to align 'Parent' [-Wpadded]
  void                       *Parent;                                                          /*!< Parent object state                    */ 
                              ^
C:/Users/admin/AppData/Local/Arm/Packs/Keil/STM32F4xx_DFP/2.17.1/Drivers/STM32F4xx_HAL_Driver/Src/stm32f4xx_hal_dma.c(289): warning: cast from function call of type 'uint32_t' (aka 'unsigned int') to non-matching type 'DMA_Base_Registers *' [-Wbad-function-cast]
  regs = (DMA_Base_Registers *)DMA_CalcBaseAndBitshift(hdma);
                               ^~~~~~~~~~~~~~~~~~~~~~~~~~~~~
C:/Users/admin/AppData/Local/Arm/Packs/Keil/STM32F4xx_DFP/2.17.1/Drivers/STM32F4xx_HAL_Driver/Src/stm32f4xx_hal_dma.c(351): warning: cast from function call of type 'uint32_t' (aka 'unsigned int') to non-matching type 'DMA_Base_Registers *' [-Wbad-function-cast]
  regs = (DMA_Base_Registers *)DMA_CalcBaseAndBitshift(hdma);
                               ^~~~~~~~~~~~~~~~~~~~~~~~~~~~~
C:/Users/admin/AppData/Local/Arm/Packs/Keil/STM32F4xx_DFP/2.17.1/Drivers/STM32F4xx_HAL_Driver/Src/stm32f4xx_hal_dma.c(977): warning: enumeration value 'HAL_DMA_XFER_ALL_CB_ID' not explicitly handled in switch [-Wswitch-enum]
    switch (CallbackID)
            ^~~~~~~~~~
C:/Users/admin/AppData/Local/Arm/Packs/Keil/STM32F4xx_DFP/2.17.1/Drivers/STM32F4xx_HAL_Driver/Src/stm32f4xx_hal_dma.c(1073): warning: default label in switch which covers all enumeration values [-Wcovered-switch-default]
    default:
    ^
5 warnings generated.
compiling stm32f4xx_hal_dma.c...
compiling stm32f4xx_hal_gpio.c...
C:/Users/admin/AppData/Local/Arm/Packs/Keil/STM32F4xx_DFP/2.17.1/Drivers/STM32F4xx_HAL_Driver/Src/stm32f4xx_hal_i2c_ex.c(42): warning: In file included from...
C:/Users/admin/AppData/Local/Arm/Packs/Keil/STM32F4xx_DFP/2.17.1/Drivers/STM32F4xx_HAL_Driver/Inc\stm32f4xx_hal.h(29): warning: In file included from...
./RTE/Device/STM32F401RETx/STCubeGenerated/Inc\stm32f4xx_hal_conf.h(363): warning: In file included from...
C:/Users/admin/AppData/Local/Arm/Packs/Keil/STM32F4xx_DFP/2.17.1/Drivers/STM32F4xx_HAL_Driver/Inc\stm32f4xx_hal_i2c.h(215): warning: padding struct 'I2C_HandleTypeDef' with 1 byte to align 'ErrorCode' [-Wpadded]
  __IO uint32_t              ErrorCode;      /*!< I2C Error code                           */
                             ^
C:/Users/admin/AppData/Local/Arm/Packs/Keil/STM32F4xx_DFP/2.17.1/Drivers/STM32F4xx_HAL_Driver/Src/stm32f4xx_hal_i2c_ex.c(42): warning: In file included from...
C:/Users/admin/AppData/Local/Arm/Packs/Keil/STM32F4xx_DFP/2.17.1/Drivers/STM32F4xx_HAL_Driver/Inc\stm32f4xx_hal.h(29): warning: In file included from...
./RTE/Device/STM32F401RETx/STCubeGenerated/Inc\stm32f4xx_hal_conf.h(287): warning: In file included from...
C:/Users/admin/AppData/Local/Arm/Packs/Keil/STM32F4xx_DFP/2.17.1/Drivers/STM32F4xx_HAL_Driver/Inc\stm32f4xx_hal_dma.h(148): warning: padding struct 'struct __DMA_HandleTypeDef' with 2 bytes to align 'Parent' [-Wpadded]
  void                       *Parent;                                                          /*!< Parent object state                    */ 
                              ^
C:/Users/admin/AppData/Local/Arm/Packs/Keil/STM32F4xx_DFP/2.17.1/Drivers/STM32F4xx_HAL_Driver/Src/stm32f4xx_hal_i2c_ex.c(142): warning: implicit conversion loses integer precision: 'volatile uint32_t' (aka 'volatile unsigned int') to 'uint16_t' (aka 'unsigned short') [-Wimplicit-int-conversion]
    tmpreg = hi2c->Instance->FLTR;
           ~ ~~~~~~~~~~~~~~~~^~~~
3 warnings generated.
compiling stm32f4xx_hal_i2c_ex.c...
C:/Users/admin/AppData/Local/Arm/Packs/Keil/STM32F4xx_DFP/2.17.1/Drivers/STM32F4xx_HAL_Driver/Src/stm32f4xx_hal_pwr.c(379): warning: unused parameter 'Regulator' [-Wunused-parameter]
void HAL_PWR_EnterSLEEPMode(uint32_t Regulator, uint8_t SLEEPEntry)
                                     ^
1 warning generated.
compiling stm32f4xx_hal_pwr.c...
compiling stm32f4xx_hal_pwr_ex.c...
C:/Users/admin/AppData/Local/Arm/Packs/Keil/STM32F4xx_DFP/2.17.1/Drivers/STM32F4xx_HAL_Driver/Src/stm32f4xx_hal_i2c.c(301): warning: In file included from...
C:/Users/admin/AppData/Local/Arm/Packs/Keil/STM32F4xx_DFP/2.17.1/Drivers/STM32F4xx_HAL_Driver/Inc\stm32f4xx_hal.h(29): warning: In file included from...
./RTE/Device/STM32F401RETx/STCubeGenerated/Inc\stm32f4xx_hal_conf.h(363): warning: In file included from...
C:/Users/admin/AppData/Local/Arm/Packs/Keil/STM32F4xx_DFP/2.17.1/Drivers/STM32F4xx_HAL_Driver/Inc\stm32f4xx_hal_i2c.h(215): warning: padding struct 'I2C_HandleTypeDef' with 1 byte to align 'ErrorCode' [-Wpadded]
  __IO uint32_t              ErrorCode;      /*!< I2C Error code                           */
                             ^
C:/Users/admin/AppData/Local/Arm/Packs/Keil/STM32F4xx_DFP/2.17.1/Drivers/STM32F4xx_HAL_Driver/Src/stm32f4xx_hal_i2c.c(301): warning: In file included from...
C:/Users/admin/AppData/Local/Arm/Packs/Keil/STM32F4xx_DFP/2.17.1/Drivers/STM32F4xx_HAL_Driver/Inc\stm32f4xx_hal.h(29): warning: In file included from...
./RTE/Device/STM32F401RETx/STCubeGenerated/Inc\stm32f4xx_hal_conf.h(287): warning: In file included from...
C:/Users/admin/AppData/Local/Arm/Packs/Keil/STM32F4xx_DFP/2.17.1/Drivers/STM32F4xx_HAL_Driver/Inc\stm32f4xx_hal_dma.h(148): warning: padding struct 'struct __DMA_HandleTypeDef' with 2 bytes to align 'Parent' [-Wpadded]
  void                       *Parent;                                                          /*!< Parent object state                    */ 
                              ^
2 warnings generated.
compiling stm32f4xx_hal_i2c.c...
compiling stm32f4xx_hal_rcc.c...
C:/Users/admin/AppData/Local/Arm/Packs/Keil/STM32F4xx_DFP/2.17.1/Drivers/STM32F4xx_HAL_Driver/Src/stm32f4xx_hal_rcc_ex.c(23): warning: In file included from...
C:/Users/admin/AppData/Local/Arm/Packs/Keil/STM32F4xx_DFP/2.17.1/Drivers/STM32F4xx_HAL_Driver/Inc\stm32f4xx_hal.h(29): warning: In file included from...
./RTE/Device/STM32F401RETx/STCubeGenerated/Inc\stm32f4xx_hal_conf.h(275): warning: In file included from...
C:/Users/admin/AppData/Local/Arm/Packs/Keil/STM32F4xx_DFP/2.17.1/Drivers/STM32F4xx_HAL_Driver/Inc\stm32f4xx_hal_rcc.h(31): warning: In file included from...
C:/Users/admin/AppData/Local/Arm/Packs/Keil/STM32F4xx_DFP/2.17.1/Drivers/STM32F4xx_HAL_Driver/Inc/stm32f4xx_hal_rcc_ex.h(403): warning: padding size of 'RCC_PeriphCLKInitTypeDef' with 3 bytes to alignment boundary [-Wpadded]
typedef struct
        ^
1 warning generated.
compiling stm32f4xx_hal_rcc_ex.c...
C:/Users/admin/AppData/Local/Arm/Packs/Keil/STM32F4xx_DFP/2.17.1/Drivers/STM32F4xx_HAL_Driver/Src/stm32f4xx_hal_rtc.c(185): warning: In file included from...
C:/Users/admin/AppData/Local/Arm/Packs/Keil/STM32F4xx_DFP/2.17.1/Drivers/STM32F4xx_HAL_Driver/Inc\stm32f4xx_hal.h(29): warning: In file included from...
./RTE/Device/STM32F401RETx/STCubeGenerated/Inc\stm32f4xx_hal_conf.h(391): warning: In file included from...
C:/Users/admin/AppData/Local/Arm/Packs/Keil/STM32F4xx_DFP/2.17.1/Drivers/STM32F4xx_HAL_Driver/Inc\stm32f4xx_hal_rtc.h(165): warning: padding size of 'RTC_HandleTypeDef' with 2 bytes to alignment boundary [-Wpadded]
typedef struct
        ^
C:/Users/admin/AppData/Local/Arm/Packs/Keil/STM32F4xx_DFP/2.17.1/Drivers/STM32F4xx_HAL_Driver/Inc\stm32f4xx_hal_rtc.h(155): warning: padding struct 'RTC_AlarmTypeDef' with 3 bytes to align 'Alarm' [-Wpadded]
  uint32_t Alarm;                /*!< Specifies the alarm .
           ^
2 warnings generated.
compiling stm32f4xx_hal_rtc.c...
C:/Users/admin/AppData/Local/Arm/Packs/Keil/STM32F4xx_DFP/2.17.1/Drivers/STM32F4xx_HAL_Driver/Src/stm32f4xx_hal_rtc_ex.c(126): warning: In file included from...
C:/Users/admin/AppData/Local/Arm/Packs/Keil/STM32F4xx_DFP/2.17.1/Drivers/STM32F4xx_HAL_Driver/Inc\stm32f4xx_hal.h(29): warning: In file included from...
./RTE/Device/STM32F401RETx/STCubeGenerated/Inc\stm32f4xx_hal_conf.h(391): warning: In file included from...
C:/Users/admin/AppData/Local/Arm/Packs/Keil/STM32F4xx_DFP/2.17.1/Drivers/STM32F4xx_HAL_Driver/Inc\stm32f4xx_hal_rtc.h(165): warning: padding size of 'RTC_HandleTypeDef' with 2 bytes to alignment boundary [-Wpadded]
typedef struct
        ^
1 warning generated.
compiling stm32f4xx_hal_rtc_ex.c...
compiling system_stm32f4xx.c...
assembling startup_stm32f401xe.s...
C:/Users/admin/AppData/Local/Arm/Packs/Keil/STM32F4xx_DFP/2.17.1/Drivers/STM32F4xx_HAL_Driver/Src/stm32f4xx_hal_uart.c(258): warning: In file included from...
C:/Users/admin/AppData/Local/Arm/Packs/Keil/STM32F4xx_DFP/2.17.1/Drivers/STM32F4xx_HAL_Driver/Inc\stm32f4xx_hal.h(29): warning: In file included from...
./RTE/Device/STM32F401RETx/STCubeGenerated/Inc\stm32f4xx_hal_conf.h(411): warning: In file included from...
C:/Users/admin/AppData/Local/Arm/Packs/Keil/STM32F4xx_DFP/2.17.1/Drivers/STM32F4xx_HAL_Driver/Inc\stm32f4xx_hal_uart.h(182): warning: padding struct 'struct __UART_HandleTypeDef' with 1 byte to align 'ErrorCode' [-Wpadded]
  __IO uint32_t                 ErrorCode;        /*!< UART Error code                    */
                                ^
C:/Users/admin/AppData/Local/Arm/Packs/Keil/STM32F4xx_DFP/2.17.1/Drivers/STM32F4xx_HAL_Driver/Src/stm32f4xx_hal_uart.c(258): warning: In file included from...
C:/Users/admin/AppData/Local/Arm/Packs/Keil/STM32F4xx_DFP/2.17.1/Drivers/STM32F4xx_HAL_Driver/Inc\stm32f4xx_hal.h(29): warning: In file included from...
./RTE/Device/STM32F401RETx/STCubeGenerated/Inc\stm32f4xx_hal_conf.h(287): warning: In file included from...
C:/Users/admin/AppData/Local/Arm/Packs/Keil/STM32F4xx_DFP/2.17.1/Drivers/STM32F4xx_HAL_Driver/Inc\stm32f4xx_hal_dma.h(148): warning: padding struct 'struct __DMA_HandleTypeDef' with 2 bytes to align 'Parent' [-Wpadded]
  void                       *Parent;                                                          /*!< Parent object state                    */ 
                              ^
C:/Users/admin/AppData/Local/Arm/Packs/Keil/STM32F4xx_DFP/2.17.1/Drivers/STM32F4xx_HAL_Driver/Src/stm32f4xx_hal_uart.c(1166): warning: cast from 'const uint8_t *' (aka 'const unsigned char *') to 'const uint16_t *' (aka 'const unsigned short *') increases required alignment from 1 to 2 [-Wcast-align]
      pdata16bits = (const uint16_t *) pData;
                    ^~~~~~~~~~~~~~~~~~~~~~~~
C:/Users/admin/AppData/Local/Arm/Packs/Keil/STM32F4xx_DFP/2.17.1/Drivers/STM32F4xx_HAL_Driver/Src/stm32f4xx_hal_uart.c(1255): warning: cast from 'uint8_t *' (aka 'unsigned char *') to 'uint16_t *' (aka 'unsigned short *') increases required alignment from 1 to 2 [-Wcast-align]
      pdata16bits = (uint16_t *) pData;
                    ^~~~~~~~~~~~~~~~~~
C:/Users/admin/AppData/Local/Arm/Packs/Keil/STM32F4xx_DFP/2.17.1/Drivers/STM32F4xx_HAL_Driver/Src/stm32f4xx_hal_uart.c(1655): warning: cast from 'uint8_t *' (aka 'unsigned char *') to 'uint16_t *' (aka 'unsigned short *') increases required alignment from 1 to 2 [-Wcast-align]
      pdata16bits = (uint16_t *) pData;
                    ^~~~~~~~~~~~~~~~~~
C:/Users/admin/AppData/Local/Arm/Packs/Keil/STM32F4xx_DFP/2.17.1/Drivers/STM32F4xx_HAL_Driver/Src/stm32f4xx_hal_uart.c(3521): warning: cast from 'const uint8_t *' (aka 'const unsigned char *') to 'const uint16_t *' (aka 'const unsigned short *') increases required alignment from 1 to 2 [-Wcast-align]
      tmp = (const uint16_t *) huart->pTxBuffPtr;
            ^~~~~~~~~~~~~~~~~~~~~~~~~~~~~~~~~~~~
C:/Users/admin/AppData/Local/Arm/Packs/Keil/STM32F4xx_DFP/2.17.1/Drivers/STM32F4xx_HAL_Driver/Src/stm32f4xx_hal_uart.c(3588): warning: cast from 'uint8_t *' (aka 'unsigned char *') to 'uint16_t *' (aka 'unsigned short *') increases required alignment from 1 to 2 [-Wcast-align]
      pdata16bits = (uint16_t *) huart->pRxBuffPtr;
                    ^~~~~~~~~~~~~~~~~~~~~~~~~~~~~~
7 warnings generated.
compiling stm32f4xx_hal_uart.c...
linking...
Program Size: Code=25252 RO-data=1356 RW-data=16 ZI-data=1952  
FromELF: creating hex file...
".\Objects\STM32F401RETx.axf" - 0 Error(s), 108 Warning(s).

<h2>Software Packages used:</h2>

Package Vendor: ARM
                http://www.keil.com/pack/ARM.CMSIS.5.9.0.pack
                ARM.CMSIS.5.9.0
                CMSIS (Common Microcontroller Software Interface Standard)
   * Component: CORE Version: 5.6.0

Package Vendor: Keil
                project-path/Keil.FrameworkCubeMX.1.0.0.pack
                Keil.FrameworkCubeMX.1.0.0
                STM32CubeMX generated pack description
   * Component: STM32CubeMX Version: 1.1.0

Package Vendor: Keil
                https://www.keil.com/pack/Keil.STM32F4xx_DFP.2.17.1.pack
                Keil.STM32F4xx_DFP.2.17.1
                STMicroelectronics STM32F4 Series Device Support, Drivers and Examples
   * Component: STM32Cube Framework Version: 1.0.0
   * Component: Common Version: 1.8.1
   * Component: Cortex Version: 1.8.1
   * Component: DMA Version: 1.8.1
   * Component: GPIO Version: 1.8.1
   * Component: I2C Version: 1.8.1
   * Component: PWR Version: 1.8.1
   * Component: RCC Version: 1.8.1
   * Component: RTC Version: 1.8.1
   * Component: UART Version: 1.8.1
   * Component: Startup Version: 2.6.3

<h2>Collection of Component include folders:</h2>
  ./RTE/Device/STM32F401RETx
  ./RTE/Device/STM32F401RETx/STCubeGenerated
  ./RTE/Device/STM32F401RETx/STCubeGenerated/Inc
  ./RTE/_Target_1
  C:/Users/admin/AppData/Local/Arm/Packs/ARM/CMSIS/5.9.0/CMSIS/Core/Include
  C:/Users/admin/AppData/Local/Arm/Packs/Keil/STM32F4xx_DFP/2.17.1/Drivers/CMSIS/Device/ST/STM32F4xx/Include
  C:/Users/admin/AppData/Local/Arm/Packs/Keil/STM32F4xx_DFP/2.17.1/Drivers/STM32F4xx_HAL_Driver/Inc

<h2>Collection of Component Files used:</h2>

   * Component: ::Device:STM32Cube Framework:1.0.0 (API)

   * Component: ARM::CMSIS:CORE:5.6.0

   * Component: Keil::Device:STM32Cube Framework:STM32CubeMX:1.1.0
      Include file:  MX_Device.h
      Include file:  STCubeGenerated/Inc/stm32f4xx_hal_conf.h
      Source file:   STCubeGenerated/Src/stm32f4xx_hal_msp.c

   * Component: Keil::Device:STM32Cube HAL:Common:1.8.1
      Include file:  Drivers/STM32F4xx_HAL_Driver/Inc/stm32f4xx_hal.h
      Source file:   Drivers/STM32F4xx_HAL_Driver/Src/stm32f4xx_hal.c

   * Component: Keil::Device:STM32Cube HAL:Cortex:1.8.1
      Source file:   Drivers/STM32F4xx_HAL_Driver/Src/stm32f4xx_hal_cortex.c

   * Component: Keil::Device:STM32Cube HAL:DMA:1.8.1
      Source file:   Drivers/STM32F4xx_HAL_Driver/Src/stm32f4xx_hal_dma.c
      Source file:   Drivers/STM32F4xx_HAL_Driver/Src/stm32f4xx_hal_dma_ex.c

   * Component: Keil::Device:STM32Cube HAL:GPIO:1.8.1
      Source file:   Drivers/STM32F4xx_HAL_Driver/Src/stm32f4xx_hal_gpio.c

   * Component: Keil::Device:STM32Cube HAL:I2C:1.8.1
      Source file:   Drivers/STM32F4xx_HAL_Driver/Src/stm32f4xx_hal_i2c.c
      Source file:   Drivers/STM32F4xx_HAL_Driver/Src/stm32f4xx_hal_i2c_ex.c

   * Component: Keil::Device:STM32Cube HAL:PWR:1.8.1
      Source file:   Drivers/STM32F4xx_HAL_Driver/Src/stm32f4xx_hal_pwr.c
      Source file:   Drivers/STM32F4xx_HAL_Driver/Src/stm32f4xx_hal_pwr_ex.c

   * Component: Keil::Device:STM32Cube HAL:RCC:1.8.1
      Source file:   Drivers/STM32F4xx_HAL_Driver/Src/stm32f4xx_hal_rcc.c
      Source file:   Drivers/STM32F4xx_HAL_Driver/Src/stm32f4xx_hal_rcc_ex.c

   * Component: Keil::Device:STM32Cube HAL:RTC:1.8.1
      Source file:   Drivers/STM32F4xx_HAL_Driver/Src/stm32f4xx_hal_rtc.c
      Source file:   Drivers/STM32F4xx_HAL_Driver/Src/stm32f4xx_hal_rtc_ex.c

   * Component: Keil::Device:STM32Cube HAL:UART:1.8.1
      Source file:   Drivers/STM32F4xx_HAL_Driver/Src/stm32f4xx_hal_uart.c

   * Component: Keil::Device:Startup:2.6.3
      Source file:   MDK/Device/Source/ARM/STM32F401xx_OPT.s
      Source file:   MDK/Device/Source/ARM/STM32F4xx_OTP.s
      Include file:  Drivers/CMSIS/Device/ST/STM32F4xx/Include/stm32f4xx.h
      Source file:   Drivers/CMSIS/Device/ST/STM32F4xx/Source/Templates/arm/startup_stm32f401xe.s
      Source file:   Drivers/CMSIS/Device/ST/STM32F4xx/Source/Templates/system_stm32f4xx.c
Build Time Elapsed:  00:00:08
</pre>
</body>
</html>
