ARM GAS  /tmp/ccUyj4CJ.s 			page 1


   1              		.cpu cortex-m4
   2              		.arch armv7e-m
   3              		.fpu fpv4-sp-d16
   4              		.eabi_attribute 27, 1
   5              		.eabi_attribute 28, 1
   6              		.eabi_attribute 20, 1
   7              		.eabi_attribute 21, 1
   8              		.eabi_attribute 23, 3
   9              		.eabi_attribute 24, 1
  10              		.eabi_attribute 25, 1
  11              		.eabi_attribute 26, 1
  12              		.eabi_attribute 30, 1
  13              		.eabi_attribute 34, 1
  14              		.eabi_attribute 18, 4
  15              		.file	"date.c"
  16              		.text
  17              	.Ltext0:
  18              		.cfi_sections	.debug_frame
  19              		.file 1 "Core/Src/date/date.c"
  20              		.section	.text.init_rtc_once,"ax",%progbits
  21              		.align	1
  22              		.global	init_rtc_once
  23              		.syntax unified
  24              		.thumb
  25              		.thumb_func
  27              	init_rtc_once:
  28              	.LFB137:
   1:Core/Src/date/date.c **** #include "date.h"
   2:Core/Src/date/date.c **** 
   3:Core/Src/date/date.c **** void init_rtc_once(void) {
  29              		.loc 1 3 26 view -0
  30              		.cfi_startproc
  31              		@ args = 0, pretend = 0, frame = 24
  32              		@ frame_needed = 0, uses_anonymous_args = 0
  33 0000 30B5     		push	{r4, r5, lr}
  34              	.LCFI0:
  35              		.cfi_def_cfa_offset 12
  36              		.cfi_offset 4, -12
  37              		.cfi_offset 5, -8
  38              		.cfi_offset 14, -4
  39 0002 87B0     		sub	sp, sp, #28
  40              	.LCFI1:
  41              		.cfi_def_cfa_offset 40
   4:Core/Src/date/date.c ****   if (HAL_RTCEx_BKUPRead(&hrtc, RTC_BKP_DR1) != RTC_INIT_MAGIC) {
  42              		.loc 1 4 3 view .LVU1
  43              		.loc 1 4 7 is_stmt 0 view .LVU2
  44 0004 0121     		movs	r1, #1
  45 0006 1648     		ldr	r0, .L5
  46 0008 FFF7FEFF 		bl	HAL_RTCEx_BKUPRead
  47              	.LVL0:
  48              		.loc 1 4 6 discriminator 1 view .LVU3
  49 000c 43F2F223 		movw	r3, #13042
  50 0010 9842     		cmp	r0, r3
  51 0012 01D1     		bne	.L4
  52              	.L1:
   5:Core/Src/date/date.c ****       RTC_TimeTypeDef sTime = { .Hours = 11, .Minutes = 10, .Seconds = 30 };
   6:Core/Src/date/date.c ****       RTC_DateTypeDef sDate = { .WeekDay = RTC_WEEKDAY_SUNDAY, .Month = RTC_MONTH_OCTOBER,
ARM GAS  /tmp/ccUyj4CJ.s 			page 2


   7:Core/Src/date/date.c ****                                 .Date = 19, .Year = 25 };
   8:Core/Src/date/date.c **** 
   9:Core/Src/date/date.c ****       HAL_RTC_SetTime(&hrtc, &sTime, RTC_FORMAT_BIN);
  10:Core/Src/date/date.c ****       HAL_RTC_SetDate(&hrtc, &sDate, RTC_FORMAT_BIN);
  11:Core/Src/date/date.c **** 
  12:Core/Src/date/date.c ****       HAL_RTCEx_BKUPWrite(&hrtc, RTC_BKP_DR1, RTC_INIT_MAGIC);
  13:Core/Src/date/date.c ****   }
  14:Core/Src/date/date.c **** }...
  53              		.loc 1 14 1 view .LVU4
  54 0014 07B0     		add	sp, sp, #28
  55              	.LCFI2:
  56              		.cfi_remember_state
  57              		.cfi_def_cfa_offset 12
  58              		@ sp needed
  59 0016 30BD     		pop	{r4, r5, pc}
  60              	.L4:
  61              	.LCFI3:
  62              		.cfi_restore_state
  63              	.LBB2:
   5:Core/Src/date/date.c ****       RTC_TimeTypeDef sTime = { .Hours = 11, .Minutes = 10, .Seconds = 30 };
  64              		.loc 1 5 7 is_stmt 1 view .LVU5
   5:Core/Src/date/date.c ****       RTC_TimeTypeDef sTime = { .Hours = 11, .Minutes = 10, .Seconds = 30 };
  65              		.loc 1 5 23 is_stmt 0 view .LVU6
  66 0018 01A9     		add	r1, sp, #4
  67 001a 0024     		movs	r4, #0
  68 001c 0194     		str	r4, [sp, #4]
  69 001e 4C60     		str	r4, [r1, #4]
  70 0020 8C60     		str	r4, [r1, #8]
  71 0022 CC60     		str	r4, [r1, #12]
  72 0024 0C61     		str	r4, [r1, #16]
  73 0026 0B23     		movs	r3, #11
  74 0028 8DF80430 		strb	r3, [sp, #4]
  75 002c 0A23     		movs	r3, #10
  76 002e 8DF80530 		strb	r3, [sp, #5]
  77 0032 1E23     		movs	r3, #30
  78 0034 8DF80630 		strb	r3, [sp, #6]
   6:Core/Src/date/date.c ****       RTC_DateTypeDef sDate = { .WeekDay = RTC_WEEKDAY_SUNDAY, .Month = RTC_MONTH_OCTOBER,
  79              		.loc 1 6 7 is_stmt 1 view .LVU7
   6:Core/Src/date/date.c ****       RTC_DateTypeDef sDate = { .WeekDay = RTC_WEEKDAY_SUNDAY, .Month = RTC_MONTH_OCTOBER,
  80              		.loc 1 6 23 is_stmt 0 view .LVU8
  81 0038 0A4B     		ldr	r3, .L5+4
  82 003a 1B68     		ldr	r3, [r3]
  83 003c 0093     		str	r3, [sp]
   9:Core/Src/date/date.c ****       HAL_RTC_SetTime(&hrtc, &sTime, RTC_FORMAT_BIN);
  84              		.loc 1 9 7 is_stmt 1 view .LVU9
  85 003e 084D     		ldr	r5, .L5
  86 0040 2246     		mov	r2, r4
  87 0042 2846     		mov	r0, r5
  88 0044 FFF7FEFF 		bl	HAL_RTC_SetTime
  89              	.LVL1:
  10:Core/Src/date/date.c ****       HAL_RTC_SetDate(&hrtc, &sDate, RTC_FORMAT_BIN);
  90              		.loc 1 10 7 view .LVU10
  91 0048 2246     		mov	r2, r4
  92 004a 6946     		mov	r1, sp
  93 004c 2846     		mov	r0, r5
  94 004e FFF7FEFF 		bl	HAL_RTC_SetDate
  95              	.LVL2:
ARM GAS  /tmp/ccUyj4CJ.s 			page 3


  12:Core/Src/date/date.c ****       HAL_RTCEx_BKUPWrite(&hrtc, RTC_BKP_DR1, RTC_INIT_MAGIC);
  96              		.loc 1 12 7 view .LVU11
  97 0052 43F2F222 		movw	r2, #13042
  98 0056 0121     		movs	r1, #1
  99 0058 2846     		mov	r0, r5
 100 005a FFF7FEFF 		bl	HAL_RTCEx_BKUPWrite
 101              	.LVL3:
 102              	.LBE2:
 103              		.loc 1 14 1 is_stmt 0 view .LVU12
 104 005e D9E7     		b	.L1
 105              	.L6:
 106              		.align	2
 107              	.L5:
 108 0060 00000000 		.word	hrtc
 109 0064 00000000 		.word	.LANCHOR0
 110              		.cfi_endproc
 111              	.LFE137:
 113              		.section	.rodata
 114              		.align	2
 115              		.set	.LANCHOR0,. + 0
 116              	.LC0:
 117 0000 07       		.byte	7
 118 0001 10       		.byte	16
 119 0002 13       		.byte	19
 120 0003 19       		.byte	25
 121              		.text
 122              	.Letext0:
 123              		.file 2 "/home/mike/bin/arm-gnu-toolchain-14.3.rel1-x86_64-arm-none-eabi/arm-none-eabi/include/mac
 124              		.file 3 "/home/mike/bin/arm-gnu-toolchain-14.3.rel1-x86_64-arm-none-eabi/arm-none-eabi/include/sys
 125              		.file 4 "Drivers/CMSIS/Device/ST/STM32F4xx/Include/stm32f401xe.h"
 126              		.file 5 "Drivers/STM32F4xx_HAL_Driver/Inc/stm32f4xx_hal_def.h"
 127              		.file 6 "Drivers/STM32F4xx_HAL_Driver/Inc/stm32f4xx_hal_rtc.h"
 128              		.file 7 "Drivers/STM32F4xx_HAL_Driver/Inc/stm32f4xx_hal_rtc_ex.h"
 129              		.file 8 "Core/Src/date/date.h"
ARM GAS  /tmp/ccUyj4CJ.s 			page 4


DEFINED SYMBOLS
                            *ABS*:00000000 date.c
     /tmp/ccUyj4CJ.s:21     .text.init_rtc_once:00000000 $t
     /tmp/ccUyj4CJ.s:27     .text.init_rtc_once:00000000 init_rtc_once
     /tmp/ccUyj4CJ.s:108    .text.init_rtc_once:00000060 $d
     /tmp/ccUyj4CJ.s:114    .rodata:00000000 $d

UNDEFINED SYMBOLS
HAL_RTCEx_BKUPRead
HAL_RTC_SetTime
HAL_RTC_SetDate
HAL_RTCEx_BKUPWrite
hrtc
