Archive member included to satisfy reference by file (symbol)

/home/mike/bin/arm-gnu-toolchain-14.3.rel1-x86_64-arm-none-eabi/bin/../lib/gcc/arm-none-eabi/14.3.1/../../../../arm-none-eabi/lib/thumb/v7e-m+fp/hard/libc_nano.a(libc_a-exit.o)
                              /home/mike/bin/arm-gnu-toolchain-14.3.rel1-x86_64-arm-none-eabi/bin/../lib/gcc/arm-none-eabi/14.3.1/../../../../arm-none-eabi/lib/thumb/v7e-m+fp/hard/crt0.o (exit)
/home/mike/bin/arm-gnu-toolchain-14.3.rel1-x86_64-arm-none-eabi/bin/../lib/gcc/arm-none-eabi/14.3.1/../../../../arm-none-eabi/lib/thumb/v7e-m+fp/hard/libc_nano.a(libc_a-findfp.o)
                              /home/mike/bin/arm-gnu-toolchain-14.3.rel1-x86_64-arm-none-eabi/bin/../lib/gcc/arm-none-eabi/14.3.1/../../../../arm-none-eabi/lib/thumb/v7e-m+fp/hard/libc_nano.a(libc_a-exit.o) (__stdio_exit_handler)
/home/mike/bin/arm-gnu-toolchain-14.3.rel1-x86_64-arm-none-eabi/bin/../lib/gcc/arm-none-eabi/14.3.1/../../../../arm-none-eabi/lib/thumb/v7e-m+fp/hard/libc_nano.a(libc_a-fwalk.o)
                              /home/mike/bin/arm-gnu-toolchain-14.3.rel1-x86_64-arm-none-eabi/bin/../lib/gcc/arm-none-eabi/14.3.1/../../../../arm-none-eabi/lib/thumb/v7e-m+fp/hard/libc_nano.a(libc_a-findfp.o) (_fwalk_sglue)
/home/mike/bin/arm-gnu-toolchain-14.3.rel1-x86_64-arm-none-eabi/bin/../lib/gcc/arm-none-eabi/14.3.1/../../../../arm-none-eabi/lib/thumb/v7e-m+fp/hard/libc_nano.a(libc_a-snprintf.o)
                              build/main.o (snprintf)
/home/mike/bin/arm-gnu-toolchain-14.3.rel1-x86_64-arm-none-eabi/bin/../lib/gcc/arm-none-eabi/14.3.1/../../../../arm-none-eabi/lib/thumb/v7e-m+fp/hard/libc_nano.a(libc_a-sprintf.o)
                              build/date.o (sprintf)
/home/mike/bin/arm-gnu-toolchain-14.3.rel1-x86_64-arm-none-eabi/bin/../lib/gcc/arm-none-eabi/14.3.1/../../../../arm-none-eabi/lib/thumb/v7e-m+fp/hard/libc_nano.a(libc_a-stdio.o)
                              /home/mike/bin/arm-gnu-toolchain-14.3.rel1-x86_64-arm-none-eabi/bin/../lib/gcc/arm-none-eabi/14.3.1/../../../../arm-none-eabi/lib/thumb/v7e-m+fp/hard/libc_nano.a(libc_a-findfp.o) (__sread)
/home/mike/bin/arm-gnu-toolchain-14.3.rel1-x86_64-arm-none-eabi/bin/../lib/gcc/arm-none-eabi/14.3.1/../../../../arm-none-eabi/lib/thumb/v7e-m+fp/hard/libc_nano.a(libc_a-memset.o)
                              /home/mike/bin/arm-gnu-toolchain-14.3.rel1-x86_64-arm-none-eabi/bin/../lib/gcc/arm-none-eabi/14.3.1/../../../../arm-none-eabi/lib/thumb/v7e-m+fp/hard/crt0.o (memset)
/home/mike/bin/arm-gnu-toolchain-14.3.rel1-x86_64-arm-none-eabi/bin/../lib/gcc/arm-none-eabi/14.3.1/../../../../arm-none-eabi/lib/thumb/v7e-m+fp/hard/libc_nano.a(libc_a-closer.o)
                              /home/mike/bin/arm-gnu-toolchain-14.3.rel1-x86_64-arm-none-eabi/bin/../lib/gcc/arm-none-eabi/14.3.1/../../../../arm-none-eabi/lib/thumb/v7e-m+fp/hard/libc_nano.a(libc_a-stdio.o) (_close_r)
/home/mike/bin/arm-gnu-toolchain-14.3.rel1-x86_64-arm-none-eabi/bin/../lib/gcc/arm-none-eabi/14.3.1/../../../../arm-none-eabi/lib/thumb/v7e-m+fp/hard/libc_nano.a(libc_a-reent.o)
                              /home/mike/bin/arm-gnu-toolchain-14.3.rel1-x86_64-arm-none-eabi/bin/../lib/gcc/arm-none-eabi/14.3.1/../../../../arm-none-eabi/lib/thumb/v7e-m+fp/hard/libc_nano.a(libc_a-closer.o) (errno)
/home/mike/bin/arm-gnu-toolchain-14.3.rel1-x86_64-arm-none-eabi/bin/../lib/gcc/arm-none-eabi/14.3.1/../../../../arm-none-eabi/lib/thumb/v7e-m+fp/hard/libc_nano.a(libc_a-impure.o)
                              /home/mike/bin/arm-gnu-toolchain-14.3.rel1-x86_64-arm-none-eabi/bin/../lib/gcc/arm-none-eabi/14.3.1/../../../../arm-none-eabi/lib/thumb/v7e-m+fp/hard/libc_nano.a(libc_a-snprintf.o) (_impure_ptr)
/home/mike/bin/arm-gnu-toolchain-14.3.rel1-x86_64-arm-none-eabi/bin/../lib/gcc/arm-none-eabi/14.3.1/../../../../arm-none-eabi/lib/thumb/v7e-m+fp/hard/libc_nano.a(libc_a-lseekr.o)
                              /home/mike/bin/arm-gnu-toolchain-14.3.rel1-x86_64-arm-none-eabi/bin/../lib/gcc/arm-none-eabi/14.3.1/../../../../arm-none-eabi/lib/thumb/v7e-m+fp/hard/libc_nano.a(libc_a-stdio.o) (_lseek_r)
/home/mike/bin/arm-gnu-toolchain-14.3.rel1-x86_64-arm-none-eabi/bin/../lib/gcc/arm-none-eabi/14.3.1/../../../../arm-none-eabi/lib/thumb/v7e-m+fp/hard/libc_nano.a(libc_a-readr.o)
                              /home/mike/bin/arm-gnu-toolchain-14.3.rel1-x86_64-arm-none-eabi/bin/../lib/gcc/arm-none-eabi/14.3.1/../../../../arm-none-eabi/lib/thumb/v7e-m+fp/hard/libc_nano.a(libc_a-stdio.o) (_read_r)
/home/mike/bin/arm-gnu-toolchain-14.3.rel1-x86_64-arm-none-eabi/bin/../lib/gcc/arm-none-eabi/14.3.1/../../../../arm-none-eabi/lib/thumb/v7e-m+fp/hard/libc_nano.a(libc_a-writer.o)
                              /home/mike/bin/arm-gnu-toolchain-14.3.rel1-x86_64-arm-none-eabi/bin/../lib/gcc/arm-none-eabi/14.3.1/../../../../arm-none-eabi/lib/thumb/v7e-m+fp/hard/libc_nano.a(libc_a-stdio.o) (_write_r)
[...]
Memory Configuration

Name             Origin             Length             Attributes
RAM              0x20000000         0x00018000         xrw
FLASH            0x08000000         0x00080000         xr
*default*        0x00000000         0xffffffff

Linker script and memory map

LOAD /home/mike/bin/arm-gnu-toolchain-14.3.rel1-x86_64-arm-none-eabi/bin/../lib/gcc/arm-none-eabi/14.3.1/thumb/v7e-m+fp/hard/crti.o
LOAD /home/mike/bin/arm-gnu-toolchain-14.3.rel1-x86_64-arm-none-eabi/bin/../lib/gcc/arm-none-eabi/14.3.1/thumb/v7e-m+fp/hard/crtbegin.o
LOAD /home/mike/bin/arm-gnu-toolchain-14.3.rel1-x86_64-arm-none-eabi/bin/../lib/gcc/arm-none-eabi/14.3.1/../../../../arm-none-eabi/lib/thumb/v7e-m+fp/hard/crt0.o
LOAD build/main.o
LOAD build/date.o
LOAD build/init_peripherials.o
LOAD build/transmit_and_recieve_control.o
LOAD build/stm32f4xx_it.o
LOAD build/stm32f4xx_hal_msp.o
LOAD build/stm32f4xx_hal_i2c.o
LOAD build/stm32f4xx_hal_i2c_ex.o
LOAD build/stm32f4xx_hal_rcc.o
LOAD build/stm32f4xx_hal_rcc_ex.o
LOAD build/stm32f4xx_hal_flash.o
LOAD build/stm32f4xx_hal_flash_ex.o
LOAD build/stm32f4xx_hal_flash_ramfunc.o
LOAD build/stm32f4xx_hal_gpio.o
LOAD build/stm32f4xx_hal_dma_ex.o
LOAD build/stm32f4xx_hal_dma.o
LOAD build/stm32f4xx_hal_pwr.o
LOAD build/stm32f4xx_hal_pwr_ex.o
LOAD build/stm32f4xx_hal_cortex.o
LOAD build/stm32f4xx_hal.o
LOAD build/stm32f4xx_hal_exti.o
LOAD build/stm32f4xx_hal_rtc.o
LOAD build/stm32f4xx_hal_rtc_ex.o
LOAD build/stm32f4xx_hal_uart.o
LOAD build/system_stm32f4xx.o
LOAD build/sysmem.o
LOAD build/syscalls.o
LOAD build/startup_stm32f401xe.o
LOAD /home/mike/bin/arm-gnu-toolchain-14.3.rel1-x86_64-arm-none-eabi/bin/../lib/gcc/arm-none-eabi/14.3.1/../../../../arm-none-eabi/lib/thumb/v7e-m+fp/hard/libc_nano.a
LOAD /home/mike/bin/arm-gnu-toolchain-14.3.rel1-x86_64-arm-none-eabi/bin/../lib/gcc/arm-none-eabi/14.3.1/../../../../arm-none-eabi/lib/thumb/v7e-m+fp/hard/libm.a
LOAD /home/mike/bin/arm-gnu-toolchain-14.3.rel1-x86_64-arm-none-eabi/bin/../lib/gcc/arm-none-eabi/14.3.1/../../../../arm-none-eabi/lib/thumb/v7e-m+fp/hard/libnosys.a
START GROUP
LOAD /home/mike/bin/arm-gnu-toolchain-14.3.rel1-x86_64-arm-none-eabi/bin/../lib/gcc/arm-none-eabi/14.3.1/thumb/v7e-m+fp/hard/libgcc.a
LOAD /home/mike/bin/arm-gnu-toolchain-14.3.rel1-x86_64-arm-none-eabi/bin/../lib/gcc/arm-none-eabi/14.3.1/../../../../arm-none-eabi/lib/thumb/v7e-m+fp/hard/libc_nano.a
END GROUP
START GROUP
LOAD /home/mike/bin/arm-gnu-toolchain-14.3.rel1-x86_64-arm-none-eabi/bin/../lib/gcc/arm-none-eabi/14.3.1/thumb/v7e-m+fp/hard/libgcc.a
LOAD /home/mike/bin/arm-gnu-toolchain-14.3.rel1-x86_64-arm-none-eabi/bin/../lib/gcc/arm-none-eabi/14.3.1/../../../../arm-none-eabi/lib/thumb/v7e-m+fp/hard/libc_nano.a
END GROUP
LOAD /home/mike/bin/arm-gnu-toolchain-14.3.rel1-x86_64-arm-none-eabi/bin/../lib/gcc/arm-none-eabi/14.3.1/thumb/v7e-m+fp/hard/crtend.o
LOAD /home/mike/bin/arm-gnu-toolchain-14.3.rel1-x86_64-arm-none-eabi/bin/../lib/gcc/arm-none-eabi/14.3.1/thumb/v7e-m+fp/hard/crtn.o
                0x20018000                        _estack = (ORIGIN (RAM) + LENGTH (RAM))
                0x00000200                        _Min_Heap_Size = 0x200
                0x00000400                        _Min_Stack_Size = 0x400

.isr_vector     0x08000000      0x194
                0x08000000                        . = ALIGN (0x4)
 *(.isr_vector)
 .isr_vector    0x08000000      0x194 build/startup_stm32f401xe.o
                0x08000000                g_pfnVectors
                0x08000194                        . = ALIGN (0x4)

.text           0x080001a0     0x3b04
                0x080001a0                        . = ALIGN (0x4)
 *(.text)
 .text          0x080001a0       0xa0 /home/mike/bin/arm-gnu-toolchain-14.3.rel1-x86_64-arm-none-eabi/bin/../lib/gcc/arm-none-eabi/14.3.1/../../../../arm-none-eabi/lib/thumb/v7e-m+fp/hard/libc_nano.a(libc_a-memchr.o)
                0x080001a0                memchr
 .text          0x08000240      0x378 /home/mike/bin/arm-gnu-toolchain-14.3.rel1-x86_64-arm-none-eabi/bin/../lib/gcc/arm-none-eabi/14.3.1/thumb/v7e-m+fp/hard/libgcc.a(_arm_addsubdf3.o)
                0x08000240                __aeabi_drsub
                0x08000248                __aeabi_dsub
                0x08000248                __subdf3
                0x0800024c                __adddf3
                0x0800024c                __aeabi_dadd
                0x080004c4                __aeabi_ui2d
                0x080004c4                __floatunsidf
                0x080004e4                __floatsidf
                0x080004e4                __aeabi_i2d
                0x08000508                __extendsfdf2
                0x08000508                __aeabi_f2d
                0x0800054c                __aeabi_ul2d
                0x0800054c                __floatundidf
                0x0800055c                __floatdidf
                0x0800055c                __aeabi_l2d
 .text          0x080005b8      0x424 /home/mike/bin/arm-gnu-toolchain-14.3.rel1-x86_64-arm-none-eabi/bin/../lib/gcc/arm-none-eabi/14.3.1/thumb/v7e-m+fp/hard/libgcc.a(_arm_muldivdf3.o)
                0x080005b8                __aeabi_dmul
                0x080005b8                __muldf3
                0x0800080c                __aeabi_ddiv
                0x0800080c                __divdf3
 .text          0x080009dc       0x50 /home/mike/bin/arm-gnu-toolchain-14.3.rel1-x86_64-arm-none-eabi/bin/../lib/gcc/arm-none-eabi/14.3.1/thumb/v7e-m+fp/hard/libgcc.a(_arm_fixdfsi.o)
                0x080009dc                __fixdfsi
                0x080009dc                __aeabi_d2iz
 .text          0x08000a2c       0x30 /home/mike/bin/arm-gnu-toolchain-14.3.rel1-x86_64-arm-none-eabi/bin/../lib/gcc/arm-none-eabi/14.3.1/thumb/v7e-m+fp/hard/libgcc.a(_aeabi_uldivmod.o)
                0x08000a2c                __aeabi_uldivmod
 .text          0x08000a5c        0x4 /home/mike/bin/arm-gnu-toolchain-14.3.rel1-x86_64-arm-none-eabi/bin/../lib/gcc/arm-none-eabi/14.3.1/thumb/v7e-m+fp/hard/libgcc.a(_dvmd_tls.o)
                0x08000a5c                __aeabi_ldiv0
                0x08000a5c                __aeabi_idiv0
 *(.text*)
 .text.deregister_tm_clones
                0x08000a60       0x1c /home/mike/bin/arm-gnu-toolchain-14.3.rel1-x86_64-arm-none-eabi/bin/../lib/gcc/arm-none-eabi/14.3.1/thumb/v7e-m+fp/hard/crtbegin.o
 .text.register_tm_clones
                0x08000a7c       0x24 /home/mike/bin/arm-gnu-toolchain-14.3.rel1-x86_64-arm-none-eabi/bin/../lib/gcc/arm-none-eabi/14.3.1/thumb/v7e-m+fp/hard/crtbegin.o
 .text.__do_global_dtors_aux
                0x08000aa0       0x28 /home/mike/bin/arm-gnu-toolchain-14.3.rel1-x86_64-arm-none-eabi/bin/../lib/gcc/arm-none-eabi/14.3.1/thumb/v7e-m+fp/hard/crtbegin.o
 .text.frame_dummy
                0x08000ac8       0x24 /home/mike/bin/arm-gnu-toolchain-14.3.rel1-x86_64-arm-none-eabi/bin/../lib/gcc/arm-none-eabi/14.3.1/thumb/v7e-m+fp/hard/crtbegin.o
 .text.MX_GPIO_Init
                0x08000aec       0x60 build/main.o
 .text.bmp180_get_global_coefficients
                0x08000b4c       0xe0 build/main.o
                0x08000b4c                bmp180_get_global_coefficients
 .text.Error_Handler
                0x08000c2c        0x4 build/main.o
                0x08000c2c                Error_Handler
 .text.MX_I2C1_Init
                0x08000c30       0x38 build/main.o
 .text.MX_RTC_Init
                0x08000c68       0x30 build/main.o
 .text.MX_USART2_UART_Init
                0x08000c98       0x34 build/main.o
 .text.SystemClock_Config
                0x08000ccc       0x90 build/main.o
                0x08000ccc                SystemClock_Config
 .text.main     0x08000d5c       0x24 build/main.o
                0x08000d5c                main
 .text.lcd1602_init
                0x08000d80       0x74 build/init_peripherials.o
                0x08000d80                lcd1602_init
 .text.lcd1602_transmit
                0x08000df4       0x54 build/transmit_and_recieve_control.o
                0x08000df4                lcd1602_transmit
 .text.lcd1602_transmit_data
                0x08000e48        0xa build/transmit_and_recieve_control.o
                0x08000e48                lcd1602_transmit_data
 .text.lcd1602_send_string
                0x08000e52       0x14 build/transmit_and_recieve_control.o
                0x08000e52                lcd1602_send_string
 .text.lcd1602_transmit_command
                0x08000e66        0xa build/transmit_and_recieve_control.o
                0x08000e66                lcd1602_transmit_command
 .text.bmp180_get_temperature
                0x08000e70       0xa0 build/transmit_and_recieve_control.o
                0x08000e70                bmp180_get_temperature
 .text.bmp180_get_pressure
                0x08000f10      0x11c build/transmit_and_recieve_control.o
                0x08000f10                bmp180_get_pressure
 .text.NMI_Handler
                0x0800102c        0x2 build/stm32f4xx_it.o
                0x0800102c                NMI_Handler
 .text.HardFault_Handler
                0x0800102e        0x2 build/stm32f4xx_it.o
                0x0800102e                HardFault_Handler
 .text.MemManage_Handler
                0x08001030        0x2 build/stm32f4xx_it.o
                0x08001030                MemManage_Handler
 .text.BusFault_Handler
                0x08001032        0x2 build/stm32f4xx_it.o
                0x08001032                BusFault_Handler
 .text.UsageFault_Handler
                0x08001034        0x2 build/stm32f4xx_it.o
                0x08001034                UsageFault_Handler
 .text.SVC_Handler
                0x08001036        0x2 build/stm32f4xx_it.o
                0x08001036                SVC_Handler
 .text.DebugMon_Handler
                0x08001038        0x2 build/stm32f4xx_it.o
                0x08001038                DebugMon_Handler
 .text.PendSV_Handler
                0x0800103a        0x2 build/stm32f4xx_it.o
                0x0800103a                PendSV_Handler
 .text.SysTick_Handler
                0x0800103c       0xfc build/stm32f4xx_it.o
                0x0800103c                SysTick_Handler
 .text.HAL_MspInit
                0x08001138       0x38 build/stm32f4xx_hal_msp.o
                0x08001138                HAL_MspInit
 .text.HAL_I2C_MspInit
                0x08001170       0x70 build/stm32f4xx_hal_msp.o
                0x08001170                HAL_I2C_MspInit
 .text.HAL_RTC_MspInit
                0x080011e0       0x48 build/stm32f4xx_hal_msp.o
                0x080011e0                HAL_RTC_MspInit
 .text.HAL_UART_MspInit
                0x08001228       0x70 build/stm32f4xx_hal_msp.o
                0x08001228                HAL_UART_MspInit
 .text.I2C_IsAcknowledgeFailed
                0x08001298       0x32 build/stm32f4xx_hal_i2c.o
 .text.I2C_WaitOnFlagUntilTimeout
                0x080012ca       0xaa build/stm32f4xx_hal_i2c.o
 .text.I2C_WaitOnMasterAddressFlagUntilTimeout
                0x08001374       0xd6 build/stm32f4xx_hal_i2c.o
 *fill*         0x0800144a        0x2 
 .text.I2C_MasterRequestWrite
                0x0800144c       0xb4 build/stm32f4xx_hal_i2c.o
 .text.I2C_WaitOnTXEFlagUntilTimeout
                0x08001500       0x5e build/stm32f4xx_hal_i2c.o
 *fill*         0x0800155e        0x2 
 .text.I2C_RequestMemoryWrite
                0x08001560       0xd8 build/stm32f4xx_hal_i2c.o
 .text.I2C_RequestMemoryRead
                0x08001638      0x154 build/stm32f4xx_hal_i2c.o
 .text.I2C_WaitOnBTFFlagUntilTimeout
                0x0800178c       0x5e build/stm32f4xx_hal_i2c.o
 .text.I2C_WaitOnRXNEFlagUntilTimeout
                0x080017ea       0x78 build/stm32f4xx_hal_i2c.o
 *fill*         0x08001862        0x2 
 .text.HAL_I2C_Init
                0x08001864      0x1bc build/stm32f4xx_hal_i2c.o
                0x08001864                HAL_I2C_Init
 .text.HAL_I2C_Master_Transmit
                0x08001a20      0x174 build/stm32f4xx_hal_i2c.o
                0x08001a20                HAL_I2C_Master_Transmit
 .text.HAL_I2C_Mem_Write
                0x08001b94      0x160 build/stm32f4xx_hal_i2c.o
                0x08001b94                HAL_I2C_Mem_Write
 .text.HAL_I2C_Mem_Read
                0x08001cf4      0x2f8 build/stm32f4xx_hal_i2c.o
                0x08001cf4                HAL_I2C_Mem_Read
 .text.HAL_RCC_OscConfig
                0x08001fec      0x3f8 build/stm32f4xx_hal_rcc.o
                0x08001fec                HAL_RCC_OscConfig
 .text.HAL_RCC_GetSysClockFreq
                0x080023e4       0xa8 build/stm32f4xx_hal_rcc.o
                0x080023e4                HAL_RCC_GetSysClockFreq
 .text.HAL_RCC_ClockConfig
                0x0800248c      0x160 build/stm32f4xx_hal_rcc.o
                0x0800248c                HAL_RCC_ClockConfig
 .text.HAL_RCC_GetHCLKFreq
                0x080025ec        0xc build/stm32f4xx_hal_rcc.o
                0x080025ec                HAL_RCC_GetHCLKFreq
 .text.HAL_RCC_GetPCLK1Freq
                0x080025f8       0x20 build/stm32f4xx_hal_rcc.o
                0x080025f8                HAL_RCC_GetPCLK1Freq
 .text.HAL_RCC_GetPCLK2Freq
                0x08002618       0x20 build/stm32f4xx_hal_rcc.o
                0x08002618                HAL_RCC_GetPCLK2Freq
 .text.HAL_RCCEx_PeriphCLKConfig
                0x08002638      0x16c build/stm32f4xx_hal_rcc_ex.o
                0x08002638                HAL_RCCEx_PeriphCLKConfig
 .text.HAL_GPIO_Init
                0x080027a4      0x1c8 build/stm32f4xx_hal_gpio.o
                0x080027a4                HAL_GPIO_Init
 .text.__NVIC_SetPriority
                0x0800296c       0x28 build/stm32f4xx_hal_cortex.o
 .text.NVIC_EncodePriority
                0x08002994       0x3e build/stm32f4xx_hal_cortex.o
 *fill*         0x080029d2        0x2 
 .text.HAL_NVIC_SetPriorityGrouping
                0x080029d4       0x24 build/stm32f4xx_hal_cortex.o
                0x080029d4                HAL_NVIC_SetPriorityGrouping
 .text.HAL_NVIC_SetPriority
                0x080029f8       0x20 build/stm32f4xx_hal_cortex.o
                0x080029f8                HAL_NVIC_SetPriority
 .text.HAL_SYSTICK_Config
                0x08002a18       0x28 build/stm32f4xx_hal_cortex.o
                0x08002a18                HAL_SYSTICK_Config
 .text.HAL_InitTick
                0x08002a40       0x4c build/stm32f4xx_hal.o
                0x08002a40                HAL_InitTick
 .text.HAL_Init
                0x08002a8c       0x34 build/stm32f4xx_hal.o
                0x08002a8c                HAL_Init
 .text.HAL_IncTick
                0x08002ac0       0x18 build/stm32f4xx_hal.o
                0x08002ac0                HAL_IncTick
 .text.HAL_GetTick
                0x08002ad8        0xc build/stm32f4xx_hal.o
                0x08002ad8                HAL_GetTick
 .text.HAL_Delay
                0x08002ae4       0x28 build/stm32f4xx_hal.o
                0x08002ae4                HAL_Delay
 .text.HAL_RTC_WaitForSynchro
                0x08002b0c       0x34 build/stm32f4xx_hal_rtc.o
                0x08002b0c                HAL_RTC_WaitForSynchro
 .text.RTC_EnterInitMode
                0x08002b40       0x46 build/stm32f4xx_hal_rtc.o
                0x08002b40                RTC_EnterInitMode
 .text.RTC_ExitInitMode
                0x08002b86       0x2a build/stm32f4xx_hal_rtc.o
                0x08002b86                RTC_ExitInitMode
 .text.HAL_RTC_Init
                0x08002bb0       0x9e build/stm32f4xx_hal_rtc.o
                0x08002bb0                HAL_RTC_Init
 .text.UART_EndRxTransfer
                0x08002c4e       0x5c build/stm32f4xx_hal_uart.o
 *fill*         0x08002caa        0x2 
 .text.UART_SetConfig
                0x08002cac      0x110 build/stm32f4xx_hal_uart.o
 .text.UART_WaitOnFlagUntilTimeout
                0x08002dbc       0x86 build/stm32f4xx_hal_uart.o
 .text.HAL_UART_Init
                0x08002e42       0x60 build/stm32f4xx_hal_uart.o
                0x08002e42                HAL_UART_Init
 .text.HAL_UART_Transmit
                0x08002ea2       0xca build/stm32f4xx_hal_uart.o
                0x08002ea2                HAL_UART_Transmit
 .text.SystemInit
                0x08002f6c       0x14 build/system_stm32f4xx.o
                0x08002f6c                SystemInit
 .text._sbrk    0x08002f80       0x48 build/sysmem.o
                0x08002f80                _sbrk
 .text.Reset_Handler
                0x08002fc8       0x50 build/startup_stm32f401xe.o
                0x08002fc8                Reset_Handler
 .text.Default_Handler
                0x08003018        0x2 build/startup_stm32f401xe.o
                0x08003018                RTC_Alarm_IRQHandler
                0x08003018                EXTI2_IRQHandler
                0x08003018                SPI4_IRQHandler
                0x08003018                TIM1_CC_IRQHandler
                0x08003018                DMA2_Stream5_IRQHandler
                0x08003018                DMA1_Stream5_IRQHandler
                0x08003018                PVD_IRQHandler
                0x08003018                SDIO_IRQHandler
                0x08003018                TAMP_STAMP_IRQHandler
                0x08003018                EXTI3_IRQHandler
                0x08003018                TIM1_UP_TIM10_IRQHandler
                0x08003018                I2C3_ER_IRQHandler
                0x08003018                EXTI0_IRQHandler
                0x08003018                I2C2_EV_IRQHandler
                0x08003018                DMA1_Stream2_IRQHandler
                0x08003018                FPU_IRQHandler
                0x08003018                DMA2_Stream2_IRQHandler
                0x08003018                SPI1_IRQHandler
                0x08003018                TIM1_BRK_TIM9_IRQHandler
                0x08003018                DMA2_Stream3_IRQHandler
                0x08003018                USART6_IRQHandler
                0x08003018                DMA2_Stream0_IRQHandler
                0x08003018                TIM4_IRQHandler
                0x08003018                I2C1_EV_IRQHandler
                0x08003018                DMA1_Stream6_IRQHandler
                0x08003018                DMA1_Stream1_IRQHandler
                0x08003018                TIM3_IRQHandler
                0x08003018                RCC_IRQHandler
                0x08003018                Default_Handler
                0x08003018                EXTI15_10_IRQHandler
                0x08003018                ADC_IRQHandler
                0x08003018                DMA1_Stream7_IRQHandler
                0x08003018                TIM5_IRQHandler
                0x08003018                DMA2_Stream7_IRQHandler
                0x08003018                I2C3_EV_IRQHandler
                0x08003018                EXTI9_5_IRQHandler
                0x08003018                RTC_WKUP_IRQHandler
                0x08003018                SPI2_IRQHandler
                0x08003018                DMA1_Stream0_IRQHandler
                0x08003018                EXTI4_IRQHandler
                0x08003018                WWDG_IRQHandler
                0x08003018                TIM2_IRQHandler
                0x08003018                OTG_FS_WKUP_IRQHandler
                0x08003018                TIM1_TRG_COM_TIM11_IRQHandler
                0x08003018                EXTI1_IRQHandler
                0x08003018                USART2_IRQHandler
                0x08003018                I2C2_ER_IRQHandler
                0x08003018                DMA2_Stream1_IRQHandler
                0x08003018                FLASH_IRQHandler
                0x08003018                DMA2_Stream4_IRQHandler
                0x08003018                USART1_IRQHandler
                0x08003018                OTG_FS_IRQHandler
                0x08003018                SPI3_IRQHandler
                0x08003018                DMA1_Stream4_IRQHandler
                0x08003018                I2C1_ER_IRQHandler
                0x08003018                DMA2_Stream6_IRQHandler
                0x08003018                DMA1_Stream3_IRQHandler
 *fill*         0x0800301a        0x2 
 .text.snprintf
                0x0800301c       0x6c /home/mike/bin/arm-gnu-toolchain-14.3.rel1-x86_64-arm-none-eabi/bin/../lib/gcc/arm-none-eabi/14.3.1/../../../../arm-none-eabi/lib/thumb/v7e-m+fp/hard/libc_nano.a(libc_a-snprintf.o)
                0x0800301c                snprintf
                0x0800301c                sniprintf
 .text.memset   0x08003088       0x10 /home/mike/bin/arm-gnu-toolchain-14.3.rel1-x86_64-arm-none-eabi/bin/../lib/gcc/arm-none-eabi/14.3.1/../../../../arm-none-eabi/lib/thumb/v7e-m+fp/hard/libc_nano.a(libc_a-memset.o)
                0x08003088                memset
 .text.__errno  0x08003098        0xc /home/mike/bin/arm-gnu-toolchain-14.3.rel1-x86_64-arm-none-eabi/bin/../lib/gcc/arm-none-eabi/14.3.1/../../../../arm-none-eabi/lib/thumb/v7e-m+fp/hard/libc_nano.a(libc_a-errno.o)
                0x08003098                __errno
 .text.__libc_init_array
                0x080030a4       0x48 /home/mike/bin/arm-gnu-toolchain-14.3.rel1-x86_64-arm-none-eabi/bin/../lib/gcc/arm-none-eabi/14.3.1/../../../../arm-none-eabi/lib/thumb/v7e-m+fp/hard/libc_nano.a(libc_a-init.o)
                0x080030a4                __libc_init_array
 .text.__retarget_lock_acquire_recursive
                0x080030ec        0x2 /home/mike/bin/arm-gnu-toolchain-14.3.rel1-x86_64-arm-none-eabi/bin/../lib/gcc/arm-none-eabi/14.3.1/../../../../arm-none-eabi/lib/thumb/v7e-m+fp/hard/libc_nano.a(libc_a-lock.o)
                0x080030ec                __retarget_lock_acquire_recursive
 .text.__retarget_lock_release_recursive
                0x080030ee        0x2 /home/mike/bin/arm-gnu-toolchain-14.3.rel1-x86_64-arm-none-eabi/bin/../lib/gcc/arm-none-eabi/14.3.1/../../../../arm-none-eabi/lib/thumb/v7e-m+fp/hard/libc_nano.a(libc_a-lock.o)
                0x080030ee                __retarget_lock_release_recursive
 .text._free_r  0x080030f0       0x94 /home/mike/bin/arm-gnu-toolchain-14.3.rel1-x86_64-arm-none-eabi/bin/../lib/gcc/arm-none-eabi/14.3.1/../../../../arm-none-eabi/lib/thumb/v7e-m+fp/hard/libc_nano.a(libc_a-freer.o)
                0x080030f0                _free_r
 .text.sbrk_aligned
                0x08003184       0x44 /home/mike/bin/arm-gnu-toolchain-14.3.rel1-x86_64-arm-none-eabi/bin/../lib/gcc/arm-none-eabi/14.3.1/../../../../arm-none-eabi/lib/thumb/v7e-m+fp/hard/libc_nano.a(libc_a-mallocr.o)
 .text._malloc_r
                0x080031c8      0x100 /home/mike/bin/arm-gnu-toolchain-14.3.rel1-x86_64-arm-none-eabi/bin/../lib/gcc/arm-none-eabi/14.3.1/../../../../arm-none-eabi/lib/thumb/v7e-m+fp/hard/libc_nano.a(libc_a-mallocr.o)
                0x080031c8                _malloc_r
 .text.__malloc_lock
                0x080032c8        0xc /home/mike/bin/arm-gnu-toolchain-14.3.rel1-x86_64-arm-none-eabi/bin/../lib/gcc/arm-none-eabi/14.3.1/../../../../arm-none-eabi/lib/thumb/v7e-m+fp/hard/libc_nano.a(libc_a-mlock.o)
                0x080032c8                __malloc_lock
 .text.__malloc_unlock
                0x080032d4        0xc /home/mike/bin/arm-gnu-toolchain-14.3.rel1-x86_64-arm-none-eabi/bin/../lib/gcc/arm-none-eabi/14.3.1/../../../../arm-none-eabi/lib/thumb/v7e-m+fp/hard/libc_nano.a(libc_a-mlock.o)
                0x080032d4                __malloc_unlock
 .text.__ssputs_r
                0x080032e0       0xc0 /home/mike/bin/arm-gnu-toolchain-14.3.rel1-x86_64-arm-none-eabi/bin/../lib/gcc/arm-none-eabi/14.3.1/../../../../arm-none-eabi/lib/thumb/v7e-m+fp/hard/libc_nano.a(libc_a-nano-svfprintf.o)
                0x080032e0                __ssputs_r
 .text._svfprintf_r
                0x080033a0      0x1f0 /home/mike/bin/arm-gnu-toolchain-14.3.rel1-x86_64-arm-none-eabi/bin/../lib/gcc/arm-none-eabi/14.3.1/../../../../arm-none-eabi/lib/thumb/v7e-m+fp/hard/libc_nano.a(libc_a-nano-svfprintf.o)
                0x080033a0                _svfprintf_r
                0x080033a0                _svfiprintf_r
 .text._printf_common
                0x08003590       0xda /home/mike/bin/arm-gnu-toolchain-14.3.rel1-x86_64-arm-none-eabi/bin/../lib/gcc/arm-none-eabi/14.3.1/../../../../arm-none-eabi/lib/thumb/v7e-m+fp/hard/libc_nano.a(libc_a-nano-vfprintf_i.o)
                0x08003590                _printf_common
 *fill*         0x0800366a        0x2 
 .text._printf_i
                0x0800366c      0x24c /home/mike/bin/arm-gnu-toolchain-14.3.rel1-x86_64-arm-none-eabi/bin/../lib/gcc/arm-none-eabi/14.3.1/../../../../arm-none-eabi/lib/thumb/v7e-m+fp/hard/libc_nano.a(libc_a-nano-vfprintf_i.o)
                0x0800366c                _printf_i
 .text.memmove  0x080038b8       0x32 /home/mike/bin/arm-gnu-toolchain-14.3.rel1-x86_64-arm-none-eabi/bin/../lib/gcc/arm-none-eabi/14.3.1/../../../../arm-none-eabi/lib/thumb/v7e-m+fp/hard/libc_nano.a(libc_a-memmove.o)
                0x080038b8                memmove
 *fill*         0x080038ea        0x2 
 .text._sbrk_r  0x080038ec       0x20 /home/mike/bin/arm-gnu-toolchain-14.3.rel1-x86_64-arm-none-eabi/bin/../lib/gcc/arm-none-eabi/14.3.1/../../../../arm-none-eabi/lib/thumb/v7e-m+fp/hard/libc_nano.a(libc_a-sbrkr.o)
                0x080038ec                _sbrk_r
 .text.memcpy   0x0800390c       0x1c /home/mike/bin/arm-gnu-toolchain-14.3.rel1-x86_64-arm-none-eabi/bin/../lib/gcc/arm-none-eabi/14.3.1/../../../../arm-none-eabi/lib/thumb/v7e-m+fp/hard/libc_nano.a(libc_a-memcpy-stub.o)
                0x0800390c                memcpy
 .text._realloc_r
                0x08003928       0x5c /home/mike/bin/arm-gnu-toolchain-14.3.rel1-x86_64-arm-none-eabi/bin/../lib/gcc/arm-none-eabi/14.3.1/../../../../arm-none-eabi/lib/thumb/v7e-m+fp/hard/libc_nano.a(libc_a-reallocr.o)
                0x08003928                _realloc_r
 .text._malloc_usable_size_r
                0x08003984       0x10 /home/mike/bin/arm-gnu-toolchain-14.3.rel1-x86_64-arm-none-eabi/bin/../lib/gcc/arm-none-eabi/14.3.1/../../../../arm-none-eabi/lib/thumb/v7e-m+fp/hard/libc_nano.a(libc_a-msizer.o)
                0x08003984                _malloc_usable_size_r
 .text.__udivmoddi4
                0x08003994      0x2f8 /home/mike/bin/arm-gnu-toolchain-14.3.rel1-x86_64-arm-none-eabi/bin/../lib/gcc/arm-none-eabi/14.3.1/thumb/v7e-m+fp/hard/libgcc.a(_udivmoddi4.o)
                0x08003994                __udivmoddi4
 *(.glue_7)
 .glue_7        0x08003c8c        0x0 linker stubs
 *(.glue_7t)
 .glue_7t       0x08003c8c        0x0 linker stubs
 *(.eh_frame)
 .eh_frame      0x08003c8c        0x0 /home/mike/bin/arm-gnu-toolchain-14.3.rel1-x86_64-arm-none-eabi/bin/../lib/gcc/arm-none-eabi/14.3.1/thumb/v7e-m+fp/hard/crtbegin.o
 *(.init)
 .init          0x08003c8c        0x4 /home/mike/bin/arm-gnu-toolchain-14.3.rel1-x86_64-arm-none-eabi/bin/../lib/gcc/arm-none-eabi/14.3.1/thumb/v7e-m+fp/hard/crti.o
                0x08003c8c                _init
 .init          0x08003c90        0x8 /home/mike/bin/arm-gnu-toolchain-14.3.rel1-x86_64-arm-none-eabi/bin/../lib/gcc/arm-none-eabi/14.3.1/thumb/v7e-m+fp/hard/crtn.o
 *(.fini)
 .fini          0x08003c98        0x4 /home/mike/bin/arm-gnu-toolchain-14.3.rel1-x86_64-arm-none-eabi/bin/../lib/gcc/arm-none-eabi/14.3.1/thumb/v7e-m+fp/hard/crti.o
                0x08003c98                _fini
 .fini          0x08003c9c        0x8 /home/mike/bin/arm-gnu-toolchain-14.3.rel1-x86_64-arm-none-eabi/bin/../lib/gcc/arm-none-eabi/14.3.1/thumb/v7e-m+fp/hard/crtn.o
                0x08003ca4                        . = ALIGN (0x4)
                0x08003ca4                        _etext = .

.vfp11_veneer   0x08003ca4        0x0
 .vfp11_veneer  0x08003ca4        0x0 linker stubs

.v4_bx          0x08003ca4        0x0
 .v4_bx         0x08003ca4        0x0 linker stubs

.iplt           0x08003ca4        0x0
 .iplt          0x08003ca4        0x0 /home/mike/bin/arm-gnu-toolchain-14.3.rel1-x86_64-arm-none-eabi/bin/../lib/gcc/arm-none-eabi/14.3.1/thumb/v7e-m+fp/hard/crtbegin.o

.rodata         0x08003ca4       0x70
                0x08003ca4                        . = ALIGN (0x4)
 *(.rodata)
 *(.rodata*)
 .rodata.lcd1602_init.str1.4
                0x08003ca4       0x23 build/init_peripherials.o
                                 0x13 (size before relaxing)
 .rodata.SysTick_Handler.str1.4
                0x08003cc7        0xf build/stm32f4xx_it.o
 *fill*         0x08003cc7        0x1 
 .rodata.APBPrescTable
                0x08003cc8        0x8 build/system_stm32f4xx.o
                0x08003cc8                APBPrescTable
 .rodata.AHBPrescTable
                0x08003cd0       0x10 build/system_stm32f4xx.o
                0x08003cd0                AHBPrescTable
 .rodata._svfprintf_r.str1.1
                0x08003ce0       0x33 /home/mike/bin/arm-gnu-toolchain-14.3.rel1-x86_64-arm-none-eabi/bin/../lib/gcc/arm-none-eabi/14.3.1/../../../../arm-none-eabi/lib/thumb/v7e-m+fp/hard/libc_nano.a(libc_a-nano-svfprintf.o)
                                 0x11 (size before relaxing)
 .rodata._printf_i.str1.1
                0x08003d13       0x22 /home/mike/bin/arm-gnu-toolchain-14.3.rel1-x86_64-arm-none-eabi/bin/../lib/gcc/arm-none-eabi/14.3.1/../../../../arm-none-eabi/lib/thumb/v7e-m+fp/hard/libc_nano.a(libc_a-nano-vfprintf_i.o)
                0x08003d38                        . = ALIGN (0x4)
 *fill*         0x08003d13        0x1 

.ARM.extab      0x08003d14        0x0
                0x08003d14                        . = ALIGN (0x4)
 *(.ARM.extab* .gnu.linkonce.armextab.*)
                0x08003d14                        . = ALIGN (0x4)

.ARM            0x08003d14        0x8
                0x08003d14                        . = ALIGN (0x4)
                0x08003d14                        __exidx_start = .
 *(.ARM.exidx*)
 .ARM.exidx     0x08003d14        0x8 /home/mike/bin/arm-gnu-toolchain-14.3.rel1-x86_64-arm-none-eabi/bin/../lib/gcc/arm-none-eabi/14.3.1/../../../../arm-none-eabi/lib/thumb/v7e-m+fp/hard/libc_nano.a(libc_a-memchr.o)
 .ARM.exidx.text.__udivmoddi4
                0x08003d1c        0x0 /home/mike/bin/arm-gnu-toolchain-14.3.rel1-x86_64-arm-none-eabi/bin/../lib/gcc/arm-none-eabi/14.3.1/thumb/v7e-m+fp/hard/libgcc.a(_udivmoddi4.o)
                                  0x8 (size before relaxing)
                0x08003d1c                        __exidx_end = .
                0x08003d1c                        . = ALIGN (0x4)

.preinit_array  0x08003d1c        0x0
                0x08003d1c                        . = ALIGN (0x4)
                0x08003d1c                        PROVIDE (__preinit_array_start = .)
 *(.preinit_array*)
                0x08003d1c                        PROVIDE (__preinit_array_end = .)
                0x08003d1c                        . = ALIGN (0x4)

.init_array     0x08003d1c        0x4
                0x08003d1c                        . = ALIGN (0x4)
                0x08003d1c                        PROVIDE (__init_array_start = .)
 *(SORT_BY_NAME(.init_array.*))
 *(.init_array*)
 .init_array    0x08003d1c        0x4 /home/mike/bin/arm-gnu-toolchain-14.3.rel1-x86_64-arm-none-eabi/bin/../lib/gcc/arm-none-eabi/14.3.1/thumb/v7e-m+fp/hard/crtbegin.o
                0x08003d20                        PROVIDE (__init_array_end = .)
                0x08003d20                        . = ALIGN (0x4)

.fini_array     0x08003d20        0x4
                0x08003d20                        . = ALIGN (0x4)
                [!provide]                        PROVIDE (__fini_array_start = .)
 *(SORT_BY_NAME(.fini_array.*))
 *(.fini_array*)
 .fini_array    0x08003d20        0x4 /home/mike/bin/arm-gnu-toolchain-14.3.rel1-x86_64-arm-none-eabi/bin/../lib/gcc/arm-none-eabi/14.3.1/thumb/v7e-m+fp/hard/crtbegin.o
                [!provide]                        PROVIDE (__fini_array_end = .)
                0x08003d24                        . = ALIGN (0x4)
                0x08003d24                        _sidata = LOADADDR (.data)

.rel.dyn        0x08003d24        0x0
 .rel.iplt      0x08003d24        0x0 /home/mike/bin/arm-gnu-toolchain-14.3.rel1-x86_64-arm-none-eabi/bin/../lib/gcc/arm-none-eabi/14.3.1/thumb/v7e-m+fp/hard/crtbegin.o

.data           0x20000000       0x60 load address 0x08003d24
                0x20000000                        . = ALIGN (0x4)
                0x20000000                        _sdata = .
 *(.data)
 *(.data*)
 .data.bmp180_addr
                0x20000000        0x2 build/main.o
                0x20000000                bmp180_addr
 .data.lcd1604_addr
                0x20000002        0x2 build/main.o
                0x20000002                lcd1604_addr
 .data.cmd      0x20000004        0x1 build/init_peripherials.o
                0x20000004                cmd
 .data.uwTickFreq
                0x20000005        0x1 build/stm32f4xx_hal.o
                0x20000005                uwTickFreq
 *fill*         0x20000006        0x2 
 .data.uwTickPrio
                0x20000008        0x4 build/stm32f4xx_hal.o
                0x20000008                uwTickPrio
 .data.SystemCoreClock
                0x2000000c        0x4 build/system_stm32f4xx.o
                0x2000000c                SystemCoreClock
 .data._impure_ptr
                0x20000010        0x4 /home/mike/bin/arm-gnu-toolchain-14.3.rel1-x86_64-arm-none-eabi/bin/../lib/gcc/arm-none-eabi/14.3.1/../../../../arm-none-eabi/lib/thumb/v7e-m+fp/hard/libc_nano.a(libc_a-impure.o)
                0x20000010                _impure_ptr
 .data._impure_data
                0x20000014       0x4c /home/mike/bin/arm-gnu-toolchain-14.3.rel1-x86_64-arm-none-eabi/bin/../lib/gcc/arm-none-eabi/14.3.1/../../../../arm-none-eabi/lib/thumb/v7e-m+fp/hard/libc_nano.a(libc_a-impure.o)
                0x20000014                _impure_data
 *(.RamFunc)
 *(.RamFunc*)
                0x20000060                        . = ALIGN (0x4)
                0x20000060                        _edata = .

.tm_clone_table
                0x20000060        0x0 load address 0x08003d84
 .tm_clone_table
                0x20000060        0x0 /home/mike/bin/arm-gnu-toolchain-14.3.rel1-x86_64-arm-none-eabi/bin/../lib/gcc/arm-none-eabi/14.3.1/thumb/v7e-m+fp/hard/crtbegin.o
 .tm_clone_table
                0x20000060        0x0 /home/mike/bin/arm-gnu-toolchain-14.3.rel1-x86_64-arm-none-eabi/bin/../lib/gcc/arm-none-eabi/14.3.1/thumb/v7e-m+fp/hard/crtend.o

.igot.plt       0x20000060        0x0 load address 0x08003d84
 .igot.plt      0x20000060        0x0 /home/mike/bin/arm-gnu-toolchain-14.3.rel1-x86_64-arm-none-eabi/bin/../lib/gcc/arm-none-eabi/14.3.1/thumb/v7e-m+fp/hard/crtbegin.o
                0x20000060                        . = ALIGN (0x4)

.bss            0x20000060      0x298 load address 0x08003d84
                0x20000060                        _sbss = .
                0x20000060                        __bss_start__ = _sbss
 *(.bss)
 *(.bss*)
 .bss.completed.1
                0x20000060        0x1 /home/mike/bin/arm-gnu-toolchain-14.3.rel1-x86_64-arm-none-eabi/bin/../lib/gcc/arm-none-eabi/14.3.1/thumb/v7e-m+fp/hard/crtbegin.o
 *fill*         0x20000061        0x3 
 .bss.object.0  0x20000064       0x18 /home/mike/bin/arm-gnu-toolchain-14.3.rel1-x86_64-arm-none-eabi/bin/../lib/gcc/arm-none-eabi/14.3.1/thumb/v7e-m+fp/hard/crtbegin.o
 .bss.B5        0x2000007c        0x4 build/main.o
                0x2000007c                B5
 .bss.X2        0x20000080        0x4 build/main.o
                0x20000080                X2
 .bss.X1        0x20000084        0x4 build/main.o
                0x20000084                X1
 .bss.AC6       0x20000088        0x2 build/main.o
                0x20000088                AC6
 .bss.AC5       0x2000008a        0x2 build/main.o
                0x2000008a                AC5
 .bss.AC4       0x2000008c        0x2 build/main.o
                0x2000008c                AC4
 .bss.MD        0x2000008e        0x2 build/main.o
                0x2000008e                MD
 .bss.MC        0x20000090        0x2 build/main.o
                0x20000090                MC
 .bss.MB        0x20000092        0x2 build/main.o
                0x20000092                MB
 .bss.B2        0x20000094        0x2 build/main.o
                0x20000094                B2
 .bss.B1        0x20000096        0x2 build/main.o
                0x20000096                B1
 .bss.AC3       0x20000098        0x2 build/main.o
                0x20000098                AC3
 .bss.AC2       0x2000009a        0x2 build/main.o
                0x2000009a                AC2
 .bss.AC1       0x2000009c        0x2 build/main.o
                0x2000009c                AC1
 *fill*         0x2000009e        0x2 
 .bss.GLOBAL_MESSAGE_BUFFER
                0x200000a0       0x1e build/main.o
                0x200000a0                GLOBAL_MESSAGE_BUFFER
 *fill*         0x200000be        0x2 
 .bss.pressure_buf
                0x200000c0        0x3 build/main.o
                0x200000c0                pressure_buf
 *fill*         0x200000c3        0x1 
 .bss.temperature_buf
                0x200000c4        0x2 build/main.o
                0x200000c4                temperature_buf
 *fill*         0x200000c6        0x2 
 .bss.calib_data
                0x200000c8       0x16 build/main.o
                0x200000c8                calib_data
 *fill*         0x200000de        0x2 
 .bss.huart2    0x200000e0       0x48 build/main.o
                0x200000e0                huart2
 .bss.hrtc      0x20000128       0x20 build/main.o
                0x20000128                hrtc
 .bss.hi2c1     0x20000148       0x54 build/main.o
                0x20000148                hi2c1
 .bss.pressure_result
                0x2000019c        0x4 build/stm32f4xx_it.o
                0x2000019c                pressure_result
 .bss.temperature_result
                0x200001a0        0x4 build/stm32f4xx_it.o
                0x200001a0                temperature_result
 .bss.SysTick_20Sec_Counter
                0x200001a4        0x4 build/stm32f4xx_it.o
 .bss.uwTick    0x200001a8        0x4 build/stm32f4xx_hal.o
                0x200001a8                uwTick
 .bss.__sbrk_heap_end
                0x200001ac        0x4 build/sysmem.o
 .bss.__sf      0x200001b0      0x138 /home/mike/bin/arm-gnu-toolchain-14.3.rel1-x86_64-arm-none-eabi/bin/../lib/gcc/arm-none-eabi/14.3.1/../../../../arm-none-eabi/lib/thumb/v7e-m+fp/hard/libc_nano.a(libc_a-findfp.o)
                0x200001b0                __sf
 .bss.errno     0x200002e8        0x4 /home/mike/bin/arm-gnu-toolchain-14.3.rel1-x86_64-arm-none-eabi/bin/../lib/gcc/arm-none-eabi/14.3.1/../../../../arm-none-eabi/lib/thumb/v7e-m+fp/hard/libc_nano.a(libc_a-reent.o)
                0x200002e8                errno
 .bss.__lock___malloc_recursive_mutex
                0x200002ec        0x1 /home/mike/bin/arm-gnu-toolchain-14.3.rel1-x86_64-arm-none-eabi/bin/../lib/gcc/arm-none-eabi/14.3.1/../../../../arm-none-eabi/lib/thumb/v7e-m+fp/hard/libc_nano.a(libc_a-lock.o)
                0x200002ec                __lock___malloc_recursive_mutex
 *fill*         0x200002ed        0x3 
 .bss.__malloc_sbrk_start
                0x200002f0        0x4 /home/mike/bin/arm-gnu-toolchain-14.3.rel1-x86_64-arm-none-eabi/bin/../lib/gcc/arm-none-eabi/14.3.1/../../../../arm-none-eabi/lib/thumb/v7e-m+fp/hard/libc_nano.a(libc_a-mallocr.o)
                0x200002f0                __malloc_sbrk_start
 .bss.__malloc_free_list
                0x200002f4        0x4 /home/mike/bin/arm-gnu-toolchain-14.3.rel1-x86_64-arm-none-eabi/bin/../lib/gcc/arm-none-eabi/14.3.1/../../../../arm-none-eabi/lib/thumb/v7e-m+fp/hard/libc_nano.a(libc_a-mallocr.o)
                0x200002f4                __malloc_free_list
 *(COMMON)
                0x200002f8                        . = ALIGN (0x4)
                0x200002f8                        _ebss = .
                0x200002f8                        __bss_end__ = _ebss

._user_heap_stack
                0x200002f8      0x600 load address 0x08003d84
                0x200002f8                        . = ALIGN (0x8)
                [!provide]                        PROVIDE (end = .)
                0x200002f8                        PROVIDE (_end = .)
                0x200004f8                        . = (. + _Min_Heap_Size)
 *fill*         0x200002f8      0x200 
                0x200008f8                        . = (. + _Min_Stack_Size)
 *fill*         0x200004f8      0x400 
                0x200008f8                        . = ALIGN (0x8)

/DISCARD/
 libc.a(*)
 libm.a(*)
 libgcc.a(*)
OUTPUT(build/smeteo.elf elf32-littlearm)
LOAD linker stubs
LOAD /home/mike/bin/arm-gnu-toolchain-14.3.rel1-x86_64-arm-none-eabi/bin/../lib/gcc/arm-none-eabi/14.3.1/../../../../arm-none-eabi/lib/thumb/v7e-m+fp/hard/libc.a
LOAD /home/mike/bin/arm-gnu-toolchain-14.3.rel1-x86_64-arm-none-eabi/bin/../lib/gcc/arm-none-eabi/14.3.1/../../../../arm-none-eabi/lib/thumb/v7e-m+fp/hard/libm.a
LOAD /home/mike/bin/arm-gnu-toolchain-14.3.rel1-x86_64-arm-none-eabi/bin/../lib/gcc/arm-none-eabi/14.3.1/thumb/v7e-m+fp/hard/libgcc.a

.ARM.attributes
                0x00000000       0x30
 .ARM.attributes
                0x00000000       0x22 /home/mike/bin/arm-gnu-toolchain-14.3.rel1-x86_64-arm-none-eabi/bin/../lib/gcc/arm-none-eabi/14.3.1/thumb/v7e-m+fp/hard/crti.o
 .ARM.attributes
                0x00000022       0x34 /home/mike/bin/arm-gnu-toolchain-14.3.rel1-x86_64-arm-none-eabi/bin/../lib/gcc/arm-none-eabi/14.3.1/thumb/v7e-m+fp/hard/crtbegin.o
 .ARM.attributes
                0x00000056       0x34 build/main.o
 .ARM.attributes
                0x0000008a       0x34 build/init_peripherials.o
 .ARM.attributes
                0x000000be       0x34 build/transmit_and_recieve_control.o
 .ARM.attributes
                0x000000f2       0x34 build/stm32f4xx_it.o
 .ARM.attributes
                0x00000126       0x34 build/stm32f4xx_hal_msp.o
 .ARM.attributes
                0x0000015a       0x34 build/stm32f4xx_hal_i2c.o
 .ARM.attributes
                0x0000018e       0x34 build/stm32f4xx_hal_rcc.o
 .ARM.attributes
                0x000001c2       0x34 build/stm32f4xx_hal_rcc_ex.o
 .ARM.attributes
                0x000001f6       0x34 build/stm32f4xx_hal_gpio.o
 .ARM.attributes
                0x0000022a       0x34 build/stm32f4xx_hal_cortex.o
 .ARM.attributes
                0x0000025e       0x34 build/stm32f4xx_hal.o
 .ARM.attributes
                0x00000292       0x34 build/stm32f4xx_hal_rtc.o
 .ARM.attributes
                0x000002c6       0x34 build/stm32f4xx_hal_uart.o
 .ARM.attributes
                0x000002fa       0x34 build/system_stm32f4xx.o
 .ARM.attributes
                0x0000032e       0x34 build/sysmem.o
 .ARM.attributes
                0x00000362       0x21 build/startup_stm32f401xe.o
 .ARM.attributes
                0x00000383       0x34 /home/mike/bin/arm-gnu-toolchain-14.3.rel1-x86_64-arm-none-eabi/bin/../lib/gcc/arm-none-eabi/14.3.1/../../../../arm-none-eabi/lib/thumb/v7e-m+fp/hard/libc_nano.a(libc_a-findfp.o)
 .ARM.attributes
                0x000003b7       0x34 /home/mike/bin/arm-gnu-toolchain-14.3.rel1-x86_64-arm-none-eabi/bin/../lib/gcc/arm-none-eabi/14.3.1/../../../../arm-none-eabi/lib/thumb/v7e-m+fp/hard/libc_nano.a(libc_a-snprintf.o)
 .ARM.attributes
                0x000003eb       0x34 /home/mike/bin/arm-gnu-toolchain-14.3.rel1-x86_64-arm-none-eabi/bin/../lib/gcc/arm-none-eabi/14.3.1/../../../../arm-none-eabi/lib/thumb/v7e-m+fp/hard/libc_nano.a(libc_a-memset.o)
 .ARM.attributes
                0x0000041f       0x34 /home/mike/bin/arm-gnu-toolchain-14.3.rel1-x86_64-arm-none-eabi/bin/../lib/gcc/arm-none-eabi/14.3.1/../../../../arm-none-eabi/lib/thumb/v7e-m+fp/hard/libc_nano.a(libc_a-reent.o)
 .ARM.attributes
                0x00000453       0x34 /home/mike/bin/arm-gnu-toolchain-14.3.rel1-x86_64-arm-none-eabi/bin/../lib/gcc/arm-none-eabi/14.3.1/../../../../arm-none-eabi/lib/thumb/v7e-m+fp/hard/libc_nano.a(libc_a-impure.o)
 .ARM.attributes
                0x00000487       0x34 /home/mike/bin/arm-gnu-toolchain-14.3.rel1-x86_64-arm-none-eabi/bin/../lib/gcc/arm-none-eabi/14.3.1/../../../../arm-none-eabi/lib/thumb/v7e-m+fp/hard/libc_nano.a(libc_a-errno.o)
 .ARM.attributes
                0x000004bb       0x34 /home/mike/bin/arm-gnu-toolchain-14.3.rel1-x86_64-arm-none-eabi/bin/../lib/gcc/arm-none-eabi/14.3.1/../../../../arm-none-eabi/lib/thumb/v7e-m+fp/hard/libc_nano.a(libc_a-init.o)
 .ARM.attributes
                0x000004ef       0x34 /home/mike/bin/arm-gnu-toolchain-14.3.rel1-x86_64-arm-none-eabi/bin/../lib/gcc/arm-none-eabi/14.3.1/../../../../arm-none-eabi/lib/thumb/v7e-m+fp/hard/libc_nano.a(libc_a-lock.o)
 .ARM.attributes
                0x00000523       0x34 /home/mike/bin/arm-gnu-toolchain-14.3.rel1-x86_64-arm-none-eabi/bin/../lib/gcc/arm-none-eabi/14.3.1/../../../../arm-none-eabi/lib/thumb/v7e-m+fp/hard/libc_nano.a(libc_a-freer.o)
 .ARM.attributes
                0x00000557       0x34 /home/mike/bin/arm-gnu-toolchain-14.3.rel1-x86_64-arm-none-eabi/bin/../lib/gcc/arm-none-eabi/14.3.1/../../../../arm-none-eabi/lib/thumb/v7e-m+fp/hard/libc_nano.a(libc_a-mallocr.o)
 .ARM.attributes
                0x0000058b       0x34 /home/mike/bin/arm-gnu-toolchain-14.3.rel1-x86_64-arm-none-eabi/bin/../lib/gcc/arm-none-eabi/14.3.1/../../../../arm-none-eabi/lib/thumb/v7e-m+fp/hard/libc_nano.a(libc_a-mlock.o)
 .ARM.attributes
                0x000005bf       0x34 /home/mike/bin/arm-gnu-toolchain-14.3.rel1-x86_64-arm-none-eabi/bin/../lib/gcc/arm-none-eabi/14.3.1/../../../../arm-none-eabi/lib/thumb/v7e-m+fp/hard/libc_nano.a(libc_a-nano-svfprintf.o)
 .ARM.attributes
                0x000005f3       0x34 /home/mike/bin/arm-gnu-toolchain-14.3.rel1-x86_64-arm-none-eabi/bin/../lib/gcc/arm-none-eabi/14.3.1/../../../../arm-none-eabi/lib/thumb/v7e-m+fp/hard/libc_nano.a(libc_a-nano-vfprintf_i.o)
 .ARM.attributes
                0x00000627       0x34 /home/mike/bin/arm-gnu-toolchain-14.3.rel1-x86_64-arm-none-eabi/bin/../lib/gcc/arm-none-eabi/14.3.1/../../../../arm-none-eabi/lib/thumb/v7e-m+fp/hard/libc_nano.a(libc_a-memmove.o)
 .ARM.attributes
                0x0000065b       0x34 /home/mike/bin/arm-gnu-toolchain-14.3.rel1-x86_64-arm-none-eabi/bin/../lib/gcc/arm-none-eabi/14.3.1/../../../../arm-none-eabi/lib/thumb/v7e-m+fp/hard/libc_nano.a(libc_a-sbrkr.o)
 .ARM.attributes
                0x0000068f       0x1c /home/mike/bin/arm-gnu-toolchain-14.3.rel1-x86_64-arm-none-eabi/bin/../lib/gcc/arm-none-eabi/14.3.1/../../../../arm-none-eabi/lib/thumb/v7e-m+fp/hard/libc_nano.a(libc_a-memchr.o)
 .ARM.attributes
                0x000006ab       0x34 /home/mike/bin/arm-gnu-toolchain-14.3.rel1-x86_64-arm-none-eabi/bin/../lib/gcc/arm-none-eabi/14.3.1/../../../../arm-none-eabi/lib/thumb/v7e-m+fp/hard/libc_nano.a(libc_a-memcpy-stub.o)
 .ARM.attributes
                0x000006df       0x34 /home/mike/bin/arm-gnu-toolchain-14.3.rel1-x86_64-arm-none-eabi/bin/../lib/gcc/arm-none-eabi/14.3.1/../../../../arm-none-eabi/lib/thumb/v7e-m+fp/hard/libc_nano.a(libc_a-reallocr.o)
 .ARM.attributes
                0x00000713       0x34 /home/mike/bin/arm-gnu-toolchain-14.3.rel1-x86_64-arm-none-eabi/bin/../lib/gcc/arm-none-eabi/14.3.1/../../../../arm-none-eabi/lib/thumb/v7e-m+fp/hard/libc_nano.a(libc_a-msizer.o)
 .ARM.attributes
                0x00000747       0x22 /home/mike/bin/arm-gnu-toolchain-14.3.rel1-x86_64-arm-none-eabi/bin/../lib/gcc/arm-none-eabi/14.3.1/thumb/v7e-m+fp/hard/libgcc.a(_arm_addsubdf3.o)
 .ARM.attributes
                0x00000769       0x22 /home/mike/bin/arm-gnu-toolchain-14.3.rel1-x86_64-arm-none-eabi/bin/../lib/gcc/arm-none-eabi/14.3.1/thumb/v7e-m+fp/hard/libgcc.a(_arm_muldivdf3.o)
 .ARM.attributes
                0x0000078b       0x22 /home/mike/bin/arm-gnu-toolchain-14.3.rel1-x86_64-arm-none-eabi/bin/../lib/gcc/arm-none-eabi/14.3.1/thumb/v7e-m+fp/hard/libgcc.a(_arm_fixdfsi.o)
 .ARM.attributes
                0x000007ad       0x22 /home/mike/bin/arm-gnu-toolchain-14.3.rel1-x86_64-arm-none-eabi/bin/../lib/gcc/arm-none-eabi/14.3.1/thumb/v7e-m+fp/hard/libgcc.a(_aeabi_uldivmod.o)
 .ARM.attributes
                0x000007cf       0x34 /home/mike/bin/arm-gnu-toolchain-14.3.rel1-x86_64-arm-none-eabi/bin/../lib/gcc/arm-none-eabi/14.3.1/thumb/v7e-m+fp/hard/libgcc.a(_udivmoddi4.o)
 .ARM.attributes
                0x00000803       0x22 /home/mike/bin/arm-gnu-toolchain-14.3.rel1-x86_64-arm-none-eabi/bin/../lib/gcc/arm-none-eabi/14.3.1/thumb/v7e-m+fp/hard/libgcc.a(_dvmd_tls.o)
 .ARM.attributes
                0x00000825       0x34 /home/mike/bin/arm-gnu-toolchain-14.3.rel1-x86_64-arm-none-eabi/bin/../lib/gcc/arm-none-eabi/14.3.1/thumb/v7e-m+fp/hard/crtend.o
 .ARM.attributes
                0x00000859       0x22 /home/mike/bin/arm-gnu-toolchain-14.3.rel1-x86_64-arm-none-eabi/bin/../lib/gcc/arm-none-eabi/14.3.1/thumb/v7e-m+fp/hard/crtn.o

.comment        0x00000000       0x46
 .comment       0x00000000       0x46 build/main.o
                                 0x47 (size before relaxing)
 .comment       0x00000046       0x47 build/init_peripherials.o
 .comment       0x00000046       0x47 build/transmit_and_recieve_control.o
 .comment       0x00000046       0x47 build/stm32f4xx_it.o
 .comment       0x00000046       0x47 build/stm32f4xx_hal_msp.o
 .comment       0x00000046       0x47 build/stm32f4xx_hal_i2c.o
 .comment       0x00000046       0x47 build/stm32f4xx_hal_rcc.o
 .comment       0x00000046       0x47 build/stm32f4xx_hal_rcc_ex.o
 .comment       0x00000046       0x47 build/stm32f4xx_hal_gpio.o
 .comment       0x00000046       0x47 build/stm32f4xx_hal_cortex.o
 .comment       0x00000046       0x47 build/stm32f4xx_hal.o
 .comment       0x00000046       0x47 build/stm32f4xx_hal_rtc.o
 .comment       0x00000046       0x47 build/stm32f4xx_hal_uart.o
 .comment       0x00000046       0x47 build/system_stm32f4xx.o
 .comment       0x00000046       0x47 build/sysmem.o

.debug_info     0x00000000    0x12298
 .debug_info    0x00000000     0x1c6f build/main.o
 .debug_info    0x00001c6f      0xbe0 build/init_peripherials.o
 .debug_info    0x0000284f      0xb68 build/transmit_and_recieve_control.o
 .debug_info    0x000033b7      0x9f5 build/stm32f4xx_it.o
 .debug_info    0x00003dac     0x140e build/stm32f4xx_hal_msp.o
 .debug_info    0x000051ba     0x3c18 build/stm32f4xx_hal_i2c.o
 .debug_info    0x00008dd2      0xc4c build/stm32f4xx_hal_rcc.o
 .debug_info    0x00009a1e      0x742 build/stm32f4xx_hal_rcc_ex.o
 .debug_info    0x0000a160      0x872 build/stm32f4xx_hal_gpio.o
 .debug_info    0x0000a9d2     0x114a build/stm32f4xx_hal_cortex.o
 .debug_info    0x0000bb1c      0xa8a build/stm32f4xx_hal.o
 .debug_info    0x0000c5a6     0x11a4 build/stm32f4xx_hal_rtc.o
 .debug_info    0x0000d74a     0x43ad build/stm32f4xx_hal_uart.o
 .debug_info    0x00011af7      0x5e5 build/system_stm32f4xx.o
 .debug_info    0x000120dc      0x18c build/sysmem.o
 .debug_info    0x00012268       0x30 build/startup_stm32f401xe.o

.debug_abbrev   0x00000000     0x233b
 .debug_abbrev  0x00000000      0x2f6 build/main.o
 .debug_abbrev  0x000002f6      0x1b3 build/init_peripherials.o
 .debug_abbrev  0x000004a9      0x213 build/transmit_and_recieve_control.o
 .debug_abbrev  0x000006bc      0x22c build/stm32f4xx_it.o
 .debug_abbrev  0x000008e8      0x223 build/stm32f4xx_hal_msp.o
 .debug_abbrev  0x00000b0b      0x339 build/stm32f4xx_hal_i2c.o
 .debug_abbrev  0x00000e44      0x2de build/stm32f4xx_hal_rcc.o
 .debug_abbrev  0x00001122      0x1dc build/stm32f4xx_hal_rcc_ex.o
 .debug_abbrev  0x000012fe      0x22b build/stm32f4xx_hal_gpio.o
 .debug_abbrev  0x00001529      0x3ca build/stm32f4xx_hal_cortex.o
 .debug_abbrev  0x000018f3      0x275 build/stm32f4xx_hal.o
 .debug_abbrev  0x00001b68      0x239 build/stm32f4xx_hal_rtc.o
 .debug_abbrev  0x00001da1      0x377 build/stm32f4xx_hal_uart.o
 .debug_abbrev  0x00002118      0x11b build/system_stm32f4xx.o
 .debug_abbrev  0x00002233       0xeb build/sysmem.o
 .debug_abbrev  0x0000231e       0x1d build/startup_stm32f401xe.o

.debug_loc      0x00000000     0xdd35
 .debug_loc     0x00000000      0x1e6 build/main.o
 .debug_loc     0x000001e6       0x64 build/init_peripherials.o
 .debug_loc     0x0000024a      0x3da build/transmit_and_recieve_control.o
 .debug_loc     0x00000624       0x44 build/stm32f4xx_it.o
 .debug_loc     0x00000668      0x29b build/stm32f4xx_hal_msp.o
 .debug_loc     0x00000903     0x545a build/stm32f4xx_hal_i2c.o
 .debug_loc     0x00005d5d      0x712 build/stm32f4xx_hal_rcc.o
 .debug_loc     0x0000646f      0x45d build/stm32f4xx_hal_rcc_ex.o
 .debug_loc     0x000068cc      0x60b build/stm32f4xx_hal_gpio.o
 .debug_loc     0x00006ed7      0x8ff build/stm32f4xx_hal_cortex.o
 .debug_loc     0x000077d6      0x1f9 build/stm32f4xx_hal.o
 .debug_loc     0x000079cf     0x11a9 build/stm32f4xx_hal_rtc.o
 .debug_loc     0x00008b78     0x507d build/stm32f4xx_hal_uart.o
 .debug_loc     0x0000dbf5       0xb0 build/system_stm32f4xx.o
 .debug_loc     0x0000dca5       0x90 build/sysmem.o

.debug_aranges  0x00000000      0xaa0
 .debug_aranges
                0x00000000       0x68 build/main.o
 .debug_aranges
                0x00000068       0x28 build/init_peripherials.o
 .debug_aranges
                0x00000090       0x48 build/transmit_and_recieve_control.o
 .debug_aranges
                0x000000d8       0x60 build/stm32f4xx_it.o
 .debug_aranges
                0x00000138       0x50 build/stm32f4xx_hal_msp.o
 .debug_aranges
                0x00000188      0x2a8 build/stm32f4xx_hal_i2c.o
 .debug_aranges
                0x00000430       0x88 build/stm32f4xx_hal_rcc.o
 .debug_aranges
                0x000004b8       0x48 build/stm32f4xx_hal_rcc_ex.o
 .debug_aranges
                0x00000500       0x58 build/stm32f4xx_hal_gpio.o
 .debug_aranges
                0x00000558       0xf8 build/stm32f4xx_hal_cortex.o
 .debug_aranges
                0x00000650       0xf0 build/stm32f4xx_hal.o
 .debug_aranges
                0x00000740       0xe8 build/stm32f4xx_hal_rtc.o
 .debug_aranges
                0x00000828      0x208 build/stm32f4xx_hal_uart.o
 .debug_aranges
                0x00000a30       0x28 build/system_stm32f4xx.o
 .debug_aranges
                0x00000a58       0x20 build/sysmem.o
 .debug_aranges
                0x00000a78       0x28 build/startup_stm32f401xe.o

.debug_ranges   0x00000000      0x9d8
 .debug_ranges  0x00000000       0x58 build/main.o
 .debug_ranges  0x00000058       0x18 build/init_peripherials.o
 .debug_ranges  0x00000070       0x38 build/transmit_and_recieve_control.o
 .debug_ranges  0x000000a8       0x50 build/stm32f4xx_it.o
 .debug_ranges  0x000000f8       0x40 build/stm32f4xx_hal_msp.o
 .debug_ranges  0x00000138      0x2b0 build/stm32f4xx_hal_i2c.o
 .debug_ranges  0x000003e8       0x90 build/stm32f4xx_hal_rcc.o
 .debug_ranges  0x00000478       0x38 build/stm32f4xx_hal_rcc_ex.o
 .debug_ranges  0x000004b0       0x48 build/stm32f4xx_hal_gpio.o
 .debug_ranges  0x000004f8       0xe8 build/stm32f4xx_hal_cortex.o
 .debug_ranges  0x000005e0       0xe0 build/stm32f4xx_hal.o
 .debug_ranges  0x000006c0       0xd8 build/stm32f4xx_hal_rtc.o
 .debug_ranges  0x00000798      0x1f8 build/stm32f4xx_hal_uart.o
 .debug_ranges  0x00000990       0x18 build/system_stm32f4xx.o
 .debug_ranges  0x000009a8       0x10 build/sysmem.o
 .debug_ranges  0x000009b8       0x20 build/startup_stm32f401xe.o

.debug_line     0x00000000     0xda5b
 .debug_line    0x00000000      0x743 build/main.o
 .debug_line    0x00000743      0x2a2 build/init_peripherials.o
 .debug_line    0x000009e5      0x425 build/transmit_and_recieve_control.o
 .debug_line    0x00000e0a      0x3b6 build/stm32f4xx_it.o
 .debug_line    0x000011c0      0x40a build/stm32f4xx_hal_msp.o
 .debug_line    0x000015ca     0x53e7 build/stm32f4xx_hal_i2c.o
 .debug_line    0x000069b1      0xbdf build/stm32f4xx_hal_rcc.o
 .debug_line    0x00007590      0x68f build/stm32f4xx_hal_rcc_ex.o
 .debug_line    0x00007c1f      0x6d7 build/stm32f4xx_hal_gpio.o
 .debug_line    0x000082f6      0x848 build/stm32f4xx_hal_cortex.o
 .debug_line    0x00008b3e      0x585 build/stm32f4xx_hal.o
 .debug_line    0x000090c3     0x10a1 build/stm32f4xx_hal_rtc.o
 .debug_line    0x0000a164     0x342c build/stm32f4xx_hal_uart.o
 .debug_line    0x0000d590      0x26b build/system_stm32f4xx.o
 .debug_line    0x0000d7fb      0x1ed build/sysmem.o
 .debug_line    0x0000d9e8       0x73 build/startup_stm32f401xe.o

.debug_str      0x00000000     0x34e1
 .debug_str     0x00000000     0x34e1 build/main.o
                                0xfc7 (size before relaxing)
 .debug_str     0x000034e1      0x930 build/init_peripherials.o
 .debug_str     0x000034e1      0x825 build/transmit_and_recieve_control.o
 .debug_str     0x000034e1      0x870 build/stm32f4xx_it.o
 .debug_str     0x000034e1      0xd4e build/stm32f4xx_hal_msp.o
 .debug_str     0x000034e1     0x1018 build/stm32f4xx_hal_i2c.o
 .debug_str     0x000034e1      0x6ee build/stm32f4xx_hal_rcc.o
 .debug_str     0x000034e1      0x4c0 build/stm32f4xx_hal_rcc_ex.o
 .debug_str     0x000034e1      0x4c8 build/stm32f4xx_hal_gpio.o
 .debug_str     0x000034e1      0xae9 build/stm32f4xx_hal_cortex.o
 .debug_str     0x000034e1      0x9ea build/stm32f4xx_hal.o
 .debug_str     0x000034e1      0x7ba build/stm32f4xx_hal_rtc.o
 .debug_str     0x000034e1      0xd71 build/stm32f4xx_hal_uart.o
 .debug_str     0x000034e1      0x35d build/system_stm32f4xx.o
 .debug_str     0x000034e1      0x1fb build/sysmem.o
 .debug_str     0x000034e1       0x58 build/startup_stm32f401xe.o

.debug_frame    0x00000000     0x2420
 .debug_frame   0x00000000      0x11c build/main.o
 .debug_frame   0x0000011c       0x48 build/init_peripherials.o
 .debug_frame   0x00000164       0xb8 build/transmit_and_recieve_control.o
 .debug_frame   0x0000021c       0xb0 build/stm32f4xx_it.o
 .debug_frame   0x000002cc       0xcc build/stm32f4xx_hal_msp.o
 .debug_frame   0x00000398      0x988 build/stm32f4xx_hal_i2c.o
 .debug_frame   0x00000d20      0x16c build/stm32f4xx_hal_rcc.o
 .debug_frame   0x00000e8c       0xa0 build/stm32f4xx_hal_rcc_ex.o
 .debug_frame   0x00000f2c       0xd8 build/stm32f4xx_hal_gpio.o
 .debug_frame   0x00001004      0x214 build/stm32f4xx_hal_cortex.o
 .debug_frame   0x00001218      0x1ec build/stm32f4xx_hal.o
 .debug_frame   0x00001404      0x284 build/stm32f4xx_hal_rtc.o
 .debug_frame   0x00001688      0x5e0 build/stm32f4xx_hal_uart.o
 .debug_frame   0x00001c68       0x30 build/system_stm32f4xx.o
 .debug_frame   0x00001c98       0x28 build/sysmem.o
 .debug_frame   0x00001cc0      0x144 /home/mike/bin/arm-gnu-toolchain-14.3.rel1-x86_64-arm-none-eabi/bin/../lib/gcc/arm-none-eabi/14.3.1/../../../../arm-none-eabi/lib/thumb/v7e-m+fp/hard/libc_nano.a(libc_a-findfp.o)
 .debug_frame   0x00001e04       0x7c /home/mike/bin/arm-gnu-toolchain-14.3.rel1-x86_64-arm-none-eabi/bin/../lib/gcc/arm-none-eabi/14.3.1/../../../../arm-none-eabi/lib/thumb/v7e-m+fp/hard/libc_nano.a(libc_a-snprintf.o)
 .debug_frame   0x00001e80       0x20 /home/mike/bin/arm-gnu-toolchain-14.3.rel1-x86_64-arm-none-eabi/bin/../lib/gcc/arm-none-eabi/14.3.1/../../../../arm-none-eabi/lib/thumb/v7e-m+fp/hard/libc_nano.a(libc_a-memset.o)
 .debug_frame   0x00001ea0       0x38 /home/mike/bin/arm-gnu-toolchain-14.3.rel1-x86_64-arm-none-eabi/bin/../lib/gcc/arm-none-eabi/14.3.1/../../../../arm-none-eabi/lib/thumb/v7e-m+fp/hard/libc_nano.a(libc_a-reent.o)
 .debug_frame   0x00001ed8       0x20 /home/mike/bin/arm-gnu-toolchain-14.3.rel1-x86_64-arm-none-eabi/bin/../lib/gcc/arm-none-eabi/14.3.1/../../../../arm-none-eabi/lib/thumb/v7e-m+fp/hard/libc_nano.a(libc_a-errno.o)
 .debug_frame   0x00001ef8       0x2c /home/mike/bin/arm-gnu-toolchain-14.3.rel1-x86_64-arm-none-eabi/bin/../lib/gcc/arm-none-eabi/14.3.1/../../../../arm-none-eabi/lib/thumb/v7e-m+fp/hard/libc_nano.a(libc_a-init.o)
 .debug_frame   0x00001f24       0xb0 /home/mike/bin/arm-gnu-toolchain-14.3.rel1-x86_64-arm-none-eabi/bin/../lib/gcc/arm-none-eabi/14.3.1/../../../../arm-none-eabi/lib/thumb/v7e-m+fp/hard/libc_nano.a(libc_a-lock.o)
 .debug_frame   0x00001fd4       0x38 /home/mike/bin/arm-gnu-toolchain-14.3.rel1-x86_64-arm-none-eabi/bin/../lib/gcc/arm-none-eabi/14.3.1/../../../../arm-none-eabi/lib/thumb/v7e-m+fp/hard/libc_nano.a(libc_a-freer.o)
 .debug_frame   0x0000200c       0x50 /home/mike/bin/arm-gnu-toolchain-14.3.rel1-x86_64-arm-none-eabi/bin/../lib/gcc/arm-none-eabi/14.3.1/../../../../arm-none-eabi/lib/thumb/v7e-m+fp/hard/libc_nano.a(libc_a-mallocr.o)
 .debug_frame   0x0000205c       0x30 /home/mike/bin/arm-gnu-toolchain-14.3.rel1-x86_64-arm-none-eabi/bin/../lib/gcc/arm-none-eabi/14.3.1/../../../../arm-none-eabi/lib/thumb/v7e-m+fp/hard/libc_nano.a(libc_a-mlock.o)
 .debug_frame   0x0000208c       0x90 /home/mike/bin/arm-gnu-toolchain-14.3.rel1-x86_64-arm-none-eabi/bin/../lib/gcc/arm-none-eabi/14.3.1/../../../../arm-none-eabi/lib/thumb/v7e-m+fp/hard/libc_nano.a(libc_a-nano-svfprintf.o)
 .debug_frame   0x0000211c       0x60 /home/mike/bin/arm-gnu-toolchain-14.3.rel1-x86_64-arm-none-eabi/bin/../lib/gcc/arm-none-eabi/14.3.1/../../../../arm-none-eabi/lib/thumb/v7e-m+fp/hard/libc_nano.a(libc_a-nano-vfprintf_i.o)
 .debug_frame   0x0000217c       0x28 /home/mike/bin/arm-gnu-toolchain-14.3.rel1-x86_64-arm-none-eabi/bin/../lib/gcc/arm-none-eabi/14.3.1/../../../../arm-none-eabi/lib/thumb/v7e-m+fp/hard/libc_nano.a(libc_a-memmove.o)
 .debug_frame   0x000021a4       0x2c /home/mike/bin/arm-gnu-toolchain-14.3.rel1-x86_64-arm-none-eabi/bin/../lib/gcc/arm-none-eabi/14.3.1/../../../../arm-none-eabi/lib/thumb/v7e-m+fp/hard/libc_nano.a(libc_a-sbrkr.o)
 .debug_frame   0x000021d0       0x4c /home/mike/bin/arm-gnu-toolchain-14.3.rel1-x86_64-arm-none-eabi/bin/../lib/gcc/arm-none-eabi/14.3.1/../../../../arm-none-eabi/lib/thumb/v7e-m+fp/hard/libc_nano.a(libc_a-memchr.o)
 .debug_frame   0x0000221c       0x28 /home/mike/bin/arm-gnu-toolchain-14.3.rel1-x86_64-arm-none-eabi/bin/../lib/gcc/arm-none-eabi/14.3.1/../../../../arm-none-eabi/lib/thumb/v7e-m+fp/hard/libc_nano.a(libc_a-memcpy-stub.o)
 .debug_frame   0x00002244       0x3c /home/mike/bin/arm-gnu-toolchain-14.3.rel1-x86_64-arm-none-eabi/bin/../lib/gcc/arm-none-eabi/14.3.1/../../../../arm-none-eabi/lib/thumb/v7e-m+fp/hard/libc_nano.a(libc_a-reallocr.o)
 .debug_frame   0x00002280       0x20 /home/mike/bin/arm-gnu-toolchain-14.3.rel1-x86_64-arm-none-eabi/bin/../lib/gcc/arm-none-eabi/14.3.1/../../../../arm-none-eabi/lib/thumb/v7e-m+fp/hard/libc_nano.a(libc_a-msizer.o)
 .debug_frame   0x000022a0       0xac /home/mike/bin/arm-gnu-toolchain-14.3.rel1-x86_64-arm-none-eabi/bin/../lib/gcc/arm-none-eabi/14.3.1/thumb/v7e-m+fp/hard/libgcc.a(_arm_addsubdf3.o)
 .debug_frame   0x0000234c       0x50 /home/mike/bin/arm-gnu-toolchain-14.3.rel1-x86_64-arm-none-eabi/bin/../lib/gcc/arm-none-eabi/14.3.1/thumb/v7e-m+fp/hard/libgcc.a(_arm_muldivdf3.o)
 .debug_frame   0x0000239c       0x24 /home/mike/bin/arm-gnu-toolchain-14.3.rel1-x86_64-arm-none-eabi/bin/../lib/gcc/arm-none-eabi/14.3.1/thumb/v7e-m+fp/hard/libgcc.a(_arm_fixdfsi.o)
 .debug_frame   0x000023c0       0x2c /home/mike/bin/arm-gnu-toolchain-14.3.rel1-x86_64-arm-none-eabi/bin/../lib/gcc/arm-none-eabi/14.3.1/thumb/v7e-m+fp/hard/libgcc.a(_aeabi_uldivmod.o)
 .debug_frame   0x000023ec       0x34 /home/mike/bin/arm-gnu-toolchain-14.3.rel1-x86_64-arm-none-eabi/bin/../lib/gcc/arm-none-eabi/14.3.1/thumb/v7e-m+fp/hard/libgcc.a(_udivmoddi4.o)

.debug_line_str
                0x00000000      0x1b5
 .debug_line_str
                0x00000000      0x1b5 /home/mike/bin/arm-gnu-toolchain-14.3.rel1-x86_64-arm-none-eabi/bin/../lib/gcc/arm-none-eabi/14.3.1/../../../../arm-none-eabi/lib/thumb/v7e-m+fp/hard/libc_nano.a(libc_a-memchr.o)
                                 0xda (size before relaxing)
 .debug_line_str
                0x000001b5       0xc7 /home/mike/bin/arm-gnu-toolchain-14.3.rel1-x86_64-arm-none-eabi/bin/../lib/gcc/arm-none-eabi/14.3.1/thumb/v7e-m+fp/hard/libgcc.a(_arm_addsubdf3.o)
 .debug_line_str
                0x000001b5       0xc7 /home/mike/bin/arm-gnu-toolchain-14.3.rel1-x86_64-arm-none-eabi/bin/../lib/gcc/arm-none-eabi/14.3.1/thumb/v7e-m+fp/hard/libgcc.a(_arm_muldivdf3.o)
 .debug_line_str
                0x000001b5       0xc7 /home/mike/bin/arm-gnu-toolchain-14.3.rel1-x86_64-arm-none-eabi/bin/../lib/gcc/arm-none-eabi/14.3.1/thumb/v7e-m+fp/hard/libgcc.a(_arm_fixdfsi.o)
 .debug_line_str
                0x000001b5       0xc2 /home/mike/bin/arm-gnu-toolchain-14.3.rel1-x86_64-arm-none-eabi/bin/../lib/gcc/arm-none-eabi/14.3.1/thumb/v7e-m+fp/hard/libgcc.a(_aeabi_uldivmod.o)
 .debug_line_str
                0x000001b5       0xc6 /home/mike/bin/arm-gnu-toolchain-14.3.rel1-x86_64-arm-none-eabi/bin/../lib/gcc/arm-none-eabi/14.3.1/thumb/v7e-m+fp/hard/libgcc.a(_dvmd_tls.o)

Cross Reference Table

Symbol                                            File
AC1                                               build/main.o
                                                  build/transmit_and_recieve_control.o
AC2                                               build/main.o
                                                  build/transmit_and_recieve_control.o
AC3                                               build/main.o
                                                  build/transmit_and_recieve_control.o
AC4                                               build/main.o
                                                  build/transmit_and_recieve_control.o
AC5                                               build/main.o
                                                  build/transmit_and_recieve_control.o
AC6                                               build/main.o
                                                  build/transmit_and_recieve_control.o
ADC_IRQHandler                                    build/startup_stm32f401xe.o
AHBPrescTable                                     build/system_stm32f4xx.o
                                                  build/stm32f4xx_hal_rcc.o
APBPrescTable                                     build/system_stm32f4xx.o
                                                  build/stm32f4xx_hal_rcc.o
B1                                                build/main.o
                                                  build/transmit_and_recieve_control.o
B2                                                build/main.o
                                                  build/transmit_and_recieve_control.o
B5                                                build/main.o
                                                  build/transmit_and_recieve_control.o
BusFault_Handler                                  build/stm32f4xx_it.o
DMA1_Stream0_IRQHandler                           build/startup_stm32f401xe.o
DMA1_Stream1_IRQHandler                           build/startup_stm32f401xe.o
DMA1_Stream2_IRQHandler                           build/startup_stm32f401xe.o
DMA1_Stream3_IRQHandler                           build/startup_stm32f401xe.o
DMA1_Stream4_IRQHandler                           build/startup_stm32f401xe.o
DMA1_Stream5_IRQHandler                           build/startup_stm32f401xe.o
DMA1_Stream6_IRQHandler                           build/startup_stm32f401xe.o
DMA1_Stream7_IRQHandler                           build/startup_stm32f401xe.o
DMA2_Stream0_IRQHandler                           build/startup_stm32f401xe.o
DMA2_Stream1_IRQHandler                           build/startup_stm32f401xe.o
DMA2_Stream2_IRQHandler                           build/startup_stm32f401xe.o
DMA2_Stream3_IRQHandler                           build/startup_stm32f401xe.o
DMA2_Stream4_IRQHandler                           build/startup_stm32f401xe.o
DMA2_Stream5_IRQHandler                           build/startup_stm32f401xe.o
DMA2_Stream6_IRQHandler                           build/startup_stm32f401xe.o
DMA2_Stream7_IRQHandler                           build/startup_stm32f401xe.o
DebugMon_Handler                                  build/stm32f4xx_it.o
Default_Handler                                   build/startup_stm32f401xe.o
EXTI0_IRQHandler                                  build/startup_stm32f401xe.o
EXTI15_10_IRQHandler                              build/startup_stm32f401xe.o
EXTI1_IRQHandler                                  build/startup_stm32f401xe.o
EXTI2_IRQHandler                                  build/startup_stm32f401xe.o
EXTI3_IRQHandler                                  build/startup_stm32f401xe.o
EXTI4_IRQHandler                                  build/startup_stm32f401xe.o
EXTI9_5_IRQHandler                                build/startup_stm32f401xe.o
Error_Handler                                     build/main.o
                                                  build/stm32f4xx_hal_msp.o
FLASH_Erase_Sector                                build/stm32f4xx_hal_flash_ex.o
                                                  build/stm32f4xx_hal_flash.o
FLASH_FlushCaches                                 build/stm32f4xx_hal_flash_ex.o
                                                  build/stm32f4xx_hal_flash.o
FLASH_IRQHandler                                  build/startup_stm32f401xe.o
FLASH_WaitForLastOperation                        build/stm32f4xx_hal_flash.o
                                                  build/stm32f4xx_hal_flash_ex.o
FPU_IRQHandler                                    build/startup_stm32f401xe.o
FindAddress                                       build/main.o
GLOBAL_MESSAGE_BUFFER                             build/main.o
                                                  build/stm32f4xx_it.o
HAL_CORTEX_ClearEvent                             build/stm32f4xx_hal_cortex.o
HAL_DBGMCU_DisableDBGSleepMode                    build/stm32f4xx_hal.o
HAL_DBGMCU_DisableDBGStandbyMode                  build/stm32f4xx_hal.o
HAL_DBGMCU_DisableDBGStopMode                     build/stm32f4xx_hal.o
HAL_DBGMCU_EnableDBGSleepMode                     build/stm32f4xx_hal.o
HAL_DBGMCU_EnableDBGStandbyMode                   build/stm32f4xx_hal.o
HAL_DBGMCU_EnableDBGStopMode                      build/stm32f4xx_hal.o
HAL_DMAEx_ChangeMemory                            build/stm32f4xx_hal_dma_ex.o
HAL_DMAEx_MultiBufferStart                        build/stm32f4xx_hal_dma_ex.o
HAL_DMAEx_MultiBufferStart_IT                     build/stm32f4xx_hal_dma_ex.o
HAL_DMA_Abort                                     build/stm32f4xx_hal_dma.o
                                                  build/stm32f4xx_hal_uart.o
HAL_DMA_Abort_IT                                  build/stm32f4xx_hal_dma.o
                                                  build/stm32f4xx_hal_uart.o
                                                  build/stm32f4xx_hal_i2c.o
HAL_DMA_DeInit                                    build/stm32f4xx_hal_dma.o
HAL_DMA_GetError                                  build/stm32f4xx_hal_dma.o
                                                  build/stm32f4xx_hal_uart.o
                                                  build/stm32f4xx_hal_i2c.o
HAL_DMA_GetState                                  build/stm32f4xx_hal_dma.o
                                                  build/stm32f4xx_hal_i2c.o
HAL_DMA_IRQHandler                                build/stm32f4xx_hal_dma.o
HAL_DMA_Init                                      build/stm32f4xx_hal_dma.o
HAL_DMA_PollForTransfer                           build/stm32f4xx_hal_dma.o
HAL_DMA_RegisterCallback                          build/stm32f4xx_hal_dma.o
HAL_DMA_Start                                     build/stm32f4xx_hal_dma.o
HAL_DMA_Start_IT                                  build/stm32f4xx_hal_dma.o
                                                  build/stm32f4xx_hal_uart.o
                                                  build/stm32f4xx_hal_i2c.o
HAL_DMA_UnRegisterCallback                        build/stm32f4xx_hal_dma.o
HAL_DeInit                                        build/stm32f4xx_hal.o
HAL_Delay                                         build/stm32f4xx_hal.o
                                                  build/init_peripherials.o
HAL_DisableCompensationCell                       build/stm32f4xx_hal.o
HAL_EXTI_ClearConfigLine                          build/stm32f4xx_hal_exti.o
HAL_EXTI_ClearPending                             build/stm32f4xx_hal_exti.o
HAL_EXTI_GenerateSWI                              build/stm32f4xx_hal_exti.o
HAL_EXTI_GetConfigLine                            build/stm32f4xx_hal_exti.o
HAL_EXTI_GetHandle                                build/stm32f4xx_hal_exti.o
HAL_EXTI_GetPending                               build/stm32f4xx_hal_exti.o
HAL_EXTI_IRQHandler                               build/stm32f4xx_hal_exti.o
HAL_EXTI_RegisterCallback                         build/stm32f4xx_hal_exti.o
HAL_EXTI_SetConfigLine                            build/stm32f4xx_hal_exti.o
HAL_EnableCompensationCell                        build/stm32f4xx_hal.o
HAL_FLASHEx_AdvOBGetConfig                        build/stm32f4xx_hal_flash_ex.o
HAL_FLASHEx_AdvOBProgram                          build/stm32f4xx_hal_flash_ex.o
HAL_FLASHEx_Erase                                 build/stm32f4xx_hal_flash_ex.o
HAL_FLASHEx_Erase_IT                              build/stm32f4xx_hal_flash_ex.o
HAL_FLASHEx_OBGetConfig                           build/stm32f4xx_hal_flash_ex.o
HAL_FLASHEx_OBProgram                             build/stm32f4xx_hal_flash_ex.o
HAL_FLASHEx_OB_DeSelectPCROP                      build/stm32f4xx_hal_flash_ex.o
HAL_FLASHEx_OB_SelectPCROP                        build/stm32f4xx_hal_flash_ex.o
HAL_FLASH_EndOfOperationCallback                  build/stm32f4xx_hal_flash.o
HAL_FLASH_GetError                                build/stm32f4xx_hal_flash.o
HAL_FLASH_IRQHandler                              build/stm32f4xx_hal_flash.o
HAL_FLASH_Lock                                    build/stm32f4xx_hal_flash.o
HAL_FLASH_OB_Launch                               build/stm32f4xx_hal_flash.o
HAL_FLASH_OB_Lock                                 build/stm32f4xx_hal_flash.o
HAL_FLASH_OB_Unlock                               build/stm32f4xx_hal_flash.o
HAL_FLASH_OperationErrorCallback                  build/stm32f4xx_hal_flash.o
HAL_FLASH_Program                                 build/stm32f4xx_hal_flash.o
HAL_FLASH_Program_IT                              build/stm32f4xx_hal_flash.o
HAL_FLASH_Unlock                                  build/stm32f4xx_hal_flash.o
HAL_GPIO_DeInit                                   build/stm32f4xx_hal_gpio.o
                                                  build/stm32f4xx_hal_msp.o
HAL_GPIO_EXTI_Callback                            build/stm32f4xx_hal_gpio.o
HAL_GPIO_EXTI_IRQHandler                          build/stm32f4xx_hal_gpio.o
HAL_GPIO_Init                                     build/stm32f4xx_hal_gpio.o
                                                  build/stm32f4xx_hal_rcc.o
                                                  build/stm32f4xx_hal_msp.o
HAL_GPIO_LockPin                                  build/stm32f4xx_hal_gpio.o
HAL_GPIO_ReadPin                                  build/stm32f4xx_hal_gpio.o
HAL_GPIO_TogglePin                                build/stm32f4xx_hal_gpio.o
HAL_GPIO_WritePin                                 build/stm32f4xx_hal_gpio.o
HAL_GetDEVID                                      build/stm32f4xx_hal.o
HAL_GetHalVersion                                 build/stm32f4xx_hal.o
HAL_GetREVID                                      build/stm32f4xx_hal.o
HAL_GetTick                                       build/stm32f4xx_hal.o
                                                  build/stm32f4xx_hal_uart.o
                                                  build/stm32f4xx_hal_rtc_ex.o
                                                  build/stm32f4xx_hal_rtc.o
                                                  build/stm32f4xx_hal_pwr_ex.o
                                                  build/stm32f4xx_hal_dma.o
                                                  build/stm32f4xx_hal_flash.o
                                                  build/stm32f4xx_hal_rcc_ex.o
                                                  build/stm32f4xx_hal_rcc.o
                                                  build/stm32f4xx_hal_i2c.o
HAL_GetTickFreq                                   build/stm32f4xx_hal.o
HAL_GetTickPrio                                   build/stm32f4xx_hal.o
HAL_GetUIDw0                                      build/stm32f4xx_hal.o
HAL_GetUIDw1                                      build/stm32f4xx_hal.o
HAL_GetUIDw2                                      build/stm32f4xx_hal.o
HAL_HalfDuplex_EnableReceiver                     build/stm32f4xx_hal_uart.o
HAL_HalfDuplex_EnableTransmitter                  build/stm32f4xx_hal_uart.o
HAL_HalfDuplex_Init                               build/stm32f4xx_hal_uart.o
HAL_I2CEx_ConfigAnalogFilter                      build/stm32f4xx_hal_i2c_ex.o
HAL_I2CEx_ConfigDigitalFilter                     build/stm32f4xx_hal_i2c_ex.o
HAL_I2C_AbortCpltCallback                         build/stm32f4xx_hal_i2c.o
HAL_I2C_AddrCallback                              build/stm32f4xx_hal_i2c.o
HAL_I2C_DeInit                                    build/stm32f4xx_hal_i2c.o
HAL_I2C_DisableListen_IT                          build/stm32f4xx_hal_i2c.o
HAL_I2C_ER_IRQHandler                             build/stm32f4xx_hal_i2c.o
HAL_I2C_EV_IRQHandler                             build/stm32f4xx_hal_i2c.o
HAL_I2C_EnableListen_IT                           build/stm32f4xx_hal_i2c.o
HAL_I2C_ErrorCallback                             build/stm32f4xx_hal_i2c.o
HAL_I2C_GetError                                  build/stm32f4xx_hal_i2c.o
HAL_I2C_GetMode                                   build/stm32f4xx_hal_i2c.o
HAL_I2C_GetState                                  build/stm32f4xx_hal_i2c.o
HAL_I2C_Init                                      build/stm32f4xx_hal_i2c.o
                                                  build/main.o
HAL_I2C_IsDeviceReady                             build/stm32f4xx_hal_i2c.o
                                                  build/main.o
HAL_I2C_ListenCpltCallback                        build/stm32f4xx_hal_i2c.o
HAL_I2C_MasterRxCpltCallback                      build/stm32f4xx_hal_i2c.o
HAL_I2C_MasterTxCpltCallback                      build/stm32f4xx_hal_i2c.o
HAL_I2C_Master_Abort_IT                           build/stm32f4xx_hal_i2c.o
HAL_I2C_Master_Receive                            build/stm32f4xx_hal_i2c.o
HAL_I2C_Master_Receive_DMA                        build/stm32f4xx_hal_i2c.o
HAL_I2C_Master_Receive_IT                         build/stm32f4xx_hal_i2c.o
HAL_I2C_Master_Seq_Receive_DMA                    build/stm32f4xx_hal_i2c.o
HAL_I2C_Master_Seq_Receive_IT                     build/stm32f4xx_hal_i2c.o
HAL_I2C_Master_Seq_Transmit_DMA                   build/stm32f4xx_hal_i2c.o
HAL_I2C_Master_Seq_Transmit_IT                    build/stm32f4xx_hal_i2c.o
HAL_I2C_Master_Transmit                           build/stm32f4xx_hal_i2c.o
                                                  build/transmit_and_recieve_control.o
HAL_I2C_Master_Transmit_DMA                       build/stm32f4xx_hal_i2c.o
HAL_I2C_Master_Transmit_IT                        build/stm32f4xx_hal_i2c.o
HAL_I2C_MemRxCpltCallback                         build/stm32f4xx_hal_i2c.o
HAL_I2C_MemTxCpltCallback                         build/stm32f4xx_hal_i2c.o
HAL_I2C_Mem_Read                                  build/stm32f4xx_hal_i2c.o
                                                  build/transmit_and_recieve_control.o
                                                  build/main.o
HAL_I2C_Mem_Read_DMA                              build/stm32f4xx_hal_i2c.o
HAL_I2C_Mem_Read_IT                               build/stm32f4xx_hal_i2c.o
HAL_I2C_Mem_Write                                 build/stm32f4xx_hal_i2c.o
                                                  build/stm32f4xx_it.o
                                                  build/init_peripherials.o
HAL_I2C_Mem_Write_DMA                             build/stm32f4xx_hal_i2c.o
HAL_I2C_Mem_Write_IT                              build/stm32f4xx_hal_i2c.o
HAL_I2C_MspDeInit                                 build/stm32f4xx_hal_msp.o
HAL_I2C_MspInit                                   build/stm32f4xx_hal_msp.o
HAL_I2C_SlaveRxCpltCallback                       build/stm32f4xx_hal_i2c.o
HAL_I2C_SlaveTxCpltCallback                       build/stm32f4xx_hal_i2c.o
HAL_I2C_Slave_Receive                             build/stm32f4xx_hal_i2c.o
HAL_I2C_Slave_Receive_DMA                         build/stm32f4xx_hal_i2c.o
HAL_I2C_Slave_Receive_IT                          build/stm32f4xx_hal_i2c.o
HAL_I2C_Slave_Seq_Receive_DMA                     build/stm32f4xx_hal_i2c.o
HAL_I2C_Slave_Seq_Receive_IT                      build/stm32f4xx_hal_i2c.o
HAL_I2C_Slave_Seq_Transmit_DMA                    build/stm32f4xx_hal_i2c.o
HAL_I2C_Slave_Seq_Transmit_IT                     build/stm32f4xx_hal_i2c.o
HAL_I2C_Slave_Transmit                            build/stm32f4xx_hal_i2c.o
HAL_I2C_Slave_Transmit_DMA                        build/stm32f4xx_hal_i2c.o
HAL_I2C_Slave_Transmit_IT                         build/stm32f4xx_hal_i2c.o
HAL_IncTick                                       build/stm32f4xx_hal.o
                                                  build/stm32f4xx_it.o
HAL_Init                                          build/stm32f4xx_hal.o
                                                  build/main.o
HAL_InitTick                                      build/stm32f4xx_hal.o
                                                  build/stm32f4xx_hal_rcc_ex.o
                                                  build/stm32f4xx_hal_rcc.o
HAL_LIN_Init                                      build/stm32f4xx_hal_uart.o
HAL_LIN_SendBreak                                 build/stm32f4xx_hal_uart.o
HAL_MPU_ConfigRegion                              build/stm32f4xx_hal_cortex.o
HAL_MPU_Disable                                   build/stm32f4xx_hal_cortex.o
HAL_MPU_DisableRegion                             build/stm32f4xx_hal_cortex.o
HAL_MPU_Enable                                    build/stm32f4xx_hal_cortex.o
HAL_MPU_EnableRegion                              build/stm32f4xx_hal_cortex.o
HAL_MspDeInit                                     build/stm32f4xx_hal.o
HAL_MspInit                                       build/stm32f4xx_hal_msp.o
HAL_MultiProcessor_EnterMuteMode                  build/stm32f4xx_hal_uart.o
HAL_MultiProcessor_ExitMuteMode                   build/stm32f4xx_hal_uart.o
HAL_MultiProcessor_Init                           build/stm32f4xx_hal_uart.o
HAL_NVIC_ClearPendingIRQ                          build/stm32f4xx_hal_cortex.o
HAL_NVIC_DisableIRQ                               build/stm32f4xx_hal_cortex.o
HAL_NVIC_EnableIRQ                                build/stm32f4xx_hal_cortex.o
HAL_NVIC_GetActive                                build/stm32f4xx_hal_cortex.o
HAL_NVIC_GetPendingIRQ                            build/stm32f4xx_hal_cortex.o
HAL_NVIC_GetPriority                              build/stm32f4xx_hal_cortex.o
HAL_NVIC_GetPriorityGrouping                      build/stm32f4xx_hal_cortex.o
HAL_NVIC_SetPendingIRQ                            build/stm32f4xx_hal_cortex.o
HAL_NVIC_SetPriority                              build/stm32f4xx_hal_cortex.o
                                                  build/stm32f4xx_hal.o
HAL_NVIC_SetPriorityGrouping                      build/stm32f4xx_hal_cortex.o
                                                  build/stm32f4xx_hal.o
HAL_NVIC_SystemReset                              build/stm32f4xx_hal_cortex.o
HAL_PWREx_ControlVoltageScaling                   build/stm32f4xx_hal_pwr_ex.o
HAL_PWREx_DisableBkUpReg                          build/stm32f4xx_hal_pwr_ex.o
HAL_PWREx_DisableFlashPowerDown                   build/stm32f4xx_hal_pwr_ex.o
HAL_PWREx_DisableLowRegulatorLowVoltage           build/stm32f4xx_hal_pwr_ex.o
HAL_PWREx_DisableMainRegulatorLowVoltage          build/stm32f4xx_hal_pwr_ex.o
HAL_PWREx_EnableBkUpReg                           build/stm32f4xx_hal_pwr_ex.o
HAL_PWREx_EnableFlashPowerDown                    build/stm32f4xx_hal_pwr_ex.o
HAL_PWREx_EnableLowRegulatorLowVoltage            build/stm32f4xx_hal_pwr_ex.o
HAL_PWREx_EnableMainRegulatorLowVoltage           build/stm32f4xx_hal_pwr_ex.o
HAL_PWREx_GetVoltageRange                         build/stm32f4xx_hal_pwr_ex.o
HAL_PWR_ConfigPVD                                 build/stm32f4xx_hal_pwr.o
HAL_PWR_DeInit                                    build/stm32f4xx_hal_pwr.o
HAL_PWR_DisableBkUpAccess                         build/stm32f4xx_hal_pwr.o
HAL_PWR_DisablePVD                                build/stm32f4xx_hal_pwr.o
HAL_PWR_DisableSEVOnPend                          build/stm32f4xx_hal_pwr.o
HAL_PWR_DisableSleepOnExit                        build/stm32f4xx_hal_pwr.o
HAL_PWR_DisableWakeUpPin                          build/stm32f4xx_hal_pwr.o
HAL_PWR_EnableBkUpAccess                          build/stm32f4xx_hal_pwr.o
HAL_PWR_EnablePVD                                 build/stm32f4xx_hal_pwr.o
HAL_PWR_EnableSEVOnPend                           build/stm32f4xx_hal_pwr.o
HAL_PWR_EnableSleepOnExit                         build/stm32f4xx_hal_pwr.o
HAL_PWR_EnableWakeUpPin                           build/stm32f4xx_hal_pwr.o
HAL_PWR_EnterSLEEPMode                            build/stm32f4xx_hal_pwr.o
HAL_PWR_EnterSTANDBYMode                          build/stm32f4xx_hal_pwr.o
HAL_PWR_EnterSTOPMode                             build/stm32f4xx_hal_pwr.o
HAL_PWR_PVDCallback                               build/stm32f4xx_hal_pwr.o
HAL_PWR_PVD_IRQHandler                            build/stm32f4xx_hal_pwr.o
HAL_RCCEx_DisablePLLI2S                           build/stm32f4xx_hal_rcc_ex.o
HAL_RCCEx_EnablePLLI2S                            build/stm32f4xx_hal_rcc_ex.o
HAL_RCCEx_GetPeriphCLKConfig                      build/stm32f4xx_hal_rcc_ex.o
HAL_RCCEx_GetPeriphCLKFreq                        build/stm32f4xx_hal_rcc_ex.o
HAL_RCCEx_PeriphCLKConfig                         build/stm32f4xx_hal_rcc_ex.o
                                                  build/stm32f4xx_hal_msp.o
HAL_RCC_CSSCallback                               build/stm32f4xx_hal_rcc.o
HAL_RCC_ClockConfig                               build/stm32f4xx_hal_rcc.o
                                                  build/main.o
HAL_RCC_DeInit                                    build/stm32f4xx_hal_rcc_ex.o
                                                  build/stm32f4xx_hal_rcc.o
HAL_RCC_DisableCSS                                build/stm32f4xx_hal_rcc.o
HAL_RCC_EnableCSS                                 build/stm32f4xx_hal_rcc.o
HAL_RCC_GetClockConfig                            build/stm32f4xx_hal_rcc.o
HAL_RCC_GetHCLKFreq                               build/stm32f4xx_hal_rcc.o
HAL_RCC_GetOscConfig                              build/stm32f4xx_hal_rcc.o
HAL_RCC_GetPCLK1Freq                              build/stm32f4xx_hal_rcc.o
                                                  build/stm32f4xx_hal_uart.o
                                                  build/stm32f4xx_hal_i2c.o
HAL_RCC_GetPCLK2Freq                              build/stm32f4xx_hal_rcc.o
                                                  build/stm32f4xx_hal_uart.o
HAL_RCC_GetSysClockFreq                           build/stm32f4xx_hal_rcc.o
HAL_RCC_MCOConfig                                 build/stm32f4xx_hal_rcc.o
HAL_RCC_NMI_IRQHandler                            build/stm32f4xx_hal_rcc.o
HAL_RCC_OscConfig                                 build/stm32f4xx_hal_rcc.o
                                                  build/main.o
HAL_RTCEx_AlarmBEventCallback                     build/stm32f4xx_hal_rtc_ex.o
                                                  build/stm32f4xx_hal_rtc.o
HAL_RTCEx_BKUPRead                                build/stm32f4xx_hal_rtc_ex.o
                                                  build/main.o
HAL_RTCEx_BKUPWrite                               build/stm32f4xx_hal_rtc_ex.o
                                                  build/main.o
HAL_RTCEx_DeactivateCalibrationOutPut             build/stm32f4xx_hal_rtc_ex.o
HAL_RTCEx_DeactivateCoarseCalib                   build/stm32f4xx_hal_rtc_ex.o
HAL_RTCEx_DeactivateRefClock                      build/stm32f4xx_hal_rtc_ex.o
HAL_RTCEx_DeactivateTamper                        build/stm32f4xx_hal_rtc_ex.o
HAL_RTCEx_DeactivateTimeStamp                     build/stm32f4xx_hal_rtc_ex.o
HAL_RTCEx_DeactivateWakeUpTimer                   build/stm32f4xx_hal_rtc_ex.o
HAL_RTCEx_DisableBypassShadow                     build/stm32f4xx_hal_rtc_ex.o
HAL_RTCEx_EnableBypassShadow                      build/stm32f4xx_hal_rtc_ex.o
HAL_RTCEx_GetTimeStamp                            build/stm32f4xx_hal_rtc_ex.o
HAL_RTCEx_GetWakeUpTimer                          build/stm32f4xx_hal_rtc_ex.o
HAL_RTCEx_PollForAlarmBEvent                      build/stm32f4xx_hal_rtc_ex.o
HAL_RTCEx_PollForTamper1Event                     build/stm32f4xx_hal_rtc_ex.o
HAL_RTCEx_PollForTimeStampEvent                   build/stm32f4xx_hal_rtc_ex.o
HAL_RTCEx_PollForWakeUpTimerEvent                 build/stm32f4xx_hal_rtc_ex.o
HAL_RTCEx_SetCalibrationOutPut                    build/stm32f4xx_hal_rtc_ex.o
HAL_RTCEx_SetCoarseCalib                          build/stm32f4xx_hal_rtc_ex.o
HAL_RTCEx_SetRefClock                             build/stm32f4xx_hal_rtc_ex.o
HAL_RTCEx_SetSmoothCalib                          build/stm32f4xx_hal_rtc_ex.o
HAL_RTCEx_SetSynchroShift                         build/stm32f4xx_hal_rtc_ex.o
HAL_RTCEx_SetTamper                               build/stm32f4xx_hal_rtc_ex.o
HAL_RTCEx_SetTamper_IT                            build/stm32f4xx_hal_rtc_ex.o
HAL_RTCEx_SetTimeStamp                            build/stm32f4xx_hal_rtc_ex.o
HAL_RTCEx_SetTimeStamp_IT                         build/stm32f4xx_hal_rtc_ex.o
HAL_RTCEx_SetWakeUpTimer                          build/stm32f4xx_hal_rtc_ex.o
HAL_RTCEx_SetWakeUpTimer_IT                       build/stm32f4xx_hal_rtc_ex.o
HAL_RTCEx_Tamper1EventCallback                    build/stm32f4xx_hal_rtc_ex.o
HAL_RTCEx_TamperTimeStampIRQHandler               build/stm32f4xx_hal_rtc_ex.o
HAL_RTCEx_TimeStampEventCallback                  build/stm32f4xx_hal_rtc_ex.o
HAL_RTCEx_WakeUpTimerEventCallback                build/stm32f4xx_hal_rtc_ex.o
HAL_RTCEx_WakeUpTimerIRQHandler                   build/stm32f4xx_hal_rtc_ex.o
HAL_RTC_AlarmAEventCallback                       build/stm32f4xx_hal_rtc.o
HAL_RTC_AlarmIRQHandler                           build/stm32f4xx_hal_rtc.o
HAL_RTC_DST_Add1Hour                              build/stm32f4xx_hal_rtc.o
HAL_RTC_DST_ClearStoreOperation                   build/stm32f4xx_hal_rtc.o
HAL_RTC_DST_ReadStoreOperation                    build/stm32f4xx_hal_rtc.o
HAL_RTC_DST_SetStoreOperation                     build/stm32f4xx_hal_rtc.o
HAL_RTC_DST_Sub1Hour                              build/stm32f4xx_hal_rtc.o
HAL_RTC_DeInit                                    build/stm32f4xx_hal_rtc.o
HAL_RTC_DeactivateAlarm                           build/stm32f4xx_hal_rtc.o
HAL_RTC_GetAlarm                                  build/stm32f4xx_hal_rtc.o
HAL_RTC_GetDate                                   build/stm32f4xx_hal_rtc.o
HAL_RTC_GetState                                  build/stm32f4xx_hal_rtc.o
HAL_RTC_GetTime                                   build/stm32f4xx_hal_rtc.o
                                                  build/date.o
HAL_RTC_Init                                      build/stm32f4xx_hal_rtc.o
                                                  build/main.o
HAL_RTC_MspDeInit                                 build/stm32f4xx_hal_msp.o
HAL_RTC_MspInit                                   build/stm32f4xx_hal_msp.o
HAL_RTC_PollForAlarmAEvent                        build/stm32f4xx_hal_rtc.o
HAL_RTC_SetAlarm                                  build/stm32f4xx_hal_rtc.o
HAL_RTC_SetAlarm_IT                               build/stm32f4xx_hal_rtc.o
HAL_RTC_SetDate                                   build/stm32f4xx_hal_rtc.o
                                                  build/date.o
                                                  build/main.o
HAL_RTC_SetTime                                   build/stm32f4xx_hal_rtc.o
                                                  build/date.o
                                                  build/main.o
HAL_RTC_WaitForSynchro                            build/stm32f4xx_hal_rtc.o
                                                  build/stm32f4xx_hal_rtc_ex.o
HAL_ResumeTick                                    build/stm32f4xx_hal.o
HAL_SYSTICK_CLKSourceConfig                       build/stm32f4xx_hal_cortex.o
HAL_SYSTICK_Callback                              build/stm32f4xx_hal_cortex.o
HAL_SYSTICK_Config                                build/stm32f4xx_hal_cortex.o
                                                  build/stm32f4xx_hal.o
HAL_SYSTICK_IRQHandler                            build/stm32f4xx_hal_cortex.o
HAL_SetTickFreq                                   build/stm32f4xx_hal.o
HAL_SuspendTick                                   build/stm32f4xx_hal.o
HAL_UARTEx_GetRxEventType                         build/stm32f4xx_hal_uart.o
HAL_UARTEx_ReceiveToIdle                          build/stm32f4xx_hal_uart.o
HAL_UARTEx_ReceiveToIdle_DMA                      build/stm32f4xx_hal_uart.o
HAL_UARTEx_ReceiveToIdle_IT                       build/stm32f4xx_hal_uart.o
HAL_UARTEx_RxEventCallback                        build/stm32f4xx_hal_uart.o
HAL_UART_Abort                                    build/stm32f4xx_hal_uart.o
HAL_UART_AbortCpltCallback                        build/stm32f4xx_hal_uart.o
HAL_UART_AbortReceive                             build/stm32f4xx_hal_uart.o
HAL_UART_AbortReceiveCpltCallback                 build/stm32f4xx_hal_uart.o
HAL_UART_AbortReceive_IT                          build/stm32f4xx_hal_uart.o
HAL_UART_AbortTransmit                            build/stm32f4xx_hal_uart.o
HAL_UART_AbortTransmitCpltCallback                build/stm32f4xx_hal_uart.o
HAL_UART_AbortTransmit_IT                         build/stm32f4xx_hal_uart.o
HAL_UART_Abort_IT                                 build/stm32f4xx_hal_uart.o
HAL_UART_DMAPause                                 build/stm32f4xx_hal_uart.o
HAL_UART_DMAResume                                build/stm32f4xx_hal_uart.o
HAL_UART_DMAStop                                  build/stm32f4xx_hal_uart.o
HAL_UART_DeInit                                   build/stm32f4xx_hal_uart.o
HAL_UART_ErrorCallback                            build/stm32f4xx_hal_uart.o
HAL_UART_GetError                                 build/stm32f4xx_hal_uart.o
HAL_UART_GetState                                 build/stm32f4xx_hal_uart.o
HAL_UART_IRQHandler                               build/stm32f4xx_hal_uart.o
HAL_UART_Init                                     build/stm32f4xx_hal_uart.o
                                                  build/main.o
HAL_UART_MspDeInit                                build/stm32f4xx_hal_msp.o