ARM GAS  /tmp/ccDYQggw.s 			page 1


   1              		.cpu cortex-m4
   2              		.arch armv7e-m
   3              		.fpu fpv4-sp-d16
   4              		.eabi_attribute 27, 1
   5              		.eabi_attribute 28, 1
   6              		.eabi_attribute 20, 1
   7              		.eabi_attribute 21, 1
   8              		.eabi_attribute 23, 3
   9              		.eabi_attribute 24, 1
  10              		.eabi_attribute 25, 1
  11              		.eabi_attribute 26, 1
  12              		.eabi_attribute 30, 1
  13              		.eabi_attribute 34, 1
  14              		.eabi_attribute 18, 4
  15              		.file	"stm32f4xx_hal_msp.c"
  16              		.text
  17              	.Ltext0:
  18              		.cfi_sections	.debug_frame
  19              		.file 1 "Core/Src/stm32f4xx_hal_msp.c"
  20              		.section	.text.HAL_MspInit,"ax",%progbits
  21              		.align	1
  22              		.global	HAL_MspInit
  23              		.syntax unified
  24              		.thumb
  25              		.thumb_func
  27              	HAL_MspInit:
  28              	.LFB134:
   1:Core/Src/stm32f4xx_hal_msp.c **** /* USER CODE BEGIN Header */
   2:Core/Src/stm32f4xx_hal_msp.c **** /**
   3:Core/Src/stm32f4xx_hal_msp.c ****   ******************************************************************************
   4:Core/Src/stm32f4xx_hal_msp.c ****   * @file         stm32f4xx_hal_msp.c
   5:Core/Src/stm32f4xx_hal_msp.c ****   * @brief        This file provides code for the MSP Initialization
   6:Core/Src/stm32f4xx_hal_msp.c ****   *               and de-Initialization codes.
   7:Core/Src/stm32f4xx_hal_msp.c ****   ******************************************************************************
   8:Core/Src/stm32f4xx_hal_msp.c ****   * @attention
   9:Core/Src/stm32f4xx_hal_msp.c ****   *
  10:Core/Src/stm32f4xx_hal_msp.c ****   * Copyright (c) 2025 STMicroelectronics.
  11:Core/Src/stm32f4xx_hal_msp.c ****   * All rights reserved.
  12:Core/Src/stm32f4xx_hal_msp.c ****   *
  13:Core/Src/stm32f4xx_hal_msp.c ****   * This software is licensed under terms that can be found in the LICENSE file
  14:Core/Src/stm32f4xx_hal_msp.c ****   * in the root directory of this software component.
  15:Core/Src/stm32f4xx_hal_msp.c ****   * If no LICENSE file comes with this software, it is provided AS-IS.
  16:Core/Src/stm32f4xx_hal_msp.c ****   *
  17:Core/Src/stm32f4xx_hal_msp.c ****   ******************************************************************************
  18:Core/Src/stm32f4xx_hal_msp.c ****   */
  19:Core/Src/stm32f4xx_hal_msp.c **** /* USER CODE END Header */
  20:Core/Src/stm32f4xx_hal_msp.c **** 
  21:Core/Src/stm32f4xx_hal_msp.c **** /* Includes ------------------------------------------------------------------*/
  22:Core/Src/stm32f4xx_hal_msp.c **** #include "main.h"
  23:Core/Src/stm32f4xx_hal_msp.c **** /* USER CODE BEGIN Includes */
  24:Core/Src/stm32f4xx_hal_msp.c **** 
  25:Core/Src/stm32f4xx_hal_msp.c **** /* USER CODE END Includes */
  26:Core/Src/stm32f4xx_hal_msp.c **** 
  27:Core/Src/stm32f4xx_hal_msp.c **** /* Private typedef -----------------------------------------------------------*/
  28:Core/Src/stm32f4xx_hal_msp.c **** /* USER CODE BEGIN TD */
  29:Core/Src/stm32f4xx_hal_msp.c **** 
  30:Core/Src/stm32f4xx_hal_msp.c **** /* USER CODE END TD */
ARM GAS  /tmp/ccDYQggw.s 			page 2


  31:Core/Src/stm32f4xx_hal_msp.c **** 
  32:Core/Src/stm32f4xx_hal_msp.c **** /* Private define ------------------------------------------------------------*/
  33:Core/Src/stm32f4xx_hal_msp.c **** /* USER CODE BEGIN Define */
  34:Core/Src/stm32f4xx_hal_msp.c **** 
  35:Core/Src/stm32f4xx_hal_msp.c **** /* USER CODE END Define */
  36:Core/Src/stm32f4xx_hal_msp.c **** 
  37:Core/Src/stm32f4xx_hal_msp.c **** /* Private macro -------------------------------------------------------------*/
  38:Core/Src/stm32f4xx_hal_msp.c **** /* USER CODE BEGIN Macro */
  39:Core/Src/stm32f4xx_hal_msp.c **** 
  40:Core/Src/stm32f4xx_hal_msp.c **** /* USER CODE END Macro */
  41:Core/Src/stm32f4xx_hal_msp.c **** 
  42:Core/Src/stm32f4xx_hal_msp.c **** /* Private variables ---------------------------------------------------------*/
  43:Core/Src/stm32f4xx_hal_msp.c **** /* USER CODE BEGIN PV */
  44:Core/Src/stm32f4xx_hal_msp.c **** 
  45:Core/Src/stm32f4xx_hal_msp.c **** /* USER CODE END PV */
  46:Core/Src/stm32f4xx_hal_msp.c **** 
  47:Core/Src/stm32f4xx_hal_msp.c **** /* Private function prototypes -----------------------------------------------*/
  48:Core/Src/stm32f4xx_hal_msp.c **** /* USER CODE BEGIN PFP */
  49:Core/Src/stm32f4xx_hal_msp.c **** 
  50:Core/Src/stm32f4xx_hal_msp.c **** /* USER CODE END PFP */
  51:Core/Src/stm32f4xx_hal_msp.c **** 
  52:Core/Src/stm32f4xx_hal_msp.c **** /* External functions --------------------------------------------------------*/
  53:Core/Src/stm32f4xx_hal_msp.c **** /* USER CODE BEGIN ExternalFunctions */
  54:Core/Src/stm32f4xx_hal_msp.c **** 
  55:Core/Src/stm32f4xx_hal_msp.c **** /* USER CODE END ExternalFunctions */
  56:Core/Src/stm32f4xx_hal_msp.c **** 
  57:Core/Src/stm32f4xx_hal_msp.c **** /* USER CODE BEGIN 0 */
  58:Core/Src/stm32f4xx_hal_msp.c **** 
  59:Core/Src/stm32f4xx_hal_msp.c **** /* USER CODE END 0 */
  60:Core/Src/stm32f4xx_hal_msp.c **** /**
  61:Core/Src/stm32f4xx_hal_msp.c ****   * Initializes the Global MSP.
  62:Core/Src/stm32f4xx_hal_msp.c ****   */
  63:Core/Src/stm32f4xx_hal_msp.c **** void HAL_MspInit(void)
  64:Core/Src/stm32f4xx_hal_msp.c **** {
  29              		.loc 1 64 1 view -0
  30              		.cfi_startproc
  31              		@ args = 0, pretend = 0, frame = 8
  32              		@ frame_needed = 0, uses_anonymous_args = 0
  33              		@ link register save eliminated.
  34 0000 82B0     		sub	sp, sp, #8
  35              	.LCFI0:
  36              		.cfi_def_cfa_offset 8
  65:Core/Src/stm32f4xx_hal_msp.c **** 
  66:Core/Src/stm32f4xx_hal_msp.c ****   /* USER CODE BEGIN MspInit 0 */
  67:Core/Src/stm32f4xx_hal_msp.c **** 
  68:Core/Src/stm32f4xx_hal_msp.c ****   /* USER CODE END MspInit 0 */
  69:Core/Src/stm32f4xx_hal_msp.c **** 
  70:Core/Src/stm32f4xx_hal_msp.c ****   __HAL_RCC_SYSCFG_CLK_ENABLE();
  37              		.loc 1 70 3 view .LVU1
  38              	.LBB2:
  39              		.loc 1 70 3 view .LVU2
  40 0002 0021     		movs	r1, #0
  41 0004 0091     		str	r1, [sp]
  42              		.loc 1 70 3 view .LVU3
  43 0006 0B4B     		ldr	r3, .L3
  44 0008 5A6C     		ldr	r2, [r3, #68]
  45 000a 42F48042 		orr	r2, r2, #16384
ARM GAS  /tmp/ccDYQggw.s 			page 3


  46 000e 5A64     		str	r2, [r3, #68]
  47              		.loc 1 70 3 view .LVU4
  48 0010 5A6C     		ldr	r2, [r3, #68]
  49 0012 02F48042 		and	r2, r2, #16384
  50 0016 0092     		str	r2, [sp]
  51              		.loc 1 70 3 view .LVU5
  52 0018 009A     		ldr	r2, [sp]
  53              	.LBE2:
  54              		.loc 1 70 3 view .LVU6
  71:Core/Src/stm32f4xx_hal_msp.c ****   __HAL_RCC_PWR_CLK_ENABLE();
  55              		.loc 1 71 3 view .LVU7
  56              	.LBB3:
  57              		.loc 1 71 3 view .LVU8
  58 001a 0191     		str	r1, [sp, #4]
  59              		.loc 1 71 3 view .LVU9
  60 001c 1A6C     		ldr	r2, [r3, #64]
  61 001e 42F08052 		orr	r2, r2, #268435456
  62 0022 1A64     		str	r2, [r3, #64]
  63              		.loc 1 71 3 view .LVU10
  64 0024 1B6C     		ldr	r3, [r3, #64]
  65 0026 03F08053 		and	r3, r3, #268435456
  66 002a 0193     		str	r3, [sp, #4]
  67              		.loc 1 71 3 view .LVU11
  68 002c 019B     		ldr	r3, [sp, #4]
  69              	.LBE3:
  70              		.loc 1 71 3 view .LVU12
  72:Core/Src/stm32f4xx_hal_msp.c **** 
  73:Core/Src/stm32f4xx_hal_msp.c ****   /* System interrupt init*/
  74:Core/Src/stm32f4xx_hal_msp.c **** 
  75:Core/Src/stm32f4xx_hal_msp.c ****   /* USER CODE BEGIN MspInit 1 */
  76:Core/Src/stm32f4xx_hal_msp.c **** 
  77:Core/Src/stm32f4xx_hal_msp.c ****   /* USER CODE END MspInit 1 */
  78:Core/Src/stm32f4xx_hal_msp.c **** }
  71              		.loc 1 78 1 is_stmt 0 view .LVU13
  72 002e 02B0     		add	sp, sp, #8
  73              	.LCFI1:
  74              		.cfi_def_cfa_offset 0
  75              		@ sp needed
  76 0030 7047     		bx	lr
  77              	.L4:
  78 0032 00BF     		.align	2
  79              	.L3:
  80 0034 00380240 		.word	1073887232
  81              		.cfi_endproc
  82              	.LFE134:
  84              		.section	.text.HAL_RTC_MspInit,"ax",%progbits
  85              		.align	1
  86              		.global	HAL_RTC_MspInit
  87              		.syntax unified
  88              		.thumb
  89              		.thumb_func
  91              	HAL_RTC_MspInit:
  92              	.LVL0:
  93              	.LFB135:
  79:Core/Src/stm32f4xx_hal_msp.c **** 
  80:Core/Src/stm32f4xx_hal_msp.c **** /**
  81:Core/Src/stm32f4xx_hal_msp.c ****   * @brief RTC MSP Initialization
ARM GAS  /tmp/ccDYQggw.s 			page 4


  82:Core/Src/stm32f4xx_hal_msp.c ****   * This function configures the hardware resources used in this example
  83:Core/Src/stm32f4xx_hal_msp.c ****   * @param hrtc: RTC handle pointer
  84:Core/Src/stm32f4xx_hal_msp.c ****   * @retval None
  85:Core/Src/stm32f4xx_hal_msp.c ****   */
  86:Core/Src/stm32f4xx_hal_msp.c **** void HAL_RTC_MspInit(RTC_HandleTypeDef* hrtc)
  87:Core/Src/stm32f4xx_hal_msp.c **** {
  94              		.loc 1 87 1 is_stmt 1 view -0
  95              		.cfi_startproc
  96              		@ args = 0, pretend = 0, frame = 24
  97              		@ frame_needed = 0, uses_anonymous_args = 0
  98              		.loc 1 87 1 is_stmt 0 view .LVU15
  99 0000 00B5     		push	{lr}
 100              	.LCFI2:
 101              		.cfi_def_cfa_offset 4
 102              		.cfi_offset 14, -4
 103 0002 87B0     		sub	sp, sp, #28
 104              	.LCFI3:
 105              		.cfi_def_cfa_offset 32
  88:Core/Src/stm32f4xx_hal_msp.c ****   RCC_PeriphCLKInitTypeDef PeriphClkInitStruct = {0};
 106              		.loc 1 88 3 is_stmt 1 view .LVU16
 107              		.loc 1 88 28 is_stmt 0 view .LVU17
 108 0004 0023     		movs	r3, #0
 109 0006 0193     		str	r3, [sp, #4]
 110 0008 0293     		str	r3, [sp, #8]
 111 000a 0393     		str	r3, [sp, #12]
 112 000c 0493     		str	r3, [sp, #16]
 113 000e 0593     		str	r3, [sp, #20]
  89:Core/Src/stm32f4xx_hal_msp.c ****   if(hrtc->Instance==RTC)
 114              		.loc 1 89 3 is_stmt 1 view .LVU18
 115              		.loc 1 89 10 is_stmt 0 view .LVU19
 116 0010 0268     		ldr	r2, [r0]
 117              		.loc 1 89 5 view .LVU20
 118 0012 0B4B     		ldr	r3, .L11
 119 0014 9A42     		cmp	r2, r3
 120 0016 02D0     		beq	.L9
 121              	.LVL1:
 122              	.L5:
  90:Core/Src/stm32f4xx_hal_msp.c ****   {
  91:Core/Src/stm32f4xx_hal_msp.c ****     /* USER CODE BEGIN RTC_MspInit 0 */
  92:Core/Src/stm32f4xx_hal_msp.c **** 
  93:Core/Src/stm32f4xx_hal_msp.c ****     /* USER CODE END RTC_MspInit 0 */
  94:Core/Src/stm32f4xx_hal_msp.c **** 
  95:Core/Src/stm32f4xx_hal_msp.c ****   /** Initializes the peripherals clock
  96:Core/Src/stm32f4xx_hal_msp.c ****   */
  97:Core/Src/stm32f4xx_hal_msp.c ****     PeriphClkInitStruct.PeriphClockSelection = RCC_PERIPHCLK_RTC;
  98:Core/Src/stm32f4xx_hal_msp.c ****     PeriphClkInitStruct.RTCClockSelection = RCC_RTCCLKSOURCE_LSI;
  99:Core/Src/stm32f4xx_hal_msp.c ****     if (HAL_RCCEx_PeriphCLKConfig(&PeriphClkInitStruct) != HAL_OK)
 100:Core/Src/stm32f4xx_hal_msp.c ****     {
 101:Core/Src/stm32f4xx_hal_msp.c ****       Error_Handler();
 102:Core/Src/stm32f4xx_hal_msp.c ****     }
 103:Core/Src/stm32f4xx_hal_msp.c **** 
 104:Core/Src/stm32f4xx_hal_msp.c ****     /* Peripheral clock enable */
 105:Core/Src/stm32f4xx_hal_msp.c ****     __HAL_RCC_RTC_ENABLE();
 106:Core/Src/stm32f4xx_hal_msp.c ****     /* USER CODE BEGIN RTC_MspInit 1 */
 107:Core/Src/stm32f4xx_hal_msp.c **** 
 108:Core/Src/stm32f4xx_hal_msp.c ****     /* USER CODE END RTC_MspInit 1 */
 109:Core/Src/stm32f4xx_hal_msp.c **** 
ARM GAS  /tmp/ccDYQggw.s 			page 5


 110:Core/Src/stm32f4xx_hal_msp.c ****   }
 111:Core/Src/stm32f4xx_hal_msp.c **** 
 112:Core/Src/stm32f4xx_hal_msp.c **** }
 123              		.loc 1 112 1 view .LVU21
 124 0018 07B0     		add	sp, sp, #28
 125              	.LCFI4:
 126              		.cfi_remember_state
 127              		.cfi_def_cfa_offset 4
 128              		@ sp needed
 129 001a 5DF804FB 		ldr	pc, [sp], #4
 130              	.LVL2:
 131              	.L9:
 132              	.LCFI5:
 133              		.cfi_restore_state
  97:Core/Src/stm32f4xx_hal_msp.c ****     PeriphClkInitStruct.RTCClockSelection = RCC_RTCCLKSOURCE_LSI;
 134              		.loc 1 97 5 is_stmt 1 view .LVU22
  97:Core/Src/stm32f4xx_hal_msp.c ****     PeriphClkInitStruct.RTCClockSelection = RCC_RTCCLKSOURCE_LSI;
 135              		.loc 1 97 46 is_stmt 0 view .LVU23
 136 001e 0223     		movs	r3, #2
 137 0020 0193     		str	r3, [sp, #4]
  98:Core/Src/stm32f4xx_hal_msp.c ****     if (HAL_RCCEx_PeriphCLKConfig(&PeriphClkInitStruct) != HAL_OK)
 138              		.loc 1 98 5 is_stmt 1 view .LVU24
  98:Core/Src/stm32f4xx_hal_msp.c ****     if (HAL_RCCEx_PeriphCLKConfig(&PeriphClkInitStruct) != HAL_OK)
 139              		.loc 1 98 43 is_stmt 0 view .LVU25
 140 0022 4FF40073 		mov	r3, #512
 141 0026 0493     		str	r3, [sp, #16]
  99:Core/Src/stm32f4xx_hal_msp.c ****     {
 142              		.loc 1 99 5 is_stmt 1 view .LVU26
  99:Core/Src/stm32f4xx_hal_msp.c ****     {
 143              		.loc 1 99 9 is_stmt 0 view .LVU27
 144 0028 01A8     		add	r0, sp, #4
 145              	.LVL3:
  99:Core/Src/stm32f4xx_hal_msp.c ****     {
 146              		.loc 1 99 9 view .LVU28
 147 002a FFF7FEFF 		bl	HAL_RCCEx_PeriphCLKConfig
 148              	.LVL4:
  99:Core/Src/stm32f4xx_hal_msp.c ****     {
 149              		.loc 1 99 8 discriminator 1 view .LVU29
 150 002e 20B9     		cbnz	r0, .L10
 151              	.L7:
 105:Core/Src/stm32f4xx_hal_msp.c ****     /* USER CODE BEGIN RTC_MspInit 1 */
 152              		.loc 1 105 5 is_stmt 1 view .LVU30
 153 0030 044B     		ldr	r3, .L11+4
 154 0032 0122     		movs	r2, #1
 155 0034 C3F83C2E 		str	r2, [r3, #3644]
 156              		.loc 1 112 1 is_stmt 0 view .LVU31
 157 0038 EEE7     		b	.L5
 158              	.L10:
 101:Core/Src/stm32f4xx_hal_msp.c ****     }
 159              		.loc 1 101 7 is_stmt 1 view .LVU32
 160 003a FFF7FEFF 		bl	Error_Handler
 161              	.LVL5:
 162 003e F7E7     		b	.L7
 163              	.L12:
 164              		.align	2
 165              	.L11:
 166 0040 00280040 		.word	1073752064
ARM GAS  /tmp/ccDYQggw.s 			page 6


 167 0044 00004742 		.word	1111949312
 168              		.cfi_endproc
 169              	.LFE135:
 171              		.section	.text.HAL_RTC_MspDeInit,"ax",%progbits
 172              		.align	1
 173              		.global	HAL_RTC_MspDeInit
 174              		.syntax unified
 175              		.thumb
 176              		.thumb_func
 178              	HAL_RTC_MspDeInit:
 179              	.LVL6:
 180              	.LFB136:
 113:Core/Src/stm32f4xx_hal_msp.c **** 
 114:Core/Src/stm32f4xx_hal_msp.c **** /**
 115:Core/Src/stm32f4xx_hal_msp.c ****   * @brief RTC MSP De-Initialization
 116:Core/Src/stm32f4xx_hal_msp.c ****   * This function freeze the hardware resources used in this example
 117:Core/Src/stm32f4xx_hal_msp.c ****   * @param hrtc: RTC handle pointer
 118:Core/Src/stm32f4xx_hal_msp.c ****   * @retval None
 119:Core/Src/stm32f4xx_hal_msp.c ****   */
 120:Core/Src/stm32f4xx_hal_msp.c **** void HAL_RTC_MspDeInit(RTC_HandleTypeDef* hrtc)
 121:Core/Src/stm32f4xx_hal_msp.c **** {
 181              		.loc 1 121 1 view -0
 182              		.cfi_startproc
 183              		@ args = 0, pretend = 0, frame = 0
 184              		@ frame_needed = 0, uses_anonymous_args = 0
 185              		@ link register save eliminated.
 122:Core/Src/stm32f4xx_hal_msp.c ****   if(hrtc->Instance==RTC)
 186              		.loc 1 122 3 view .LVU34
 187              		.loc 1 122 10 is_stmt 0 view .LVU35
 188 0000 0268     		ldr	r2, [r0]
 189              		.loc 1 122 5 view .LVU36
 190 0002 044B     		ldr	r3, .L16
 191 0004 9A42     		cmp	r2, r3
 192 0006 00D0     		beq	.L15
 193              	.L13:
 123:Core/Src/stm32f4xx_hal_msp.c ****   {
 124:Core/Src/stm32f4xx_hal_msp.c ****     /* USER CODE BEGIN RTC_MspDeInit 0 */
 125:Core/Src/stm32f4xx_hal_msp.c **** 
 126:Core/Src/stm32f4xx_hal_msp.c ****     /* USER CODE END RTC_MspDeInit 0 */
 127:Core/Src/stm32f4xx_hal_msp.c ****     /* Peripheral clock disable */
 128:Core/Src/stm32f4xx_hal_msp.c ****     __HAL_RCC_RTC_DISABLE();
 129:Core/Src/stm32f4xx_hal_msp.c ****     /* USER CODE BEGIN RTC_MspDeInit 1 */
 130:Core/Src/stm32f4xx_hal_msp.c **** 
 131:Core/Src/stm32f4xx_hal_msp.c ****     /* USER CODE END RTC_MspDeInit 1 */
 132:Core/Src/stm32f4xx_hal_msp.c ****   }
 133:Core/Src/stm32f4xx_hal_msp.c **** 
 134:Core/Src/stm32f4xx_hal_msp.c **** }
 194              		.loc 1 134 1 view .LVU37
 195 0008 7047     		bx	lr
 196              	.L15:
 128:Core/Src/stm32f4xx_hal_msp.c ****     /* USER CODE BEGIN RTC_MspDeInit 1 */
 197              		.loc 1 128 5 is_stmt 1 view .LVU38
 198 000a 034B     		ldr	r3, .L16+4
 199 000c 0022     		movs	r2, #0
 200 000e C3F83C2E 		str	r2, [r3, #3644]
 201              		.loc 1 134 1 is_stmt 0 view .LVU39
 202 0012 F9E7     		b	.L13
ARM GAS  /tmp/ccDYQggw.s 			page 7


 203              	.L17:
 204              		.align	2
 205              	.L16:
 206 0014 00280040 		.word	1073752064
 207 0018 00004742 		.word	1111949312
 208              		.cfi_endproc
 209              	.LFE136:
 211              		.section	.text.HAL_UART_MspInit,"ax",%progbits
 212              		.align	1
 213              		.global	HAL_UART_MspInit
 214              		.syntax unified
 215              		.thumb
 216              		.thumb_func
 218              	HAL_UART_MspInit:
 219              	.LVL7:
 220              	.LFB137:
 135:Core/Src/stm32f4xx_hal_msp.c **** 
 136:Core/Src/stm32f4xx_hal_msp.c **** /**
 137:Core/Src/stm32f4xx_hal_msp.c ****   * @brief UART MSP Initialization
 138:Core/Src/stm32f4xx_hal_msp.c ****   * This function configures the hardware resources used in this example
 139:Core/Src/stm32f4xx_hal_msp.c ****   * @param huart: UART handle pointer
 140:Core/Src/stm32f4xx_hal_msp.c ****   * @retval None
 141:Core/Src/stm32f4xx_hal_msp.c ****   */
 142:Core/Src/stm32f4xx_hal_msp.c **** void HAL_UART_MspInit(UART_HandleTypeDef* huart)
 143:Core/Src/stm32f4xx_hal_msp.c **** {
 221              		.loc 1 143 1 is_stmt 1 view -0
 222              		.cfi_startproc
 223              		@ args = 0, pretend = 0, frame = 32
 224              		@ frame_needed = 0, uses_anonymous_args = 0
 225              		.loc 1 143 1 is_stmt 0 view .LVU41
 226 0000 00B5     		push	{lr}
 227              	.LCFI6:
 228              		.cfi_def_cfa_offset 4
 229              		.cfi_offset 14, -4
 230 0002 89B0     		sub	sp, sp, #36
 231              	.LCFI7:
 232              		.cfi_def_cfa_offset 40
 144:Core/Src/stm32f4xx_hal_msp.c ****   GPIO_InitTypeDef GPIO_InitStruct = {0};
 233              		.loc 1 144 3 is_stmt 1 view .LVU42
 234              		.loc 1 144 20 is_stmt 0 view .LVU43
 235 0004 0023     		movs	r3, #0
 236 0006 0393     		str	r3, [sp, #12]
 237 0008 0493     		str	r3, [sp, #16]
 238 000a 0593     		str	r3, [sp, #20]
 239 000c 0693     		str	r3, [sp, #24]
 240 000e 0793     		str	r3, [sp, #28]
 145:Core/Src/stm32f4xx_hal_msp.c ****   if(huart->Instance==USART2)
 241              		.loc 1 145 3 is_stmt 1 view .LVU44
 242              		.loc 1 145 11 is_stmt 0 view .LVU45
 243 0010 0268     		ldr	r2, [r0]
 244              		.loc 1 145 5 view .LVU46
 245 0012 154B     		ldr	r3, .L22
 246 0014 9A42     		cmp	r2, r3
 247 0016 02D0     		beq	.L21
 248              	.LVL8:
 249              	.L18:
 146:Core/Src/stm32f4xx_hal_msp.c ****   {
ARM GAS  /tmp/ccDYQggw.s 			page 8


 147:Core/Src/stm32f4xx_hal_msp.c ****     /* USER CODE BEGIN USART2_MspInit 0 */
 148:Core/Src/stm32f4xx_hal_msp.c **** 
 149:Core/Src/stm32f4xx_hal_msp.c ****     /* USER CODE END USART2_MspInit 0 */
 150:Core/Src/stm32f4xx_hal_msp.c ****     /* Peripheral clock enable */
 151:Core/Src/stm32f4xx_hal_msp.c ****     __HAL_RCC_USART2_CLK_ENABLE();
 152:Core/Src/stm32f4xx_hal_msp.c **** 
 153:Core/Src/stm32f4xx_hal_msp.c ****     __HAL_RCC_GPIOA_CLK_ENABLE();
 154:Core/Src/stm32f4xx_hal_msp.c ****     /**USART2 GPIO Configuration
 155:Core/Src/stm32f4xx_hal_msp.c ****     PA2     ------> USART2_TX
 156:Core/Src/stm32f4xx_hal_msp.c ****     PA3     ------> USART2_RX
 157:Core/Src/stm32f4xx_hal_msp.c ****     */
 158:Core/Src/stm32f4xx_hal_msp.c ****     GPIO_InitStruct.Pin = GPIO_PIN_2|GPIO_PIN_3;
 159:Core/Src/stm32f4xx_hal_msp.c ****     GPIO_InitStruct.Mode = GPIO_MODE_AF_PP;
 160:Core/Src/stm32f4xx_hal_msp.c ****     GPIO_InitStruct.Pull = GPIO_NOPULL;
 161:Core/Src/stm32f4xx_hal_msp.c ****     GPIO_InitStruct.Speed = GPIO_SPEED_FREQ_VERY_HIGH;
 162:Core/Src/stm32f4xx_hal_msp.c ****     GPIO_InitStruct.Alternate = GPIO_AF7_USART2;
 163:Core/Src/stm32f4xx_hal_msp.c ****     HAL_GPIO_Init(GPIOA, &GPIO_InitStruct);
 164:Core/Src/stm32f4xx_hal_msp.c **** 
 165:Core/Src/stm32f4xx_hal_msp.c ****     /* USER CODE BEGIN USART2_MspInit 1 */
 166:Core/Src/stm32f4xx_hal_msp.c **** 
 167:Core/Src/stm32f4xx_hal_msp.c ****     /* USER CODE END USART2_MspInit 1 */
 168:Core/Src/stm32f4xx_hal_msp.c **** 
 169:Core/Src/stm32f4xx_hal_msp.c ****   }
 170:Core/Src/stm32f4xx_hal_msp.c **** 
 171:Core/Src/stm32f4xx_hal_msp.c **** }
 250              		.loc 1 171 1 view .LVU47
 251 0018 09B0     		add	sp, sp, #36
 252              	.LCFI8:
 253              		.cfi_remember_state
 254              		.cfi_def_cfa_offset 4
 255              		@ sp needed
 256 001a 5DF804FB 		ldr	pc, [sp], #4
 257              	.LVL9:
 258              	.L21:
 259              	.LCFI9:
 260              		.cfi_restore_state
 151:Core/Src/stm32f4xx_hal_msp.c **** 
 261              		.loc 1 151 5 is_stmt 1 view .LVU48
 262              	.LBB4:
 151:Core/Src/stm32f4xx_hal_msp.c **** 
 263              		.loc 1 151 5 view .LVU49
 264 001e 0021     		movs	r1, #0
 265 0020 0191     		str	r1, [sp, #4]
 151:Core/Src/stm32f4xx_hal_msp.c **** 
 266              		.loc 1 151 5 view .LVU50
 267 0022 03F5FA33 		add	r3, r3, #128000
 268 0026 1A6C     		ldr	r2, [r3, #64]
 269 0028 42F40032 		orr	r2, r2, #131072
 270 002c 1A64     		str	r2, [r3, #64]
 151:Core/Src/stm32f4xx_hal_msp.c **** 
 271              		.loc 1 151 5 view .LVU51
 272 002e 1A6C     		ldr	r2, [r3, #64]
 273 0030 02F40032 		and	r2, r2, #131072
 274 0034 0192     		str	r2, [sp, #4]
 151:Core/Src/stm32f4xx_hal_msp.c **** 
 275              		.loc 1 151 5 view .LVU52
 276 0036 019A     		ldr	r2, [sp, #4]
ARM GAS  /tmp/ccDYQggw.s 			page 9


 277              	.LBE4:
 151:Core/Src/stm32f4xx_hal_msp.c **** 
 278              		.loc 1 151 5 view .LVU53
 153:Core/Src/stm32f4xx_hal_msp.c ****     /**USART2 GPIO Configuration
 279              		.loc 1 153 5 view .LVU54
 280              	.LBB5:
 153:Core/Src/stm32f4xx_hal_msp.c ****     /**USART2 GPIO Configuration
 281              		.loc 1 153 5 view .LVU55
 282 0038 0291     		str	r1, [sp, #8]
 153:Core/Src/stm32f4xx_hal_msp.c ****     /**USART2 GPIO Configuration
 283              		.loc 1 153 5 view .LVU56
 284 003a 1A6B     		ldr	r2, [r3, #48]
 285 003c 42F00102 		orr	r2, r2, #1
 286 0040 1A63     		str	r2, [r3, #48]
 153:Core/Src/stm32f4xx_hal_msp.c ****     /**USART2 GPIO Configuration
 287              		.loc 1 153 5 view .LVU57
 288 0042 1B6B     		ldr	r3, [r3, #48]
 289 0044 03F00103 		and	r3, r3, #1
 290 0048 0293     		str	r3, [sp, #8]
 153:Core/Src/stm32f4xx_hal_msp.c ****     /**USART2 GPIO Configuration
 291              		.loc 1 153 5 view .LVU58
 292 004a 029B     		ldr	r3, [sp, #8]
 293              	.LBE5:
 153:Core/Src/stm32f4xx_hal_msp.c ****     /**USART2 GPIO Configuration
 294              		.loc 1 153 5 view .LVU59
 158:Core/Src/stm32f4xx_hal_msp.c ****     GPIO_InitStruct.Mode = GPIO_MODE_AF_PP;
 295              		.loc 1 158 5 view .LVU60
 158:Core/Src/stm32f4xx_hal_msp.c ****     GPIO_InitStruct.Mode = GPIO_MODE_AF_PP;
 296              		.loc 1 158 25 is_stmt 0 view .LVU61
 297 004c 0C23     		movs	r3, #12
 298 004e 0393     		str	r3, [sp, #12]
 159:Core/Src/stm32f4xx_hal_msp.c ****     GPIO_InitStruct.Pull = GPIO_NOPULL;
 299              		.loc 1 159 5 is_stmt 1 view .LVU62
 159:Core/Src/stm32f4xx_hal_msp.c ****     GPIO_InitStruct.Pull = GPIO_NOPULL;
 300              		.loc 1 159 26 is_stmt 0 view .LVU63
 301 0050 0223     		movs	r3, #2
 302 0052 0493     		str	r3, [sp, #16]
 160:Core/Src/stm32f4xx_hal_msp.c ****     GPIO_InitStruct.Speed = GPIO_SPEED_FREQ_VERY_HIGH;
 303              		.loc 1 160 5 is_stmt 1 view .LVU64
 161:Core/Src/stm32f4xx_hal_msp.c ****     GPIO_InitStruct.Alternate = GPIO_AF7_USART2;
 304              		.loc 1 161 5 view .LVU65
 161:Core/Src/stm32f4xx_hal_msp.c ****     GPIO_InitStruct.Alternate = GPIO_AF7_USART2;
 305              		.loc 1 161 27 is_stmt 0 view .LVU66
 306 0054 0323     		movs	r3, #3
 307 0056 0693     		str	r3, [sp, #24]
 162:Core/Src/stm32f4xx_hal_msp.c ****     HAL_GPIO_Init(GPIOA, &GPIO_InitStruct);
 308              		.loc 1 162 5 is_stmt 1 view .LVU67
 162:Core/Src/stm32f4xx_hal_msp.c ****     HAL_GPIO_Init(GPIOA, &GPIO_InitStruct);
 309              		.loc 1 162 31 is_stmt 0 view .LVU68
 310 0058 0723     		movs	r3, #7
 311 005a 0793     		str	r3, [sp, #28]
 163:Core/Src/stm32f4xx_hal_msp.c **** 
 312              		.loc 1 163 5 is_stmt 1 view .LVU69
 313 005c 03A9     		add	r1, sp, #12
 314 005e 0348     		ldr	r0, .L22+4
 315              	.LVL10:
 163:Core/Src/stm32f4xx_hal_msp.c **** 
ARM GAS  /tmp/ccDYQggw.s 			page 10


 316              		.loc 1 163 5 is_stmt 0 view .LVU70
 317 0060 FFF7FEFF 		bl	HAL_GPIO_Init
 318              	.LVL11:
 319              		.loc 1 171 1 view .LVU71
 320 0064 D8E7     		b	.L18
 321              	.L23:
 322 0066 00BF     		.align	2
 323              	.L22:
 324 0068 00440040 		.word	1073759232
 325 006c 00000240 		.word	1073872896
 326              		.cfi_endproc
 327              	.LFE137:
 329              		.section	.text.HAL_UART_MspDeInit,"ax",%progbits
 330              		.align	1
 331              		.global	HAL_UART_MspDeInit
 332              		.syntax unified
 333              		.thumb
 334              		.thumb_func
 336              	HAL_UART_MspDeInit:
 337              	.LVL12:
 338              	.LFB138:
 172:Core/Src/stm32f4xx_hal_msp.c **** 
 173:Core/Src/stm32f4xx_hal_msp.c **** /**
 174:Core/Src/stm32f4xx_hal_msp.c ****   * @brief UART MSP De-Initialization
 175:Core/Src/stm32f4xx_hal_msp.c ****   * This function freeze the hardware resources used in this example
 176:Core/Src/stm32f4xx_hal_msp.c ****   * @param huart: UART handle pointer
 177:Core/Src/stm32f4xx_hal_msp.c ****   * @retval None
 178:Core/Src/stm32f4xx_hal_msp.c ****   */
 179:Core/Src/stm32f4xx_hal_msp.c **** void HAL_UART_MspDeInit(UART_HandleTypeDef* huart)
 180:Core/Src/stm32f4xx_hal_msp.c **** {
 339              		.loc 1 180 1 is_stmt 1 view -0
 340              		.cfi_startproc
 341              		@ args = 0, pretend = 0, frame = 0
 342              		@ frame_needed = 0, uses_anonymous_args = 0
 343              		.loc 1 180 1 is_stmt 0 view .LVU73
 344 0000 08B5     		push	{r3, lr}
 345              	.LCFI10:
 346              		.cfi_def_cfa_offset 8
 347              		.cfi_offset 3, -8
 348              		.cfi_offset 14, -4
 181:Core/Src/stm32f4xx_hal_msp.c ****   if(huart->Instance==USART2)
 349              		.loc 1 181 3 is_stmt 1 view .LVU74
 350              		.loc 1 181 11 is_stmt 0 view .LVU75
 351 0002 0268     		ldr	r2, [r0]
 352              		.loc 1 181 5 view .LVU76
 353 0004 064B     		ldr	r3, .L28
 354 0006 9A42     		cmp	r2, r3
 355 0008 00D0     		beq	.L27
 356              	.LVL13:
 357              	.L24:
 182:Core/Src/stm32f4xx_hal_msp.c ****   {
 183:Core/Src/stm32f4xx_hal_msp.c ****     /* USER CODE BEGIN USART2_MspDeInit 0 */
 184:Core/Src/stm32f4xx_hal_msp.c **** 
 185:Core/Src/stm32f4xx_hal_msp.c ****     /* USER CODE END USART2_MspDeInit 0 */
 186:Core/Src/stm32f4xx_hal_msp.c ****     /* Peripheral clock disable */
 187:Core/Src/stm32f4xx_hal_msp.c ****     __HAL_RCC_USART2_CLK_DISABLE();
 188:Core/Src/stm32f4xx_hal_msp.c **** 
ARM GAS  /tmp/ccDYQggw.s 			page 11


 189:Core/Src/stm32f4xx_hal_msp.c ****     /**USART2 GPIO Configuration
 190:Core/Src/stm32f4xx_hal_msp.c ****     PA2     ------> USART2_TX
 191:Core/Src/stm32f4xx_hal_msp.c ****     PA3     ------> USART2_RX
 192:Core/Src/stm32f4xx_hal_msp.c ****     */
 193:Core/Src/stm32f4xx_hal_msp.c ****     HAL_GPIO_DeInit(GPIOA, GPIO_PIN_2|GPIO_PIN_3);
 194:Core/Src/stm32f4xx_hal_msp.c **** 
 195:Core/Src/stm32f4xx_hal_msp.c ****     /* USER CODE BEGIN USART2_MspDeInit 1 */
 196:Core/Src/stm32f4xx_hal_msp.c **** 
 197:Core/Src/stm32f4xx_hal_msp.c ****     /* USER CODE END USART2_MspDeInit 1 */
 198:Core/Src/stm32f4xx_hal_msp.c ****   }
 199:Core/Src/stm32f4xx_hal_msp.c **** 
 200:Core/Src/stm32f4xx_hal_msp.c **** }
 358              		.loc 1 200 1 view .LVU77
 359 000a 08BD     		pop	{r3, pc}
 360              	.LVL14:
 361              	.L27:
 187:Core/Src/stm32f4xx_hal_msp.c **** 
 362              		.loc 1 187 5 is_stmt 1 view .LVU78
 363 000c 054A     		ldr	r2, .L28+4
 364 000e 136C     		ldr	r3, [r2, #64]
 365 0010 23F40033 		bic	r3, r3, #131072
 366 0014 1364     		str	r3, [r2, #64]
 193:Core/Src/stm32f4xx_hal_msp.c **** 
 367              		.loc 1 193 5 view .LVU79
 368 0016 0C21     		movs	r1, #12
 369 0018 0348     		ldr	r0, .L28+8
 370              	.LVL15:
 193:Core/Src/stm32f4xx_hal_msp.c **** 
 371              		.loc 1 193 5 is_stmt 0 view .LVU80
 372 001a FFF7FEFF 		bl	HAL_GPIO_DeInit
 373              	.LVL16:
 374              		.loc 1 200 1 view .LVU81
 375 001e F4E7     		b	.L24
 376              	.L29:
 377              		.align	2
 378              	.L28:
 379 0020 00440040 		.word	1073759232
 380 0024 00380240 		.word	1073887232
 381 0028 00000240 		.word	1073872896
 382              		.cfi_endproc
 383              	.LFE138:
 385              		.text
 386              	.Letext0:
 387              		.file 2 "/home/mike/bin/arm-gnu-toolchain-14.3.rel1-x86_64-arm-none-eabi/arm-none-eabi/include/mac
 388              		.file 3 "/home/mike/bin/arm-gnu-toolchain-14.3.rel1-x86_64-arm-none-eabi/arm-none-eabi/include/sys
 389              		.file 4 "Drivers/CMSIS/Device/ST/STM32F4xx/Include/stm32f401xe.h"
 390              		.file 5 "Drivers/CMSIS/Device/ST/STM32F4xx/Include/stm32f4xx.h"
 391              		.file 6 "Drivers/STM32F4xx_HAL_Driver/Inc/stm32f4xx_hal_def.h"
 392              		.file 7 "Drivers/STM32F4xx_HAL_Driver/Inc/stm32f4xx_hal_rcc_ex.h"
 393              		.file 8 "Drivers/STM32F4xx_HAL_Driver/Inc/stm32f4xx_hal_gpio.h"
 394              		.file 9 "Drivers/STM32F4xx_HAL_Driver/Inc/stm32f4xx_hal_dma.h"
 395              		.file 10 "Drivers/STM32F4xx_HAL_Driver/Inc/stm32f4xx_hal_rtc.h"
 396              		.file 11 "Drivers/STM32F4xx_HAL_Driver/Inc/stm32f4xx_hal_uart.h"
 397              		.file 12 "Core/Inc/main.h"
ARM GAS  /tmp/ccDYQggw.s 			page 12


DEFINED SYMBOLS
                            *ABS*:00000000 stm32f4xx_hal_msp.c
     /tmp/ccDYQggw.s:21     .text.HAL_MspInit:00000000 $t
     /tmp/ccDYQggw.s:27     .text.HAL_MspInit:00000000 HAL_MspInit
     /tmp/ccDYQggw.s:80     .text.HAL_MspInit:00000034 $d
     /tmp/ccDYQggw.s:85     .text.HAL_RTC_MspInit:00000000 $t
     /tmp/ccDYQggw.s:91     .text.HAL_RTC_MspInit:00000000 HAL_RTC_MspInit
     /tmp/ccDYQggw.s:166    .text.HAL_RTC_MspInit:00000040 $d
     /tmp/ccDYQggw.s:172    .text.HAL_RTC_MspDeInit:00000000 $t
     /tmp/ccDYQggw.s:178    .text.HAL_RTC_MspDeInit:00000000 HAL_RTC_MspDeInit
     /tmp/ccDYQggw.s:206    .text.HAL_RTC_MspDeInit:00000014 $d
     /tmp/ccDYQggw.s:212    .text.HAL_UART_MspInit:00000000 $t
     /tmp/ccDYQggw.s:218    .text.HAL_UART_MspInit:00000000 HAL_UART_MspInit
     /tmp/ccDYQggw.s:324    .text.HAL_UART_MspInit:00000068 $d
     /tmp/ccDYQggw.s:330    .text.HAL_UART_MspDeInit:00000000 $t
     /tmp/ccDYQggw.s:336    .text.HAL_UART_MspDeInit:00000000 HAL_UART_MspDeInit
     /tmp/ccDYQggw.s:379    .text.HAL_UART_MspDeInit:00000020 $d

UNDEFINED SYMBOLS
HAL_RCCEx_PeriphCLKConfig
Error_Handler
HAL_GPIO_Init
HAL_GPIO_DeInit
