ARM GAS  /tmp/ccs2RMzB.s 			page 1


   1              		.cpu cortex-m4
   2              		.arch armv7e-m
   3              		.fpu fpv4-sp-d16
   4              		.eabi_attribute 27, 1
   5              		.eabi_attribute 28, 1
   6              		.eabi_attribute 20, 1
   7              		.eabi_attribute 21, 1
   8              		.eabi_attribute 23, 3
   9              		.eabi_attribute 24, 1
  10              		.eabi_attribute 25, 1
  11              		.eabi_attribute 26, 1
  12              		.eabi_attribute 30, 1
  13              		.eabi_attribute 34, 1
  14              		.eabi_attribute 18, 4
  15              		.file	"transmit_and_recieve_control.c"
  16              		.text
  17              	.Ltext0:
  18              		.cfi_sections	.debug_frame
  19              		.file 1 "Core/Src/transmit_and_recieve_control/transmit_and_recieve_control.c"
  20              		.section	.rodata.lcd1602_transmit.str1.4,"aMS",%progbits,1
  21              		.align	2
  22              	.LC0:
  23 0000 4572726F 		.ascii	"Error: an error occurred while executing the 'lcd16"
  23      723A2061 
  23      6E206572 
  23      726F7220 
  23      6F636375 
  24 0033 30325F74 		.ascii	"02_transmit' function\012\000"
  24      72616E73 
  24      6D697427 
  24      2066756E 
  24      6374696F 
  25              		.section	.text.lcd1602_transmit,"ax",%progbits
  26              		.align	1
  27              		.global	lcd1602_transmit
  28              		.syntax unified
  29              		.thumb
  30              		.thumb_func
  32              	lcd1602_transmit:
  33              	.LVL0:
  34              	.LFB135:
   1:Core/Src/transmit_and_recieve_control/transmit_and_recieve_control.c **** #include "transmit_and_recieve_control.h"
   2:Core/Src/transmit_and_recieve_control/transmit_and_recieve_control.c **** 
   3:Core/Src/transmit_and_recieve_control/transmit_and_recieve_control.c **** void lcd1602_send_string(char *str) {
   4:Core/Src/transmit_and_recieve_control/transmit_and_recieve_control.c ****   if (sizeof(*str) == 0) {
   5:Core/Src/transmit_and_recieve_control/transmit_and_recieve_control.c ****     HAL_UART_Transmit(&huart2, (const uint8_t*)"Warning: in the send function 'lcd1602_send_string'
   6:Core/Src/transmit_and_recieve_control/transmit_and_recieve_control.c ****     strlen((char *)"Warning: in the send function 'lcd1602_send_string' you pass an empty string\n"
   7:Core/Src/transmit_and_recieve_control/transmit_and_recieve_control.c ****   }
   8:Core/Src/transmit_and_recieve_control/transmit_and_recieve_control.c ****   while(*str) {
   9:Core/Src/transmit_and_recieve_control/transmit_and_recieve_control.c ****     lcd1602_transmit_data((uint8_t)(*str));
  10:Core/Src/transmit_and_recieve_control/transmit_and_recieve_control.c ****     str++;
  11:Core/Src/transmit_and_recieve_control/transmit_and_recieve_control.c ****   }
  12:Core/Src/transmit_and_recieve_control/transmit_and_recieve_control.c **** }
  13:Core/Src/transmit_and_recieve_control/transmit_and_recieve_control.c **** 
  14:Core/Src/transmit_and_recieve_control/transmit_and_recieve_control.c **** HAL_StatusTypeDef lcd1602_transmit(uint8_t data, uint8_t flags) {
  35              		.loc 1 14 65 view -0
  36              		.cfi_startproc
ARM GAS  /tmp/ccs2RMzB.s 			page 2


  37              		@ args = 0, pretend = 0, frame = 8
  38              		@ frame_needed = 0, uses_anonymous_args = 0
  39              		.loc 1 14 65 is_stmt 0 view .LVU1
  40 0000 00B5     		push	{lr}
  41              	.LCFI0:
  42              		.cfi_def_cfa_offset 4
  43              		.cfi_offset 14, -4
  44 0002 85B0     		sub	sp, sp, #20
  45              	.LCFI1:
  46              		.cfi_def_cfa_offset 24
  15:Core/Src/transmit_and_recieve_control/transmit_and_recieve_control.c **** 	uint8_t upper_bits = data & 0xF0;
  47              		.loc 1 15 2 is_stmt 1 view .LVU2
  48              		.loc 1 15 10 is_stmt 0 view .LVU3
  49 0004 00F0F003 		and	r3, r0, #240
  50              	.LVL1:
  16:Core/Src/transmit_and_recieve_control/transmit_and_recieve_control.c **** 	uint8_t lower_bits = (data << 4) & 0xF0;
  51              		.loc 1 16 2 is_stmt 1 view .LVU4
  52              		.loc 1 16 10 is_stmt 0 view .LVU5
  53 0008 0001     		lsls	r0, r0, #4
  54              	.LVL2:
  55              		.loc 1 16 10 view .LVU6
  56 000a C0B2     		uxtb	r0, r0
  57              	.LVL3:
  17:Core/Src/transmit_and_recieve_control/transmit_and_recieve_control.c **** 	uint8_t data_arr[4];                              
  58              		.loc 1 17 2 is_stmt 1 view .LVU7
  18:Core/Src/transmit_and_recieve_control/transmit_and_recieve_control.c **** 	data_arr[0] = upper_bits | flags | BACKLIGHT | PIN_EN; 
  59              		.loc 1 18 2 view .LVU8
  60              		.loc 1 18 14 is_stmt 0 view .LVU9
  61 000c 0B43     		orrs	r3, r3, r1
  62              	.LVL4:
  63              		.loc 1 18 14 view .LVU10
  64 000e 43F00C02 		orr	r2, r3, #12
  65 0012 8DF80C20 		strb	r2, [sp, #12]
  19:Core/Src/transmit_and_recieve_control/transmit_and_recieve_control.c **** 	data_arr[1] = upper_bits | flags | BACKLIGHT;         
  66              		.loc 1 19 2 is_stmt 1 view .LVU11
  67              		.loc 1 19 14 is_stmt 0 view .LVU12
  68 0016 43F00803 		orr	r3, r3, #8
  69 001a 8DF80D30 		strb	r3, [sp, #13]
  20:Core/Src/transmit_and_recieve_control/transmit_and_recieve_control.c **** 	data_arr[2] = lower_bits | flags | BACKLIGHT | PIN_EN;
  70              		.loc 1 20 2 is_stmt 1 view .LVU13
  71              		.loc 1 20 14 is_stmt 0 view .LVU14
  72 001e 0143     		orrs	r1, r1, r0
  73              	.LVL5:
  74              		.loc 1 20 14 view .LVU15
  75 0020 41F00C03 		orr	r3, r1, #12
  76 0024 8DF80E30 		strb	r3, [sp, #14]
  21:Core/Src/transmit_and_recieve_control/transmit_and_recieve_control.c **** 	data_arr[3] = lower_bits | flags | BACKLIGHT;
  77              		.loc 1 21 2 is_stmt 1 view .LVU16
  78              		.loc 1 21 14 is_stmt 0 view .LVU17
  79 0028 41F00801 		orr	r1, r1, #8
  80 002c 8DF80F10 		strb	r1, [sp, #15]
  22:Core/Src/transmit_and_recieve_control/transmit_and_recieve_control.c **** 	if(HAL_I2C_Master_Transmit(&hi2c1, lcd1604_addr, data_arr, sizeof(data_arr), HAL_MAX_DELAY) != HAL
  81              		.loc 1 22 2 is_stmt 1 view .LVU18
  82              		.loc 1 22 5 is_stmt 0 view .LVU19
  83 0030 4FF0FF33 		mov	r3, #-1
  84 0034 0093     		str	r3, [sp]
  85 0036 0423     		movs	r3, #4
ARM GAS  /tmp/ccs2RMzB.s 			page 3


  86 0038 03AA     		add	r2, sp, #12
  87 003a 0749     		ldr	r1, .L5
  88 003c 0988     		ldrh	r1, [r1]
  89 003e 0748     		ldr	r0, .L5+4
  90              	.LVL6:
  91              		.loc 1 22 5 view .LVU20
  92 0040 FFF7FEFF 		bl	HAL_I2C_Master_Transmit
  93              	.LVL7:
  94              		.loc 1 22 4 discriminator 1 view .LVU21
  95 0044 10B9     		cbnz	r0, .L4
  96              	.L2:
  23:Core/Src/transmit_and_recieve_control/transmit_and_recieve_control.c ****     Error_Handler("Error: an error occurred while executing the 'lcd1602_transmit' function\n");
  24:Core/Src/transmit_and_recieve_control/transmit_and_recieve_control.c ****     return HAL_ERROR;
  25:Core/Src/transmit_and_recieve_control/transmit_and_recieve_control.c ****   } else {
  26:Core/Src/transmit_and_recieve_control/transmit_and_recieve_control.c ****     return HAL_OK;
  27:Core/Src/transmit_and_recieve_control/transmit_and_recieve_control.c ****   }
  28:Core/Src/transmit_and_recieve_control/transmit_and_recieve_control.c **** }
  97              		.loc 1 28 1 view .LVU22
  98 0046 05B0     		add	sp, sp, #20
  99              	.LCFI2:
 100              		.cfi_remember_state
 101              		.cfi_def_cfa_offset 4
 102              		@ sp needed
 103 0048 5DF804FB 		ldr	pc, [sp], #4
 104              	.L4:
 105              	.LCFI3:
 106              		.cfi_restore_state
  23:Core/Src/transmit_and_recieve_control/transmit_and_recieve_control.c ****     Error_Handler("Error: an error occurred while executing the 'lcd1602_transmit' function\n");
 107              		.loc 1 23 5 is_stmt 1 view .LVU23
 108 004c 0448     		ldr	r0, .L5+8
 109 004e FFF7FEFF 		bl	Error_Handler
 110              	.LVL8:
  24:Core/Src/transmit_and_recieve_control/transmit_and_recieve_control.c ****   } else {
 111              		.loc 1 24 5 view .LVU24
  24:Core/Src/transmit_and_recieve_control/transmit_and_recieve_control.c ****   } else {
 112              		.loc 1 24 12 is_stmt 0 view .LVU25
 113 0052 0120     		movs	r0, #1
 114 0054 F7E7     		b	.L2
 115              	.L6:
 116 0056 00BF     		.align	2
 117              	.L5:
 118 0058 00000000 		.word	lcd1604_addr
 119 005c 00000000 		.word	hi2c1
 120 0060 00000000 		.word	.LC0
 121              		.cfi_endproc
 122              	.LFE135:
 124              		.section	.text.lcd1602_transmit_data,"ax",%progbits
 125              		.align	1
 126              		.global	lcd1602_transmit_data
 127              		.syntax unified
 128              		.thumb
 129              		.thumb_func
 131              	lcd1602_transmit_data:
 132              	.LVL9:
 133              	.LFB136:
  29:Core/Src/transmit_and_recieve_control/transmit_and_recieve_control.c **** 
  30:Core/Src/transmit_and_recieve_control/transmit_and_recieve_control.c **** void lcd1602_transmit_data(uint8_t data) {
ARM GAS  /tmp/ccs2RMzB.s 			page 4


 134              		.loc 1 30 42 is_stmt 1 view -0
 135              		.cfi_startproc
 136              		@ args = 0, pretend = 0, frame = 0
 137              		@ frame_needed = 0, uses_anonymous_args = 0
 138              		.loc 1 30 42 is_stmt 0 view .LVU27
 139 0000 08B5     		push	{r3, lr}
 140              	.LCFI4:
 141              		.cfi_def_cfa_offset 8
 142              		.cfi_offset 3, -8
 143              		.cfi_offset 14, -4
  31:Core/Src/transmit_and_recieve_control/transmit_and_recieve_control.c **** 	lcd1602_transmit(data, PIN_RS);
 144              		.loc 1 31 2 is_stmt 1 view .LVU28
 145 0002 0121     		movs	r1, #1
 146 0004 FFF7FEFF 		bl	lcd1602_transmit
 147              	.LVL10:
  32:Core/Src/transmit_and_recieve_control/transmit_and_recieve_control.c **** }
 148              		.loc 1 32 1 is_stmt 0 view .LVU29
 149 0008 08BD     		pop	{r3, pc}
 150              		.cfi_endproc
 151              	.LFE136:
 153              		.section	.text.lcd1602_send_string,"ax",%progbits
 154              		.align	1
 155              		.global	lcd1602_send_string
 156              		.syntax unified
 157              		.thumb
 158              		.thumb_func
 160              	lcd1602_send_string:
 161              	.LVL11:
 162              	.LFB134:
   3:Core/Src/transmit_and_recieve_control/transmit_and_recieve_control.c ****   if (sizeof(*str) == 0) {
 163              		.loc 1 3 37 is_stmt 1 view -0
 164              		.cfi_startproc
 165              		@ args = 0, pretend = 0, frame = 0
 166              		@ frame_needed = 0, uses_anonymous_args = 0
   3:Core/Src/transmit_and_recieve_control/transmit_and_recieve_control.c ****   if (sizeof(*str) == 0) {
 167              		.loc 1 3 37 is_stmt 0 view .LVU31
 168 0000 10B5     		push	{r4, lr}
 169              	.LCFI5:
 170              		.cfi_def_cfa_offset 8
 171              		.cfi_offset 4, -8
 172              		.cfi_offset 14, -4
 173 0002 0446     		mov	r4, r0
   4:Core/Src/transmit_and_recieve_control/transmit_and_recieve_control.c ****     HAL_UART_Transmit(&huart2, (const uint8_t*)"Warning: in the send function 'lcd1602_send_string'
 174              		.loc 1 4 3 is_stmt 1 view .LVU32
   8:Core/Src/transmit_and_recieve_control/transmit_and_recieve_control.c ****     lcd1602_transmit_data((uint8_t)(*str));
 175              		.loc 1 8 3 view .LVU33
   8:Core/Src/transmit_and_recieve_control/transmit_and_recieve_control.c ****     lcd1602_transmit_data((uint8_t)(*str));
 176              		.loc 1 8 8 is_stmt 0 view .LVU34
 177 0004 02E0     		b	.L10
 178              	.LVL12:
 179              	.L11:
   9:Core/Src/transmit_and_recieve_control/transmit_and_recieve_control.c ****     str++;
 180              		.loc 1 9 5 is_stmt 1 view .LVU35
 181 0006 FFF7FEFF 		bl	lcd1602_transmit_data
 182              	.LVL13:
  10:Core/Src/transmit_and_recieve_control/transmit_and_recieve_control.c ****   }
 183              		.loc 1 10 5 view .LVU36
ARM GAS  /tmp/ccs2RMzB.s 			page 5


  10:Core/Src/transmit_and_recieve_control/transmit_and_recieve_control.c ****   }
 184              		.loc 1 10 8 is_stmt 0 view .LVU37
 185 000a 0134     		adds	r4, r4, #1
 186              	.LVL14:
 187              	.L10:
   8:Core/Src/transmit_and_recieve_control/transmit_and_recieve_control.c ****     lcd1602_transmit_data((uint8_t)(*str));
 188              		.loc 1 8 9 is_stmt 1 view .LVU38
 189 000c 2078     		ldrb	r0, [r4]	@ zero_extendqisi2
 190 000e 0028     		cmp	r0, #0
 191 0010 F9D1     		bne	.L11
  12:Core/Src/transmit_and_recieve_control/transmit_and_recieve_control.c **** 
 192              		.loc 1 12 1 is_stmt 0 view .LVU39
 193 0012 10BD     		pop	{r4, pc}
  12:Core/Src/transmit_and_recieve_control/transmit_and_recieve_control.c **** 
 194              		.loc 1 12 1 view .LVU40
 195              		.cfi_endproc
 196              	.LFE134:
 198              		.section	.text.lcd1602_transmit_command,"ax",%progbits
 199              		.align	1
 200              		.global	lcd1602_transmit_command
 201              		.syntax unified
 202              		.thumb
 203              		.thumb_func
 205              	lcd1602_transmit_command:
 206              	.LVL15:
 207              	.LFB137:
  33:Core/Src/transmit_and_recieve_control/transmit_and_recieve_control.c **** 
  34:Core/Src/transmit_and_recieve_control/transmit_and_recieve_control.c **** void lcd1602_transmit_command(uint8_t cmd) {
 208              		.loc 1 34 44 is_stmt 1 view -0
 209              		.cfi_startproc
 210              		@ args = 0, pretend = 0, frame = 0
 211              		@ frame_needed = 0, uses_anonymous_args = 0
 212              		.loc 1 34 44 is_stmt 0 view .LVU42
 213 0000 08B5     		push	{r3, lr}
 214              	.LCFI6:
 215              		.cfi_def_cfa_offset 8
 216              		.cfi_offset 3, -8
 217              		.cfi_offset 14, -4
  35:Core/Src/transmit_and_recieve_control/transmit_and_recieve_control.c **** 	lcd1602_transmit(cmd, 0);
 218              		.loc 1 35 2 is_stmt 1 view .LVU43
 219 0002 0021     		movs	r1, #0
 220 0004 FFF7FEFF 		bl	lcd1602_transmit
 221              	.LVL16:
  36:Core/Src/transmit_and_recieve_control/transmit_and_recieve_control.c **** }
 222              		.loc 1 36 1 is_stmt 0 view .LVU44
 223 0008 08BD     		pop	{r3, pc}
 224              		.cfi_endproc
 225              	.LFE137:
 227              		.section	.text.bmp180_get_temperature,"ax",%progbits
 228              		.align	1
 229              		.global	bmp180_get_temperature
 230              		.syntax unified
 231              		.thumb
 232              		.thumb_func
 234              	bmp180_get_temperature:
 235              	.LFB138:
  37:Core/Src/transmit_and_recieve_control/transmit_and_recieve_control.c **** 
ARM GAS  /tmp/ccs2RMzB.s 			page 6


  38:Core/Src/transmit_and_recieve_control/transmit_and_recieve_control.c **** int32_t bmp180_get_temperature(void) {
 236              		.loc 1 38 38 is_stmt 1 view -0
 237              		.cfi_startproc
 238              		@ args = 0, pretend = 0, frame = 0
 239              		@ frame_needed = 0, uses_anonymous_args = 0
 240 0000 10B5     		push	{r4, lr}
 241              	.LCFI7:
 242              		.cfi_def_cfa_offset 8
 243              		.cfi_offset 4, -8
 244              		.cfi_offset 14, -4
 245 0002 84B0     		sub	sp, sp, #16
 246              	.LCFI8:
 247              		.cfi_def_cfa_offset 24
  39:Core/Src/transmit_and_recieve_control/transmit_and_recieve_control.c **** 	HAL_I2C_Mem_Read(&hi2c1, bmp180_addr, 0xF6, 1, temperature_buf, 2, HAL_MAX_DELAY); //i forgot what
 248              		.loc 1 39 2 view .LVU46
 249 0004 4FF0FF33 		mov	r3, #-1
 250 0008 0293     		str	r3, [sp, #8]
 251 000a 0223     		movs	r3, #2
 252 000c 0193     		str	r3, [sp, #4]
 253 000e 194C     		ldr	r4, .L17
 254 0010 0094     		str	r4, [sp]
 255 0012 0123     		movs	r3, #1
 256 0014 F622     		movs	r2, #246
 257 0016 1849     		ldr	r1, .L17+4
 258 0018 0988     		ldrh	r1, [r1]
 259 001a 1848     		ldr	r0, .L17+8
 260 001c FFF7FEFF 		bl	HAL_I2C_Mem_Read
 261              	.LVL17:
  40:Core/Src/transmit_and_recieve_control/transmit_and_recieve_control.c **** 	int32_t UT = (temperature_buf[0] << 8) + temperature_buf[1];
 262              		.loc 1 40 2 view .LVU47
 263              		.loc 1 40 31 is_stmt 0 view .LVU48
 264 0020 2278     		ldrb	r2, [r4]	@ zero_extendqisi2
 265              		.loc 1 40 58 view .LVU49
 266 0022 6378     		ldrb	r3, [r4, #1]	@ zero_extendqisi2
 267              		.loc 1 40 10 view .LVU50
 268 0024 03EB0223 		add	r3, r3, r2, lsl #8
 269              	.LVL18:
  41:Core/Src/transmit_and_recieve_control/transmit_and_recieve_control.c **** 	X1 = ((UT-AC6)*AC5) >> 15;
 270              		.loc 1 41 2 is_stmt 1 view .LVU51
 271              		.loc 1 41 11 is_stmt 0 view .LVU52
 272 0028 154A     		ldr	r2, .L17+12
 273 002a 1288     		ldrh	r2, [r2]
 274 002c 9B1A     		subs	r3, r3, r2
 275              	.LVL19:
 276              		.loc 1 41 16 view .LVU53
 277 002e 154A     		ldr	r2, .L17+16
 278 0030 1088     		ldrh	r0, [r2]
 279 0032 03FB00F0 		mul	r0, r3, r0
 280              		.loc 1 41 22 view .LVU54
 281 0036 C013     		asrs	r0, r0, #15
 282              		.loc 1 41 5 view .LVU55
 283 0038 134B     		ldr	r3, .L17+20
 284 003a 1860     		str	r0, [r3]
  42:Core/Src/transmit_and_recieve_control/transmit_and_recieve_control.c **** 	X2 = (MC << 11) / (X1 + MD);
 285              		.loc 1 42 2 is_stmt 1 view .LVU56
 286              		.loc 1 42 11 is_stmt 0 view .LVU57
 287 003c 134B     		ldr	r3, .L17+24
ARM GAS  /tmp/ccs2RMzB.s 			page 7


 288 003e B3F90030 		ldrsh	r3, [r3]
 289 0042 DB02     		lsls	r3, r3, #11
 290              		.loc 1 42 24 view .LVU58
 291 0044 124A     		ldr	r2, .L17+28
 292 0046 B2F90020 		ldrsh	r2, [r2]
 293 004a 0244     		add	r2, r2, r0
 294              		.loc 1 42 18 view .LVU59
 295 004c 93FBF2F3 		sdiv	r3, r3, r2
 296              		.loc 1 42 5 view .LVU60
 297 0050 104A     		ldr	r2, .L17+32
 298 0052 1360     		str	r3, [r2]
  43:Core/Src/transmit_and_recieve_control/transmit_and_recieve_control.c **** 	B5 = X1 + X2;
 299              		.loc 1 43 2 is_stmt 1 view .LVU61
 300              		.loc 1 43 10 is_stmt 0 view .LVU62
 301 0054 1844     		add	r0, r0, r3
 302              		.loc 1 43 5 view .LVU63
 303 0056 104B     		ldr	r3, .L17+36
 304 0058 1860     		str	r0, [r3]
  44:Core/Src/transmit_and_recieve_control/transmit_and_recieve_control.c **** 	int32_t T = ((B5 + 8) >> 4) / 10.0;
 305              		.loc 1 44 2 is_stmt 1 view .LVU64
 306              		.loc 1 44 19 is_stmt 0 view .LVU65
 307 005a 0830     		adds	r0, r0, #8
 308              		.loc 1 44 30 view .LVU66
 309 005c 0011     		asrs	r0, r0, #4
 310 005e FFF7FEFF 		bl	__aeabi_i2d
 311              	.LVL20:
 312              		.loc 1 44 30 view .LVU67
 313 0062 0022     		movs	r2, #0
 314 0064 0D4B     		ldr	r3, .L17+40
 315 0066 FFF7FEFF 		bl	__aeabi_ddiv
 316              	.LVL21:
 317              		.loc 1 44 10 view .LVU68
 318 006a FFF7FEFF 		bl	__aeabi_d2iz
 319              	.LVL22:
  45:Core/Src/transmit_and_recieve_control/transmit_and_recieve_control.c **** 	return T;
 320              		.loc 1 45 2 is_stmt 1 view .LVU69
  46:Core/Src/transmit_and_recieve_control/transmit_and_recieve_control.c **** }
 321              		.loc 1 46 1 is_stmt 0 view .LVU70
 322 006e 04B0     		add	sp, sp, #16
 323              	.LCFI9:
 324              		.cfi_def_cfa_offset 8
 325              		@ sp needed
 326 0070 10BD     		pop	{r4, pc}
 327              	.L18:
 328 0072 00BF     		.align	2
 329              	.L17:
 330 0074 00000000 		.word	temperature_buf
 331 0078 00000000 		.word	bmp180_addr
 332 007c 00000000 		.word	hi2c1
 333 0080 00000000 		.word	AC6
 334 0084 00000000 		.word	AC5
 335 0088 00000000 		.word	X1
 336 008c 00000000 		.word	MC
 337 0090 00000000 		.word	MD
 338 0094 00000000 		.word	X2
 339 0098 00000000 		.word	B5
 340 009c 00002440 		.word	1076101120
ARM GAS  /tmp/ccs2RMzB.s 			page 8


 341              		.cfi_endproc
 342              	.LFE138:
 344              		.section	.text.bmp180_get_pressure,"ax",%progbits
 345              		.align	1
 346              		.global	bmp180_get_pressure
 347              		.syntax unified
 348              		.thumb
 349              		.thumb_func
 351              	bmp180_get_pressure:
 352              	.LFB139:
  47:Core/Src/transmit_and_recieve_control/transmit_and_recieve_control.c **** 
  48:Core/Src/transmit_and_recieve_control/transmit_and_recieve_control.c **** int32_t bmp180_get_pressure(void) {
 353              		.loc 1 48 35 is_stmt 1 view -0
 354              		.cfi_startproc
 355              		@ args = 0, pretend = 0, frame = 0
 356              		@ frame_needed = 0, uses_anonymous_args = 0
 357 0000 30B5     		push	{r4, r5, lr}
 358              	.LCFI10:
 359              		.cfi_def_cfa_offset 12
 360              		.cfi_offset 4, -12
 361              		.cfi_offset 5, -8
 362              		.cfi_offset 14, -4
 363 0002 85B0     		sub	sp, sp, #20
 364              	.LCFI11:
 365              		.cfi_def_cfa_offset 32
  49:Core/Src/transmit_and_recieve_control/transmit_and_recieve_control.c **** 	HAL_I2C_Mem_Read(&hi2c1, bmp180_addr, 0xF6, 1, pressure_buf, 3, HAL_MAX_DELAY);
 366              		.loc 1 49 2 view .LVU72
 367 0004 4FF0FF33 		mov	r3, #-1
 368 0008 0293     		str	r3, [sp, #8]
 369 000a 0323     		movs	r3, #3
 370 000c 0193     		str	r3, [sp, #4]
 371 000e 364C     		ldr	r4, .L23
 372 0010 0094     		str	r4, [sp]
 373 0012 0123     		movs	r3, #1
 374 0014 F622     		movs	r2, #246
 375 0016 3549     		ldr	r1, .L23+4
 376 0018 0988     		ldrh	r1, [r1]
 377 001a 3548     		ldr	r0, .L23+8
 378 001c FFF7FEFF 		bl	HAL_I2C_Mem_Read
 379              	.LVL23:
  50:Core/Src/transmit_and_recieve_control/transmit_and_recieve_control.c **** 	long UP = (((long)pressure_buf[0] << 16) | ((long)pressure_buf[1] << 8) | (long)pressure_buf[2]) >
 380              		.loc 1 50 2 view .LVU73
 381              		.loc 1 50 32 is_stmt 0 view .LVU74
 382 0020 2378     		ldrb	r3, [r4]	@ zero_extendqisi2
 383              		.loc 1 50 64 view .LVU75
 384 0022 6278     		ldrb	r2, [r4, #1]	@ zero_extendqisi2
 385              		.loc 1 50 68 view .LVU76
 386 0024 1202     		lsls	r2, r2, #8
 387              		.loc 1 50 43 view .LVU77
 388 0026 42EA0342 		orr	r2, r2, r3, lsl #16
 389              	.LVL24:
  51:Core/Src/transmit_and_recieve_control/transmit_and_recieve_control.c **** 	
  52:Core/Src/transmit_and_recieve_control/transmit_and_recieve_control.c **** 	long B6 = B5 - 4000;
 390              		.loc 1 52 2 is_stmt 1 view .LVU78
 391              		.loc 1 52 15 is_stmt 0 view .LVU79
 392 002a 324B     		ldr	r3, .L23+12
 393 002c 1968     		ldr	r1, [r3]
ARM GAS  /tmp/ccs2RMzB.s 			page 9


 394              		.loc 1 52 7 view .LVU80
 395 002e A1F57A61 		sub	r1, r1, #4000
 396              	.LVL25:
  53:Core/Src/transmit_and_recieve_control/transmit_and_recieve_control.c **** 	X1 = (B2 * ((B6 * B6) >> 12)) >> 11;
 397              		.loc 1 53 2 is_stmt 1 view .LVU81
 398              		.loc 1 53 18 is_stmt 0 view .LVU82
 399 0032 01FB01FC 		mul	ip, r1, r1
 400              		.loc 1 53 24 view .LVU83
 401 0036 4FEA2C3C 		asr	ip, ip, #12
 402              		.loc 1 53 11 view .LVU84
 403 003a 2F4B     		ldr	r3, .L23+16
 404 003c B3F90030 		ldrsh	r3, [r3]
 405 0040 0CFB03F3 		mul	r3, ip, r3
 406              		.loc 1 53 32 view .LVU85
 407 0044 DB12     		asrs	r3, r3, #11
 408              		.loc 1 53 5 view .LVU86
 409 0046 2D4D     		ldr	r5, .L23+20
 410 0048 2B60     		str	r3, [r5]
  54:Core/Src/transmit_and_recieve_control/transmit_and_recieve_control.c **** 	X2 = (AC2 * B6) >> 11;
 411              		.loc 1 54 2 is_stmt 1 view .LVU87
 412              		.loc 1 54 12 is_stmt 0 view .LVU88
 413 004a 2D48     		ldr	r0, .L23+24
 414 004c B0F90000 		ldrsh	r0, [r0]
 415 0050 01FB00F0 		mul	r0, r1, r0
 416              		.loc 1 54 18 view .LVU89
 417 0054 C012     		asrs	r0, r0, #11
 418              		.loc 1 54 5 view .LVU90
 419 0056 2B4C     		ldr	r4, .L23+28
 420 0058 2060     		str	r0, [r4]
  55:Core/Src/transmit_and_recieve_control/transmit_and_recieve_control.c **** 	long X3 = X1 + X2;
 421              		.loc 1 55 2 is_stmt 1 view .LVU91
 422              		.loc 1 55 7 is_stmt 0 view .LVU92
 423 005a 1844     		add	r0, r0, r3
 424              	.LVL26:
  56:Core/Src/transmit_and_recieve_control/transmit_and_recieve_control.c **** 	long B3 = ((((long)AC1 * 4 + X3) << OSS) + 2) >> 2;
 425              		.loc 1 56 2 is_stmt 1 view .LVU93
 426              		.loc 1 56 15 is_stmt 0 view .LVU94
 427 005c 2A4B     		ldr	r3, .L23+32
 428 005e B3F90030 		ldrsh	r3, [r3]
 429              		.loc 1 56 35 view .LVU95
 430 0062 00EB8300 		add	r0, r0, r3, lsl #2
 431              	.LVL27:
 432              		.loc 1 56 43 view .LVU96
 433 0066 0230     		adds	r0, r0, #2
 434              		.loc 1 56 7 view .LVU97
 435 0068 8010     		asrs	r0, r0, #2
 436              	.LVL28:
  57:Core/Src/transmit_and_recieve_control/transmit_and_recieve_control.c **** 	X1 = (AC3 * B6) >> 13;
 437              		.loc 1 57 2 is_stmt 1 view .LVU98
 438              		.loc 1 57 12 is_stmt 0 view .LVU99
 439 006a 284B     		ldr	r3, .L23+36
 440 006c B3F90030 		ldrsh	r3, [r3]
 441 0070 01FB03F3 		mul	r3, r1, r3
 442              		.loc 1 57 18 view .LVU100
 443 0074 5B13     		asrs	r3, r3, #13
 444              		.loc 1 57 5 view .LVU101
 445 0076 2B60     		str	r3, [r5]
ARM GAS  /tmp/ccs2RMzB.s 			page 10


 446              	.LVL29:
  58:Core/Src/transmit_and_recieve_control/transmit_and_recieve_control.c **** 	X2 = (B1 * ((B6 * B6) >> 12)) >> 16;
 447              		.loc 1 58 2 is_stmt 1 view .LVU102
 448              		.loc 1 58 11 is_stmt 0 view .LVU103
 449 0078 2549     		ldr	r1, .L23+40
 450              	.LVL30:
 451              		.loc 1 58 11 view .LVU104
 452 007a B1F90010 		ldrsh	r1, [r1]
 453 007e 0CFB01F1 		mul	r1, ip, r1
 454              		.loc 1 58 32 view .LVU105
 455 0082 0914     		asrs	r1, r1, #16
 456              		.loc 1 58 5 view .LVU106
 457 0084 2160     		str	r1, [r4]
 458              	.LVL31:
  59:Core/Src/transmit_and_recieve_control/transmit_and_recieve_control.c **** 	X3 = ((X1 + X2) + 2) >> 2;
 459              		.loc 1 59 2 is_stmt 1 view .LVU107
 460              		.loc 1 59 12 is_stmt 0 view .LVU108
 461 0086 0B44     		add	r3, r3, r1
 462              		.loc 1 59 18 view .LVU109
 463 0088 0233     		adds	r3, r3, #2
 464              		.loc 1 59 5 view .LVU110
 465 008a 9B10     		asrs	r3, r3, #2
 466              	.LVL32:
  60:Core/Src/transmit_and_recieve_control/transmit_and_recieve_control.c **** 	unsigned long B4 = (AC4 * (unsigned long)(X3 + 32768)) >> 15;
 467              		.loc 1 60 2 is_stmt 1 view .LVU111
 468              		.loc 1 60 47 is_stmt 0 view .LVU112
 469 008c 03F50043 		add	r3, r3, #32768
 470              	.LVL33:
 471              		.loc 1 60 26 view .LVU113
 472 0090 2049     		ldr	r1, .L23+44
 473 0092 0988     		ldrh	r1, [r1]
 474 0094 01FB03F3 		mul	r3, r1, r3
 475              	.LVL34:
 476              		.loc 1 60 16 view .LVU114
 477 0098 DB0B     		lsrs	r3, r3, #15
 478              	.LVL35:
  61:Core/Src/transmit_and_recieve_control/transmit_and_recieve_control.c **** 	unsigned long B7 = ((unsigned long)UP - B3) * (50000UL >> OSS);
 479              		.loc 1 61 2 is_stmt 1 view .LVU115
 480              		.loc 1 61 40 is_stmt 0 view .LVU116
 481 009a C0EB1220 		rsb	r0, r0, r2, lsr #8
 482              	.LVL36:
 483              		.loc 1 61 16 view .LVU117
 484 009e 4CF25032 		movw	r2, #50000
 485              	.LVL37:
 486              		.loc 1 61 16 view .LVU118
 487 00a2 02FB00F0 		mul	r0, r2, r0
 488              	.LVL38:
  62:Core/Src/transmit_and_recieve_control/transmit_and_recieve_control.c **** 	long p;
 489              		.loc 1 62 2 is_stmt 1 view .LVU119
  63:Core/Src/transmit_and_recieve_control/transmit_and_recieve_control.c **** 	if (B7 < 0x80000000)
 490              		.loc 1 63 2 view .LVU120
 491              		.loc 1 63 5 is_stmt 0 view .LVU121
 492 00a6 0028     		cmp	r0, #0
 493 00a8 1ADB     		blt	.L20
  64:Core/Src/transmit_and_recieve_control/transmit_and_recieve_control.c **** 		p = (B7 << 1) / B4;
 494              		.loc 1 64 3 is_stmt 1 view .LVU122
 495              		.loc 1 64 11 is_stmt 0 view .LVU123
ARM GAS  /tmp/ccs2RMzB.s 			page 11


 496 00aa 4000     		lsls	r0, r0, #1
 497              	.LVL39:
 498              		.loc 1 64 17 view .LVU124
 499 00ac B0FBF3F0 		udiv	r0, r0, r3
 500              	.LVL40:
 501              	.L21:
  65:Core/Src/transmit_and_recieve_control/transmit_and_recieve_control.c **** 	else
  66:Core/Src/transmit_and_recieve_control/transmit_and_recieve_control.c **** 		p = (B7 / B4) << 1;
  67:Core/Src/transmit_and_recieve_control/transmit_and_recieve_control.c **** 
  68:Core/Src/transmit_and_recieve_control/transmit_and_recieve_control.c **** 	X1 = (p >> 8) * (p >> 8);
 502              		.loc 1 68 2 is_stmt 1 view .LVU125
 503              		.loc 1 68 10 is_stmt 0 view .LVU126
 504 00b0 0312     		asrs	r3, r0, #8
 505              	.LVL41:
 506              		.loc 1 68 16 view .LVU127
 507 00b2 03FB03F3 		mul	r3, r3, r3
 508              		.loc 1 68 5 view .LVU128
 509 00b6 114A     		ldr	r2, .L23+20
 510              	.LVL42:
 511              		.loc 1 68 5 view .LVU129
 512 00b8 1360     		str	r3, [r2]
 513              	.LVL43:
  69:Core/Src/transmit_and_recieve_control/transmit_and_recieve_control.c **** 	X1 = (X1 * 3038L) >> 16;
 514              		.loc 1 69 2 is_stmt 1 view .LVU130
 515              		.loc 1 69 11 is_stmt 0 view .LVU131
 516 00ba 40F6DE31 		movw	r1, #3038
 517              	.LVL44:
 518              		.loc 1 69 11 view .LVU132
 519 00be 01FB03F3 		mul	r3, r1, r3
 520              		.loc 1 69 20 view .LVU133
 521 00c2 1B14     		asrs	r3, r3, #16
 522              		.loc 1 69 5 view .LVU134
 523 00c4 1360     		str	r3, [r2]
  70:Core/Src/transmit_and_recieve_control/transmit_and_recieve_control.c **** 	X2 = (-7357L * p) >> 16;
 524              		.loc 1 70 2 is_stmt 1 view .LVU135
 525              		.loc 1 70 15 is_stmt 0 view .LVU136
 526 00c6 144A     		ldr	r2, .L23+48
 527 00c8 00FB02F2 		mul	r2, r0, r2
 528              		.loc 1 70 20 view .LVU137
 529 00cc 1214     		asrs	r2, r2, #16
 530              		.loc 1 70 5 view .LVU138
 531 00ce 0D49     		ldr	r1, .L23+28
 532 00d0 0A60     		str	r2, [r1]
 533              	.LVL45:
  71:Core/Src/transmit_and_recieve_control/transmit_and_recieve_control.c **** 	p = p + ((X1 + X2 + 3791L) >> 4);
 534              		.loc 1 71 2 is_stmt 1 view .LVU139
 535              		.loc 1 71 15 is_stmt 0 view .LVU140
 536 00d2 1344     		add	r3, r3, r2
 537              		.loc 1 71 20 view .LVU141
 538 00d4 03F6CF63 		addw	r3, r3, #3791
 539              	.LVL46:
  72:Core/Src/transmit_and_recieve_control/transmit_and_recieve_control.c **** 	return p;
 540              		.loc 1 72 2 is_stmt 1 view .LVU142
  73:Core/Src/transmit_and_recieve_control/transmit_and_recieve_control.c **** }
 541              		.loc 1 73 1 is_stmt 0 view .LVU143
 542 00d8 00EB2310 		add	r0, r0, r3, asr #4
 543              	.LVL47:
ARM GAS  /tmp/ccs2RMzB.s 			page 12


 544              		.loc 1 73 1 view .LVU144
 545 00dc 05B0     		add	sp, sp, #20
 546              	.LCFI12:
 547              		.cfi_remember_state
 548              		.cfi_def_cfa_offset 12
 549              		@ sp needed
 550 00de 30BD     		pop	{r4, r5, pc}
 551              	.LVL48:
 552              	.L20:
 553              	.LCFI13:
 554              		.cfi_restore_state
  66:Core/Src/transmit_and_recieve_control/transmit_and_recieve_control.c **** 
 555              		.loc 1 66 3 is_stmt 1 view .LVU145
  66:Core/Src/transmit_and_recieve_control/transmit_and_recieve_control.c **** 
 556              		.loc 1 66 11 is_stmt 0 view .LVU146
 557 00e0 B0FBF3F0 		udiv	r0, r0, r3
 558              	.LVL49:
  66:Core/Src/transmit_and_recieve_control/transmit_and_recieve_control.c **** 
 559              		.loc 1 66 5 view .LVU147
 560 00e4 4000     		lsls	r0, r0, #1
 561 00e6 E3E7     		b	.L21
 562              	.L24:
 563              		.align	2
 564              	.L23:
 565 00e8 00000000 		.word	pressure_buf
 566 00ec 00000000 		.word	bmp180_addr
 567 00f0 00000000 		.word	hi2c1
 568 00f4 00000000 		.word	B5
 569 00f8 00000000 		.word	B2
 570 00fc 00000000 		.word	X1
 571 0100 00000000 		.word	AC2
 572 0104 00000000 		.word	X2
 573 0108 00000000 		.word	AC1
 574 010c 00000000 		.word	AC3
 575 0110 00000000 		.word	B1
 576 0114 00000000 		.word	AC4
 577 0118 43E3FFFF 		.word	-7357
 578              		.cfi_endproc
 579              	.LFE139:
 581              		.section	.text.bmp180_get_global_coefficients,"ax",%progbits
 582              		.align	1
 583              		.global	bmp180_get_global_coefficients
 584              		.syntax unified
 585              		.thumb
 586              		.thumb_func
 588              	bmp180_get_global_coefficients:
 589              	.LFB140:
  74:Core/Src/transmit_and_recieve_control/transmit_and_recieve_control.c **** 
  75:Core/Src/transmit_and_recieve_control/transmit_and_recieve_control.c **** void bmp180_get_global_coefficients(void) {
 590              		.loc 1 75 43 is_stmt 1 view -0
 591              		.cfi_startproc
 592              		@ args = 0, pretend = 0, frame = 0
 593              		@ frame_needed = 0, uses_anonymous_args = 0
 594 0000 10B5     		push	{r4, lr}
 595              	.LCFI14:
 596              		.cfi_def_cfa_offset 8
 597              		.cfi_offset 4, -8
ARM GAS  /tmp/ccs2RMzB.s 			page 13


 598              		.cfi_offset 14, -4
 599 0002 84B0     		sub	sp, sp, #16
 600              	.LCFI15:
 601              		.cfi_def_cfa_offset 24
  76:Core/Src/transmit_and_recieve_control/transmit_and_recieve_control.c **** 	HAL_I2C_Mem_Read(&hi2c1, bmp180_addr, 0xAA, 1, calib_data, 22, HAL_MAX_DELAY);
 602              		.loc 1 76 2 view .LVU149
 603 0004 4FF0FF33 		mov	r3, #-1
 604 0008 0293     		str	r3, [sp, #8]
 605 000a 1623     		movs	r3, #22
 606 000c 0193     		str	r3, [sp, #4]
 607 000e 264C     		ldr	r4, .L27
 608 0010 0094     		str	r4, [sp]
 609 0012 0123     		movs	r3, #1
 610 0014 AA22     		movs	r2, #170
 611 0016 2549     		ldr	r1, .L27+4
 612 0018 0988     		ldrh	r1, [r1]
 613 001a 2548     		ldr	r0, .L27+8
 614 001c FFF7FEFF 		bl	HAL_I2C_Mem_Read
 615              	.LVL50:
  77:Core/Src/transmit_and_recieve_control/transmit_and_recieve_control.c **** 	AC1 = (int16_t)((calib_data[0] << 8) | calib_data[1]);
 616              		.loc 1 77 2 view .LVU150
 617              		.loc 1 77 29 is_stmt 0 view .LVU151
 618 0020 2278     		ldrb	r2, [r4]	@ zero_extendqisi2
 619              		.loc 1 77 51 view .LVU152
 620 0022 6378     		ldrb	r3, [r4, #1]	@ zero_extendqisi2
 621              		.loc 1 77 8 view .LVU153
 622 0024 43EA0223 		orr	r3, r3, r2, lsl #8
 623              		.loc 1 77 6 view .LVU154
 624 0028 224A     		ldr	r2, .L27+12
 625 002a 1380     		strh	r3, [r2]	@ movhi
  78:Core/Src/transmit_and_recieve_control/transmit_and_recieve_control.c **** 	AC2 = (int16_t)((calib_data[2] << 8) | calib_data[3]);
 626              		.loc 1 78 2 is_stmt 1 view .LVU155
 627              		.loc 1 78 29 is_stmt 0 view .LVU156
 628 002c A278     		ldrb	r2, [r4, #2]	@ zero_extendqisi2
 629              		.loc 1 78 51 view .LVU157
 630 002e E378     		ldrb	r3, [r4, #3]	@ zero_extendqisi2
 631              		.loc 1 78 8 view .LVU158
 632 0030 43EA0223 		orr	r3, r3, r2, lsl #8
 633              		.loc 1 78 6 view .LVU159
 634 0034 204A     		ldr	r2, .L27+16
 635 0036 1380     		strh	r3, [r2]	@ movhi
  79:Core/Src/transmit_and_recieve_control/transmit_and_recieve_control.c **** 	AC3 = (int16_t)((calib_data[4] << 8) | calib_data[5]);
 636              		.loc 1 79 2 is_stmt 1 view .LVU160
 637              		.loc 1 79 29 is_stmt 0 view .LVU161
 638 0038 2279     		ldrb	r2, [r4, #4]	@ zero_extendqisi2
 639              		.loc 1 79 51 view .LVU162
 640 003a 6379     		ldrb	r3, [r4, #5]	@ zero_extendqisi2
 641              		.loc 1 79 8 view .LVU163
 642 003c 43EA0223 		orr	r3, r3, r2, lsl #8
 643              		.loc 1 79 6 view .LVU164
 644 0040 1E4A     		ldr	r2, .L27+20
 645 0042 1380     		strh	r3, [r2]	@ movhi
  80:Core/Src/transmit_and_recieve_control/transmit_and_recieve_control.c **** 	AC4 = (uint16_t)((calib_data[6] << 8) | calib_data[7]);
 646              		.loc 1 80 2 is_stmt 1 view .LVU165
 647              		.loc 1 80 30 is_stmt 0 view .LVU166
 648 0044 A279     		ldrb	r2, [r4, #6]	@ zero_extendqisi2
 649              		.loc 1 80 52 view .LVU167
ARM GAS  /tmp/ccs2RMzB.s 			page 14


 650 0046 E379     		ldrb	r3, [r4, #7]	@ zero_extendqisi2
 651              		.loc 1 80 8 view .LVU168
 652 0048 43EA0223 		orr	r3, r3, r2, lsl #8
 653              		.loc 1 80 6 view .LVU169
 654 004c 1C4A     		ldr	r2, .L27+24
 655 004e 1380     		strh	r3, [r2]	@ movhi
  81:Core/Src/transmit_and_recieve_control/transmit_and_recieve_control.c **** 	AC5 = (uint16_t)((calib_data[8] << 8) | calib_data[9]);
 656              		.loc 1 81 2 is_stmt 1 view .LVU170
 657              		.loc 1 81 30 is_stmt 0 view .LVU171
 658 0050 227A     		ldrb	r2, [r4, #8]	@ zero_extendqisi2
 659              		.loc 1 81 52 view .LVU172
 660 0052 637A     		ldrb	r3, [r4, #9]	@ zero_extendqisi2
 661              		.loc 1 81 8 view .LVU173
 662 0054 43EA0223 		orr	r3, r3, r2, lsl #8
 663              		.loc 1 81 6 view .LVU174
 664 0058 1A4A     		ldr	r2, .L27+28
 665 005a 1380     		strh	r3, [r2]	@ movhi
  82:Core/Src/transmit_and_recieve_control/transmit_and_recieve_control.c **** 	AC6 = (uint16_t)((calib_data[10] << 8) | calib_data[11]);
 666              		.loc 1 82 2 is_stmt 1 view .LVU175
 667              		.loc 1 82 30 is_stmt 0 view .LVU176
 668 005c A27A     		ldrb	r2, [r4, #10]	@ zero_extendqisi2
 669              		.loc 1 82 53 view .LVU177
 670 005e E37A     		ldrb	r3, [r4, #11]	@ zero_extendqisi2
 671              		.loc 1 82 8 view .LVU178
 672 0060 43EA0223 		orr	r3, r3, r2, lsl #8
 673              		.loc 1 82 6 view .LVU179
 674 0064 184A     		ldr	r2, .L27+32
 675 0066 1380     		strh	r3, [r2]	@ movhi
  83:Core/Src/transmit_and_recieve_control/transmit_and_recieve_control.c **** 	B1  = (int16_t)((calib_data[12] << 8) | calib_data[13]);
 676              		.loc 1 83 2 is_stmt 1 view .LVU180
 677              		.loc 1 83 29 is_stmt 0 view .LVU181
 678 0068 227B     		ldrb	r2, [r4, #12]	@ zero_extendqisi2
 679              		.loc 1 83 52 view .LVU182
 680 006a 637B     		ldrb	r3, [r4, #13]	@ zero_extendqisi2
 681              		.loc 1 83 8 view .LVU183
 682 006c 43EA0223 		orr	r3, r3, r2, lsl #8
 683              		.loc 1 83 6 view .LVU184
 684 0070 164A     		ldr	r2, .L27+36
 685 0072 1380     		strh	r3, [r2]	@ movhi
  84:Core/Src/transmit_and_recieve_control/transmit_and_recieve_control.c **** 	B2  = (int16_t)((calib_data[14] << 8) | calib_data[15]);
 686              		.loc 1 84 2 is_stmt 1 view .LVU185
 687              		.loc 1 84 29 is_stmt 0 view .LVU186
 688 0074 A27B     		ldrb	r2, [r4, #14]	@ zero_extendqisi2
 689              		.loc 1 84 52 view .LVU187
 690 0076 E37B     		ldrb	r3, [r4, #15]	@ zero_extendqisi2
 691              		.loc 1 84 8 view .LVU188
 692 0078 43EA0223 		orr	r3, r3, r2, lsl #8
 693              		.loc 1 84 6 view .LVU189
 694 007c 144A     		ldr	r2, .L27+40
 695 007e 1380     		strh	r3, [r2]	@ movhi
  85:Core/Src/transmit_and_recieve_control/transmit_and_recieve_control.c **** 	MB  = (int16_t)((calib_data[16] << 8) | calib_data[17]);
 696              		.loc 1 85 2 is_stmt 1 view .LVU190
 697              		.loc 1 85 29 is_stmt 0 view .LVU191
 698 0080 227C     		ldrb	r2, [r4, #16]	@ zero_extendqisi2
 699              		.loc 1 85 52 view .LVU192
 700 0082 637C     		ldrb	r3, [r4, #17]	@ zero_extendqisi2
 701              		.loc 1 85 8 view .LVU193
ARM GAS  /tmp/ccs2RMzB.s 			page 15


 702 0084 43EA0223 		orr	r3, r3, r2, lsl #8
 703              		.loc 1 85 6 view .LVU194
 704 0088 124A     		ldr	r2, .L27+44
 705 008a 1380     		strh	r3, [r2]	@ movhi
  86:Core/Src/transmit_and_recieve_control/transmit_and_recieve_control.c **** 	MC  = (int16_t)((calib_data[18] << 8) | calib_data[19]);
 706              		.loc 1 86 2 is_stmt 1 view .LVU195
 707              		.loc 1 86 29 is_stmt 0 view .LVU196
 708 008c A27C     		ldrb	r2, [r4, #18]	@ zero_extendqisi2
 709              		.loc 1 86 52 view .LVU197
 710 008e E37C     		ldrb	r3, [r4, #19]	@ zero_extendqisi2
 711              		.loc 1 86 8 view .LVU198
 712 0090 43EA0223 		orr	r3, r3, r2, lsl #8
 713              		.loc 1 86 6 view .LVU199
 714 0094 104A     		ldr	r2, .L27+48
 715 0096 1380     		strh	r3, [r2]	@ movhi
  87:Core/Src/transmit_and_recieve_control/transmit_and_recieve_control.c **** 	MD  = (int16_t)((calib_data[20] << 8) | calib_data[21]);
 716              		.loc 1 87 2 is_stmt 1 view .LVU200
 717              		.loc 1 87 29 is_stmt 0 view .LVU201
 718 0098 227D     		ldrb	r2, [r4, #20]	@ zero_extendqisi2
 719              		.loc 1 87 52 view .LVU202
 720 009a 637D     		ldrb	r3, [r4, #21]	@ zero_extendqisi2
 721              		.loc 1 87 8 view .LVU203
 722 009c 43EA0223 		orr	r3, r3, r2, lsl #8
 723              		.loc 1 87 6 view .LVU204
 724 00a0 0E4A     		ldr	r2, .L27+52
 725 00a2 1380     		strh	r3, [r2]	@ movhi
  88:Core/Src/transmit_and_recieve_control/transmit_and_recieve_control.c **** }...
 726              		.loc 1 88 1 view .LVU205
 727 00a4 04B0     		add	sp, sp, #16
 728              	.LCFI16:
 729              		.cfi_def_cfa_offset 8
 730              		@ sp needed
 731 00a6 10BD     		pop	{r4, pc}
 732              	.L28:
 733              		.align	2
 734              	.L27:
 735 00a8 00000000 		.word	calib_data
 736 00ac 00000000 		.word	bmp180_addr
 737 00b0 00000000 		.word	hi2c1
 738 00b4 00000000 		.word	AC1
 739 00b8 00000000 		.word	AC2
 740 00bc 00000000 		.word	AC3
 741 00c0 00000000 		.word	AC4
 742 00c4 00000000 		.word	AC5
 743 00c8 00000000 		.word	AC6
 744 00cc 00000000 		.word	B1
 745 00d0 00000000 		.word	B2
 746 00d4 00000000 		.word	MB
 747 00d8 00000000 		.word	MC
 748 00dc 00000000 		.word	MD
 749              		.cfi_endproc
 750              	.LFE140:
 752              		.text
 753              	.Letext0:
 754              		.file 2 "/home/mike/bin/arm-gnu-toolchain-14.3.rel1-x86_64-arm-none-eabi/arm-none-eabi/include/mac
 755              		.file 3 "/home/mike/bin/arm-gnu-toolchain-14.3.rel1-x86_64-arm-none-eabi/arm-none-eabi/include/sys
 756              		.file 4 "Drivers/CMSIS/Device/ST/STM32F4xx/Include/stm32f401xe.h"
ARM GAS  /tmp/ccs2RMzB.s 			page 16


 757              		.file 5 "Drivers/STM32F4xx_HAL_Driver/Inc/stm32f4xx_hal_def.h"
 758              		.file 6 "Drivers/STM32F4xx_HAL_Driver/Inc/stm32f4xx_hal_dma.h"
 759              		.file 7 "Drivers/STM32F4xx_HAL_Driver/Inc/stm32f4xx_hal_i2c.h"
 760              		.file 8 "Core/Src/transmit_and_recieve_control/transmit_and_recieve_control.h"
 761              		.file 9 "Core/Src/transmit_and_recieve_control/../../Inc/main.h"
ARM GAS  /tmp/ccs2RMzB.s 			page 17


DEFINED SYMBOLS
                            *ABS*:00000000 transmit_and_recieve_control.c
     /tmp/ccs2RMzB.s:21     .rodata.lcd1602_transmit.str1.4:00000000 $d
     /tmp/ccs2RMzB.s:26     .text.lcd1602_transmit:00000000 $t
     /tmp/ccs2RMzB.s:32     .text.lcd1602_transmit:00000000 lcd1602_transmit
     /tmp/ccs2RMzB.s:118    .text.lcd1602_transmit:00000058 $d
     /tmp/ccs2RMzB.s:125    .text.lcd1602_transmit_data:00000000 $t
     /tmp/ccs2RMzB.s:131    .text.lcd1602_transmit_data:00000000 lcd1602_transmit_data
     /tmp/ccs2RMzB.s:154    .text.lcd1602_send_string:00000000 $t
     /tmp/ccs2RMzB.s:160    .text.lcd1602_send_string:00000000 lcd1602_send_string
     /tmp/ccs2RMzB.s:199    .text.lcd1602_transmit_command:00000000 $t
     /tmp/ccs2RMzB.s:205    .text.lcd1602_transmit_command:00000000 lcd1602_transmit_command
     /tmp/ccs2RMzB.s:228    .text.bmp180_get_temperature:00000000 $t
     /tmp/ccs2RMzB.s:234    .text.bmp180_get_temperature:00000000 bmp180_get_temperature
     /tmp/ccs2RMzB.s:330    .text.bmp180_get_temperature:00000074 $d
     /tmp/ccs2RMzB.s:345    .text.bmp180_get_pressure:00000000 $t
     /tmp/ccs2RMzB.s:351    .text.bmp180_get_pressure:00000000 bmp180_get_pressure
     /tmp/ccs2RMzB.s:565    .text.bmp180_get_pressure:000000e8 $d
     /tmp/ccs2RMzB.s:582    .text.bmp180_get_global_coefficients:00000000 $t
     /tmp/ccs2RMzB.s:588    .text.bmp180_get_global_coefficients:00000000 bmp180_get_global_coefficients
     /tmp/ccs2RMzB.s:735    .text.bmp180_get_global_coefficients:000000a8 $d

UNDEFINED SYMBOLS
HAL_I2C_Master_Transmit
Error_Handler
lcd1604_addr
hi2c1
HAL_I2C_Mem_Read
__aeabi_i2d
__aeabi_ddiv
__aeabi_d2iz
temperature_buf
bmp180_addr
AC6
AC5
X1
MC
MD
X2
B5
pressure_buf
B2
AC2
AC1
AC3
B1
AC4
calib_data
MB
