Component: Arm Compiler for Embedded 6.19 Tool: armlink [5e73cb00]

==============================================================================

Section Cross References

    init_peripherials.o(.text.lcd1602_init) refers to stm32f4xx_hal.o(.text.HAL_Delay) for HAL_Delay
    init_peripherials.o(.text.lcd1602_init) refers to transmit_and_recieve_control.o(.text.lcd1602_transmit_command) for lcd1602_transmit_command
    init_peripherials.o(.text.lcd1602_init) refers to main.o(.bss.huart2) for huart2
    init_peripherials.o(.text.lcd1602_init) refers to init_peripherials.o(.rodata.str1.1) for .L.str
    init_peripherials.o(.text.lcd1602_init) refers to stm32f4xx_hal_uart.o(.text.HAL_UART_Transmit) for HAL_UART_Transmit
    init_peripherials.o(.ARM.exidx.text.lcd1602_init) refers to init_peripherials.o(.text.lcd1602_init) for [Anonymous Symbol]
    init_peripherials.o(.text.bmp180_init) refers to main.o(.data.bmp180_addr) for bmp180_addr
    init_peripherials.o(.text.bmp180_init) refers to main.o(.bss.hi2c1) for hi2c1
    init_peripherials.o(.text.bmp180_init) refers to stm32f4xx_hal_i2c.o(.text.HAL_I2C_Mem_Write) for HAL_I2C_Mem_Write
    init_peripherials.o(.text.bmp180_init) refers to main.o(.bss.huart2) for huart2
    init_peripherials.o(.text.bmp180_init) refers to init_peripherials.o(.rodata.str1.1) for .L.str.1
    init_peripherials.o(.text.bmp180_init) refers to stm32f4xx_hal_uart.o(.text.HAL_UART_Transmit) for HAL_UART_Transmit
    init_peripherials.o(.text.bmp180_init) refers to stm32f4xx_hal.o(.text.HAL_Delay) for HAL_Delay
    init_peripherials.o(.ARM.exidx.text.bmp180_init) refers to init_peripherials.o(.text.bmp180_init) for [Anonymous Symbol]
    transmit_and_recieve_control.o(.text.lcd1602_send_string) refers to transmit_and_recieve_control.o(.text.lcd1602_transmit_data) for lcd1602_transmit_data
    transmit_and_recieve_control.o(.ARM.exidx.text.lcd1602_send_string) refers to transmit_and_recieve_control.o(.text.lcd1602_send_string) for [Anonymous Symbol]
    transmit_and_recieve_control.o(.text.lcd1602_transmit_data) refers to transmit_and_recieve_control.o(.text.lcd1602_transmit) for lcd1602_transmit
    transmit_and_recieve_control.o(.ARM.exidx.text.lcd1602_transmit_data) refers to transmit_and_recieve_control.o(.text.lcd1602_transmit_data) for [Anonymous Symbol]
    transmit_and_recieve_control.o(.text.lcd1602_transmit) refers to main.o(.data.lcd1604_addr) for lcd1604_addr
    transmit_and_recieve_control.o(.text.lcd1602_transmit) refers to main.o(.bss.hi2c1) for hi2c1
    transmit_and_recieve_control.o(.text.lcd1602_transmit) refers to stm32f4xx_hal_i2c.o(.text.HAL_I2C_Master_Transmit) for HAL_I2C_Master_Transmit
    transmit_and_recieve_control.o(.text.lcd1602_transmit) refers to stm32f4xx_hal.o(.text.HAL_Delay) for HAL_Delay
    transmit_and_recieve_control.o(.ARM.exidx.text.lcd1602_transmit) refers to transmit_and_recieve_control.o(.text.lcd1602_transmit) for [Anonymous Symbol]
    transmit_and_recieve_control.o(.text.lcd1602_transmit_command) refers to transmit_and_recieve_control.o(.text.lcd1602_transmit) for lcd1602_transmit
    transmit_and_recieve_control.o(.ARM.exidx.text.lcd1602_transmit_command) refers to transmit_and_recieve_control.o(.text.lcd1602_transmit_command) for [Anonymous Symbol]
    transmit_and_recieve_control.o(.text.bmp180_get_temperature) refers to main.o(.data.bmp180_addr) for bmp180_addr
    transmit_and_recieve_control.o(.text.bmp180_get_temperature) refers to main.o(.bss.temperature_buf) for temperature_buf
    transmit_and_recieve_control.o(.text.bmp180_get_temperature) refers to main.o(.bss.hi2c1) for hi2c1
    transmit_and_recieve_control.o(.text.bmp180_get_temperature) refers to stm32f4xx_hal_i2c.o(.text.HAL_I2C_Mem_Read) for HAL_I2C_Mem_Read
    transmit_and_recieve_control.o(.text.bmp180_get_temperature) refers to main.o(.bss.AC6) for AC6
    transmit_and_recieve_control.o(.text.bmp180_get_temperature) refers to main.o(.bss.AC5) for AC5
    transmit_and_recieve_control.o(.text.bmp180_get_temperature) refers to main.o(.bss.X1) for X1
    transmit_and_recieve_control.o(.text.bmp180_get_temperature) refers to main.o(.bss.MC) for MC
    transmit_and_recieve_control.o(.text.bmp180_get_temperature) refers to main.o(.bss.MD) for MD
    transmit_and_recieve_control.o(.text.bmp180_get_temperature) refers to main.o(.bss.X2) for X2
    transmit_and_recieve_control.o(.text.bmp180_get_temperature) refers to main.o(.bss.B5) for B5
    transmit_and_recieve_control.o(.text.bmp180_get_temperature) refers to dflt_clz.o(x$fpl$dflt) for __aeabi_i2d
    transmit_and_recieve_control.o(.text.bmp180_get_temperature) refers to ddiv.o(x$fpl$ddiv) for __aeabi_ddiv
    transmit_and_recieve_control.o(.text.bmp180_get_temperature) refers to dcmp.o(x$fpl$fcmp) for __aeabi_dcmple
    transmit_and_recieve_control.o(.text.bmp180_get_temperature) refers to main.o(.bss.huart2) for huart2
[...]
    i._is_digit                              0x08005cec   Section        0  __printf_wp.o(i._is_digit)
    locale$$code                             0x08005cfc   Section       44  lc_numeric_c.o(locale$$code)
    locale$$code                             0x08005d28   Section       44  lc_ctype_c.o(locale$$code)
    $v0                                      0x08005d54   Number         0  dcmpi.o(x$fpl$dcmpinf)
    x$fpl$dcmpinf                            0x08005d54   Section       24  dcmpi.o(x$fpl$dcmpinf)
    $v0                                      0x08005d6c   Number         0  ddiv.o(x$fpl$ddiv)
    x$fpl$ddiv                               0x08005d6c   Section      692  ddiv.o(x$fpl$ddiv)
    ddiv_entry                               0x08005d73   Thumb Code     0  ddiv.o(x$fpl$ddiv)
    $v0                                      0x08006020   Number         0  deqf.o(x$fpl$deqf)
    x$fpl$deqf                               0x08006020   Section      120  deqf.o(x$fpl$deqf)
    $v0                                      0x08006098   Number         0  dflt_clz.o(x$fpl$dflt)
    x$fpl$dflt                               0x08006098   Section       46  dflt_clz.o(x$fpl$dflt)
    $v0                                      0x080060c8   Number         0  dgeqf.o(x$fpl$dgeqf)
    x$fpl$dgeqf                              0x080060c8   Section      120  dgeqf.o(x$fpl$dgeqf)
    $v0                                      0x08006140   Number         0  dleqf.o(x$fpl$dleqf)
    x$fpl$dleqf                              0x08006140   Section      120  dleqf.o(x$fpl$dleqf)
    $v0                                      0x080061b8   Number         0  dnaninf.o(x$fpl$dnaninf)
    x$fpl$dnaninf                            0x080061b8   Section      156  dnaninf.o(x$fpl$dnaninf)
    $v0                                      0x08006254   Number         0  dretinf.o(x$fpl$dretinf)
    x$fpl$dretinf                            0x08006254   Section       12  dretinf.o(x$fpl$dretinf)
    $v0                                      0x08006260   Number         0  f2d.o(x$fpl$f2d)
    x$fpl$f2d                                0x08006260   Section       86  f2d.o(x$fpl$f2d)
    $v0                                      0x080062b6   Number         0  dcmp.o(x$fpl$fcmp)
    x$fpl$fcmp                               0x080062b6   Section       84  dcmp.o(x$fpl$fcmp)
    $v0                                      0x0800630a   Number         0  fnaninf.o(x$fpl$fnaninf)
    x$fpl$fnaninf                            0x0800630a   Section      140  fnaninf.o(x$fpl$fnaninf)
    $v0                                      0x08006396   Number         0  fpinit.o(x$fpl$fpinit)
    x$fpl$fpinit                             0x08006396   Section       26  fpinit.o(x$fpl$fpinit)
    $v0                                      0x080063b0   Number         0  printf1.o(x$fpl$printf1)
    x$fpl$printf1                            0x080063b0   Section        4  printf1.o(x$fpl$printf1)
    $v0                                      0x080063b4   Number         0  printf2.o(x$fpl$printf2)
    x$fpl$printf2                            0x080063b4   Section        4  printf2.o(x$fpl$printf2)
    initial_mbstate                          0x080063b8   Data           8  _printf_wctomb.o(.constdata)
    .constdata                               0x080063b8   Section        8  _printf_wctomb.o(.constdata)
    x$fpl$usenofp                            0x080063b8   Section        0  usenofp.o(x$fpl$usenofp)
    uc_hextab                                0x080063c0   Data          20  _printf_hex_int_ll_ptr.o(.constdata)
    .constdata                               0x080063c0   Section       40  _printf_hex_int_ll_ptr.o(.constdata)
    lc_hextab                                0x080063d4   Data          20  _printf_hex_int_ll_ptr.o(.constdata)
    maptable                                 0x080063e8   Data          17  __printf_flags_ss_wp.o(.constdata)
    .constdata                               0x080063e8   Section       17  __printf_flags_ss_wp.o(.constdata)
    lc_hextab                                0x080063f9   Data          19  _printf_fp_hex.o(.constdata)
    .constdata                               0x080063f9   Section       38  _printf_fp_hex.o(.constdata)
    uc_hextab                                0x0800640c   Data          19  _printf_fp_hex.o(.constdata)
    tenpwrs_x                                0x08006420   Data          60  bigflt0.o(.constdata)
    .constdata                               0x08006420   Section      148  bigflt0.o(.constdata)
    tenpwrs_i                                0x0800645c   Data          64  bigflt0.o(.constdata)
    .L.str                                   0x080064cc   Data          19  init_peripherials.o(.rodata.str1.1)
    [Anonymous Symbol]                       0x080064cc   Section        0  init_peripherials.o(.rodata.str1.1)
    .L.str.1                                 0x080064df   Data          25  init_peripherials.o(.rodata.str1.1)
    .L.str.1                                 0x080064f8   Data          54  transmit_and_recieve_control.o(.rodata.str1.1)
    [Anonymous Symbol]                       0x080064f8   Section        0  transmit_and_recieve_control.o(.rodata.str1.1)
    .L.str                                   0x0800652e   Data          53  transmit_and_recieve_control.o(.rodata.str1.1)
    .L.str.3                                 0x08006563   Data          66  transmit_and_recieve_control.o(.rodata.str1.1)
    .L.str.2                                 0x080065a5   Data          66  transmit_and_recieve_control.o(.rodata.str1.1)
    .L.str                                   0x080065e7   Data          15  date.o(.rodata.str1.1)
    [Anonymous Symbol]                       0x080065e7   Section        0  date.o(.rodata.str1.1)
    .L.str                                   0x080065f6   Data           7  main.o(.rodata.str1.1)
    .L.str.1                                 0x080065f6   Data          16  date.o(.rodata.str1.1)
    .L.str.1                                 0x080065f6   Data           9  main.o(.rodata.str1.1)
    [Anonymous Symbol]                       0x080065f6   Section        0  main.o(.rodata.str1.1)
    .L.str.2                                 0x080065ff   Data          14  main.o(.rodata.str1.1)
    .L.str.2                                 0x08006606   Data          15  date.o(.rodata.str1.1)
    .L.str.3                                 0x08006615   Data           6  date.o(.rodata.str1.1)
    locale$$data                             0x08006630   Section       28  lc_numeric_c.o(locale$$data)
    __lcnum_c_name                           0x08006634   Data           2  lc_numeric_c.o(locale$$data)
    __lcnum_c_start                          0x0800663c   Data           0  lc_numeric_c.o(locale$$data)
    __lcnum_c_point                          0x08006648   Data           0  lc_numeric_c.o(locale$$data)
    __lcnum_c_thousands                      0x0800664a   Data           0  lc_numeric_c.o(locale$$data)
    __lcnum_c_grouping                       0x0800664b   Data           0  lc_numeric_c.o(locale$$data)
    __lcnum_c_end                            0x0800664c   Data           0  lc_numeric_c.o(locale$$data)
    locale$$data                             0x0800664c   Section      272  lc_ctype_c.o(locale$$data)
    __lcctype_c_name                         0x08006650   Data           2  lc_ctype_c.o(locale$$data)
    __lcctype_c_start                        0x08006658   Data           0  lc_ctype_c.o(locale$$data)
    __lcctype_c_end                          0x0800675c   Data           0  lc_ctype_c.o(locale$$data)
    .bss                                     0x20000010   Section       96  libspace.o(.bss)
    SysTick_1Sec_Counter                     0x2000008c   Data           4  stm32f4xx_it.o(.bss.SysTick_1Sec_Counter)
    [Anonymous Symbol]                       0x2000008c   Section        0  stm32f4xx_it.o(.bss.SysTick_1Sec_Counter)
    SysTick_20Sec_Counter                    0x20000090   Data           4  stm32f4xx_it.o(.bss.SysTick_20Sec_Counter)
    [Anonymous Symbol]                       0x20000090   Section        0  stm32f4xx_it.o(.bss.SysTick_20Sec_Counter)
    msg_lcd                                  0x2000016c   Data          32  main.o(.bss.msg_lcd)
    [Anonymous Symbol]                       0x2000016c   Section        0  main.o(.bss.msg_lcd)
    pressure                                 0x2000018c   Data           4  main.o(.bss.pressure)
    [Anonymous Symbol]                       0x2000018c   Section        0  main.o(.bss.pressure)
    temperature                              0x20000194   Data           4  main.o(.bss.temperature)
    [Anonymous Symbol]                       0x20000194   Section        0  main.o(.bss.temperature)
    Heap_Mem                                 0x200001a0   Data         512  startup_stm32f401xe.o(HEAP)
    HEAP                                     0x200001a0   Section      512  startup_stm32f401xe.o(HEAP)
    Stack_Mem                                0x200003a0   Data        1024  startup_stm32f401xe.o(STACK)
    STACK                                    0x200003a0   Section     1024  startup_stm32f401xe.o(STACK)
    __initial_sp                             0x200007a0   Data           0  startup_stm32f401xe.o(STACK)

    Global Symbols

    Symbol Name                              Value     Ov Type        Size  Object(Section)

    BuildAttributes$$THM_ISAv4$E$P$D$K$B$S$7EM$VFPi3$EXTD16$VFPS$VFMA$PE$A:L22UL41UL21$X:L11$S22US41US21$IEEE1$IW$~IW$USESV6$~STKCKD$USESV7$~SHL$OTIME$ROPI$IEEEJ$EBA8$UX$STANDARDLIB$REQ8$PRES8$EABIv2 0x00000000   Number         0  anon$$obj.o ABSOLUTE
    _printf_flags                            0x00000000   Number         0  printf_stubs.o ABSOLUTE
    _printf_return_value                     0x00000000   Number         0  printf_stubs.o ABSOLUTE
    _printf_sizespec                         0x00000000   Number         0  printf_stubs.o ABSOLUTE
    _printf_widthprec                        0x00000000   Number         0  printf_stubs.o ABSOLUTE
    __ARM_exceptions_init                     - Undefined Weak Reference
    __alloca_initialize                       - Undefined Weak Reference
    __arm_preinit_                            - Undefined Weak Reference
    __arm_relocate_pie_                       - Undefined Weak Reference
    __cpp_initialize__aeabi_                  - Undefined Weak Reference
    __cxa_finalize                            - Undefined Weak Reference
    __sigvec_lookup                           - Undefined Weak Reference
    _atexit_init                              - Undefined Weak Reference
    _call_atexit_fns                          - Undefined Weak Reference
    _clock_init                               - Undefined Weak Reference
    _fp_trap_init                             - Undefined Weak Reference
    _fp_trap_shutdown                         - Undefined Weak Reference
    _get_lc_collate                           - Undefined Weak Reference
    _get_lc_monetary                          - Undefined Weak Reference
    _get_lc_time                              - Undefined Weak Reference
    _getenv_init                              - Undefined Weak Reference
    _handle_redirection                       - Undefined Weak Reference
    _init_alloc                               - Undefined Weak Reference
    _init_user_alloc                          - Undefined Weak Reference
    _initio                                   - Undefined Weak Reference
    _printf_mbtowc                            - Undefined Weak Reference
    _printf_wc                                - Undefined Weak Reference
    _rand_init                                - Undefined Weak Reference
    _signal_finish                            - Undefined Weak Reference
    _signal_init                              - Undefined Weak Reference
    _terminate_alloc                          - Undefined Weak Reference
    _terminate_user_alloc                     - Undefined Weak Reference
    _terminateio                              - Undefined Weak Reference
    __Vectors_Size                           0x00000194   Number         0  startup_stm32f401xe.o ABSOLUTE
    __Vectors                                0x08000000   Data           4  startup_stm32f401xe.o(RESET)
    __Vectors_End                            0x08000194   Data           0  startup_stm32f401xe.o(RESET)
    __main                                   0x08000195   Thumb Code     8  __main.o(!!!main)
    __scatterload                            0x0800019d   Thumb Code     0  __scatter.o(!!!scatter)
    __scatterload_rt2                        0x0800019d   Thumb Code    44  __scatter.o(!!!scatter)
    __scatterload_rt2_thumb_only             0x0800019d   Thumb Code     0  __scatter.o(!!!scatter)
    __scatterload_null                       0x080001ab   Thumb Code     0  __scatter.o(!!!scatter)
    __scatterload_copy                       0x080001d1   Thumb Code    26  __scatter_copy.o(!!handler_copy)
    __scatterload_zeroinit                   0x080001ed   Thumb Code    28  __scatter_zi.o(!!handler_zi)
    _printf_n                                0x08000209   Thumb Code     0  _printf_n.o(.ARM.Collect$$_printf_percent$$00000001)
    _printf_percent                          0x08000209   Thumb Code     0  _printf_percent.o(.ARM.Collect$$_printf_percent$$00000000)
    _printf_p                                0x0800020f   Thumb Code     0  _printf_p.o(.ARM.Collect$$_printf_percent$$00000002)
    _printf_f                                0x08000215   Thumb Code     0  _printf_f.o(.ARM.Collect$$_printf_percent$$00000003)
    _printf_e                                0x0800021b   Thumb Code     0  _printf_e.o(.ARM.Collect$$_printf_percent$$00000004)
    _printf_g                                0x08000221   Thumb Code     0  _printf_g.o(.ARM.Collect$$_printf_percent$$00000005)
    _printf_a                                0x08000227   Thumb Code     0  _printf_a.o(.ARM.Collect$$_printf_percent$$00000006)
    _printf_ll                               0x0800022d   Thumb Code     0  _printf_ll.o(.ARM.Collect$$_printf_percent$$00000007)
    _printf_i                                0x08000237   Thumb Code     0  _printf_i.o(.ARM.Collect$$_printf_percent$$00000008)
    _printf_d                                0x0800023d   Thumb Code     0  _printf_d.o(.ARM.Collect$$_printf_percent$$00000009)
    _printf_u                                0x08000243   Thumb Code     0  _printf_u.o(.ARM.Collect$$_printf_percent$$0000000A)
    _printf_o                                0x08000249   Thumb Code     0  _printf_o.o(.ARM.Collect$$_printf_percent$$0000000B)
    _printf_x                                0x0800024f   Thumb Code     0  _printf_x.o(.ARM.Collect$$_printf_percent$$0000000C)
    _printf_lli                              0x08000255   Thumb Code     0  _printf_lli.o(.ARM.Collect$$_printf_percent$$0000000D)
    _printf_lld                              0x0800025b   Thumb Code     0  _printf_lld.o(.ARM.Collect$$_printf_percent$$0000000E)
    _printf_llu                              0x08000261   Thumb Code     0  _printf_llu.o(.ARM.Collect$$_printf_percent$$0000000F)
    _printf_llo                              0x08000267   Thumb Code     0  _printf_llo.o(.ARM.Collect$$_printf_percent$$00000010)
    _printf_llx                              0x0800026d   Thumb Code     0  _printf_llx.o(.ARM.Collect$$_printf_percent$$00000011)
    _printf_l                                0x08000273   Thumb Code     0  _printf_l.o(.ARM.Collect$$_printf_percent$$00000012)
    _printf_c                                0x0800027d   Thumb Code     0  _printf_c.o(.ARM.Collect$$_printf_percent$$00000013)
    _printf_s                                0x08000283   Thumb Code     0  _printf_s.o(.ARM.Collect$$_printf_percent$$00000014)
    _printf_lc                               0x08000289   Thumb Code     0  _printf_lc.o(.ARM.Collect$$_printf_percent$$00000015)
    _printf_ls                               0x0800028f   Thumb Code     0  _printf_ls.o(.ARM.Collect$$_printf_percent$$00000016)
    _printf_percent_end                      0x08000295   Thumb Code     0  _printf_percent_end.o(.ARM.Collect$$_printf_percent$$00000017)
    __rt_lib_init                            0x08000299   Thumb Code     0  libinit.o(.ARM.Collect$$libinit$$00000000)
    __rt_lib_init_fp_1                       0x0800029b   Thumb Code     0  libinit2.o(.ARM.Collect$$libinit$$00000001)
    __rt_lib_init_heap_1                     0x0800029f   Thumb Code     0  libinit2.o(.ARM.Collect$$libinit$$0000000C)
    __rt_lib_init_lc_common                  0x0800029f   Thumb Code     0  libinit2.o(.ARM.Collect$$libinit$$00000011)
    __rt_lib_init_preinit_1                  0x0800029f   Thumb Code     0  libinit2.o(.ARM.Collect$$libinit$$00000006)
    __rt_lib_init_rand_1                     0x0800029f   Thumb Code     0  libinit2.o(.ARM.Collect$$libinit$$00000010)
    __rt_lib_init_relocate_pie_1             0x0800029f   Thumb Code     0  libinit2.o(.ARM.Collect$$libinit$$00000004)
    __rt_lib_init_user_alloc_1               0x0800029f   Thumb Code     0  libinit2.o(.ARM.Collect$$libinit$$0000000E)
    __rt_lib_init_lc_collate_1               0x080002a5   Thumb Code     0  libinit2.o(.ARM.Collect$$libinit$$00000013)
    __rt_lib_init_lc_ctype_2                 0x080002a5   Thumb Code     0  libinit2.o(.ARM.Collect$$libinit$$00000014)
    __rt_lib_init_lc_ctype_1                 0x080002b1   Thumb Code     0  libinit2.o(.ARM.Collect$$libinit$$00000015)
    __rt_lib_init_lc_monetary_1              0x080002b1   Thumb Code     0  libinit2.o(.ARM.Collect$$libinit$$00000017)
    __rt_lib_init_lc_numeric_2               0x080002b1   Thumb Code     0  libinit2.o(.ARM.Collect$$libinit$$00000018)
    __rt_lib_init_alloca_1                   0x080002bb   Thumb Code     0  libinit2.o(.ARM.Collect$$libinit$$00000030)
    __rt_lib_init_argv_1                     0x080002bb   Thumb Code     0  libinit2.o(.ARM.Collect$$libinit$$0000002E)
    __rt_lib_init_atexit_1                   0x080002bb   Thumb Code     0  libinit2.o(.ARM.Collect$$libinit$$0000001D)
    __rt_lib_init_clock_1                    0x080002bb   Thumb Code     0  libinit2.o(.ARM.Collect$$libinit$$00000023)
    __rt_lib_init_cpp_1                      0x080002bb   Thumb Code     0  libinit2.o(.ARM.Collect$$libinit$$00000034)
    __rt_lib_init_exceptions_1               0x080002bb   Thumb Code     0  libinit2.o(.ARM.Collect$$libinit$$00000032)
    __rt_lib_init_fp_trap_1                  0x080002bb   Thumb Code     0  libinit2.o(.ARM.Collect$$libinit$$00000021)
    __rt_lib_init_getenv_1                   0x080002bb   Thumb Code     0  libinit2.o(.ARM.Collect$$libinit$$00000025)
    __rt_lib_init_lc_numeric_1               0x080002bb   Thumb Code     0  libinit2.o(.ARM.Collect$$libinit$$00000019)
    __rt_lib_init_lc_time_1                  0x080002bb   Thumb Code     0  libinit2.o(.ARM.Collect$$libinit$$0000001B)
    __rt_lib_init_return                     0x080002bb   Thumb Code     0  libinit2.o(.ARM.Collect$$libinit$$00000035)
    __rt_lib_init_signal_1                   0x080002bb   Thumb Code     0  libinit2.o(.ARM.Collect$$libinit$$0000001F)
    __rt_lib_init_stdio_1                    0x080002bb   Thumb Code     0  libinit2.o(.ARM.Collect$$libinit$$00000027)
    __rt_lib_shutdown                        0x080002bd   Thumb Code     0  libshutdown.o(.ARM.Collect$$libshutdown$$00000000)
    __rt_lib_shutdown_cpp_1                  0x080002bf   Thumb Code     0  libshutdown2.o(.ARM.Collect$$libshutdown$$00000002)
    __rt_lib_shutdown_fp_trap_1              0x080002bf   Thumb Code     0  libshutdown2.o(.ARM.Collect$$libshutdown$$00000007)
    __rt_lib_shutdown_heap_1                 0x080002bf   Thumb Code     0  libshutdown2.o(.ARM.Collect$$libshutdown$$0000000F)
    __rt_lib_shutdown_return                 0x080002bf   Thumb Code     0  libshutdown2.o(.ARM.Collect$$libshutdown$$00000010)
    __rt_lib_shutdown_signal_1               0x080002bf   Thumb Code     0  libshutdown2.o(.ARM.Collect$$libshutdown$$0000000A)
    __rt_lib_shutdown_stdio_1                0x080002bf   Thumb Code     0  libshutdown2.o(.ARM.Collect$$libshutdown$$00000004)
    __rt_lib_shutdown_user_alloc_1           0x080002bf   Thumb Code     0  libshutdown2.o(.ARM.Collect$$libshutdown$$0000000C)
    __rt_entry                               0x080002c1   Thumb Code     0  __rtentry.o(.ARM.Collect$$rtentry$$00000000)
    __rt_entry_presh_1                       0x080002c1   Thumb Code     0  __rtentry2.o(.ARM.Collect$$rtentry$$00000002)
    __rt_entry_sh                            0x080002c1   Thumb Code     0  __rtentry4.o(.ARM.Collect$$rtentry$$00000004)
    __rt_entry_li                            0x080002c7   Thumb Code     0  __rtentry2.o(.ARM.Collect$$rtentry$$0000000A)
    __rt_entry_postsh_1                      0x080002c7   Thumb Code     0  __rtentry2.o(.ARM.Collect$$rtentry$$00000009)
    __rt_entry_main                          0x080002cb   Thumb Code     0  __rtentry2.o(.ARM.Collect$$rtentry$$0000000D)
    __rt_entry_postli_1                      0x080002cb   Thumb Code     0  __rtentry2.o(.ARM.Collect$$rtentry$$0000000C)
    __rt_exit                                0x080002d3   Thumb Code     0  rtexit.o(.ARM.Collect$$rtexit$$00000000)
    __rt_exit_ls                             0x080002d5   Thumb Code     0  rtexit2.o(.ARM.Collect$$rtexit$$00000003)
    __rt_exit_prels_1                        0x080002d5   Thumb Code     0  rtexit2.o(.ARM.Collect$$rtexit$$00000002)
    __rt_exit_exit                           0x080002d9   Thumb Code     0  rtexit2.o(.ARM.Collect$$rtexit$$00000004)
    Reset_Handler                            0x080002e1   Thumb Code     8  startup_stm32f401xe.o(.text)
    ADC_IRQHandler                           0x080002fb   Thumb Code     0  startup_stm32f401xe.o(.text)
    DMA1_Stream0_IRQHandler                  0x080002fb   Thumb Code     0  startup_stm32f401xe.o(.text)
    DMA1_Stream1_IRQHandler                  0x080002fb   Thumb Code     0  startup_stm32f401xe.o(.text)
    DMA1_Stream2_IRQHandler                  0x080002fb   Thumb Code     0  startup_stm32f401xe.o(.text)
    DMA1_Stream3_IRQHandler                  0x080002fb   Thumb Code     0  startup_stm32f401xe.o(.text)
    DMA1_Stream4_IRQHandler                  0x080002fb   Thumb Code     0  startup_stm32f401xe.o(.text)
    DMA1_Stream5_IRQHandler                  0x080002fb   Thumb Code     0  startup_stm32f401xe.o(.text)
    DMA1_Stream6_IRQHandler                  0x080002fb   Thumb Code     0  startup_stm32f401xe.o(.text)
    DMA1_Stream7_IRQHandler                  0x080002fb   Thumb Code     0  startup_stm32f401xe.o(.text)
    DMA2_Stream0_IRQHandler                  0x080002fb   Thumb Code     0  startup_stm32f401xe.o(.text)
    DMA2_Stream1_IRQHandler                  0x080002fb   Thumb Code     0  startup_stm32f401xe.o(.text)
    DMA2_Stream2_IRQHandler                  0x080002fb   Thumb Code     0  startup_stm32f401xe.o(.text)
    DMA2_Stream3_IRQHandler                  0x080002fb   Thumb Code     0  startup_stm32f401xe.o(.text)
    DMA2_Stream4_IRQHandler                  0x080002fb   Thumb Code     0  startup_stm32f401xe.o(.text)
    DMA2_Stream5_IRQHandler                  0x080002fb   Thumb Code     0  startup_stm32f401xe.o(.text)
    DMA2_Stream6_IRQHandler                  0x080002fb   Thumb Code     0  startup_stm32f401xe.o(.text)
    DMA2_Stream7_IRQHandler                  0x080002fb   Thumb Code     0  startup_stm32f401xe.o(.text)
    EXTI0_IRQHandler                         0x080002fb   Thumb Code     0  startup_stm32f401xe.o(.text)
    EXTI1_IRQHandler                         0x080002fb   Thumb Code     0  startup_stm32f401xe.o(.text)
    EXTI2_IRQHandler                         0x080002fb   Thumb Code     0  startup_stm32f401xe.o(.text)
    EXTI3_IRQHandler                         0x080002fb   Thumb Code     0  startup_stm32f401xe.o(.text)
    EXTI4_IRQHandler                         0x080002fb   Thumb Code     0  startup_stm32f401xe.o(.text)
    EXTI9_5_IRQHandler                       0x080002fb   Thumb Code     0  startup_stm32f401xe.o(.text)
    FLASH_IRQHandler                         0x080002fb   Thumb Code     0  startup_stm32f401xe.o(.text)
    FPU_IRQHandler                           0x080002fb   Thumb Code     0  startup_stm32f401xe.o(.text)
    I2C1_ER_IRQHandler                       0x080002fb   Thumb Code     0  startup_stm32f401xe.o(.text)
    I2C1_EV_IRQHandler                       0x080002fb   Thumb Code     0  startup_stm32f401xe.o(.text)
    I2C2_ER_IRQHandler                       0x080002fb   Thumb Code     0  startup_stm32f401xe.o(.text)
    I2C2_EV_IRQHandler                       0x080002fb   Thumb Code     0  startup_stm32f401xe.o(.text)
    I2C3_ER_IRQHandler                       0x080002fb   Thumb Code     0  startup_stm32f401xe.o(.text)
    I2C3_EV_IRQHandler                       0x080002fb   Thumb Code     0  startup_stm32f401xe.o(.text)
    OTG_FS_IRQHandler                        0x080002fb   Thumb Code     0  startup_stm32f401xe.o(.text)
    OTG_FS_WKUP_IRQHandler                   0x080002fb   Thumb Code     0  startup_stm32f401xe.o(.text)
    PVD_IRQHandler                           0x080002fb   Thumb Code     0  startup_stm32f401xe.o(.text)
    RCC_IRQHandler                           0x080002fb   Thumb Code     0  startup_stm32f401xe.o(.text)
    RTC_Alarm_IRQHandler                     0x080002fb   Thumb Code     0  startup_stm32f401xe.o(.text)
    RTC_WKUP_IRQHandler                      0x080002fb   Thumb Code     0  startup_stm32f401xe.o(.text)
    SDIO_IRQHandler                          0x080002fb   Thumb Code     0  startup_stm32f401xe.o(.text)
    SPI1_IRQHandler                          0x080002fb   Thumb Code     0  startup_stm32f401xe.o(.text)
    SPI2_IRQHandler                          0x080002fb   Thumb Code     0  startup_stm32f401xe.o(.text)
    SPI3_IRQHandler                          0x080002fb   Thumb Code     0  startup_stm32f401xe.o(.text)
    SPI4_IRQHandler                          0x080002fb   Thumb Code     0  startup_stm32f401xe.o(.text)
    TAMP_STAMP_IRQHandler                    0x080002fb   Thumb Code     0  startup_stm32f401xe.o(.text)
    TIM1_BRK_TIM9_IRQHandler                 0x080002fb   Thumb Code     0  startup_stm32f401xe.o(.text)
    TIM1_CC_IRQHandler                       0x080002fb   Thumb Code     0  startup_stm32f401xe.o(.text)
    TIM1_TRG_COM_TIM11_IRQHandler            0x080002fb   Thumb Code     0  startup_stm32f401xe.o(.text)
    TIM1_UP_TIM10_IRQHandler                 0x080002fb   Thumb Code     0  startup_stm32f401xe.o(.text)
    TIM2_IRQHandler                          0x080002fb   Thumb Code     0  startup_stm32f401xe.o(.text)
    TIM3_IRQHandler                          0x080002fb   Thumb Code     0  startup_stm32f401xe.o(.text)
    TIM4_IRQHandler                          0x080002fb   Thumb Code     0  startup_stm32f401xe.o(.text)
    TIM5_IRQHandler                          0x080002fb   Thumb Code     0  startup_stm32f401xe.o(.text)
    USART1_IRQHandler                        0x080002fb   Thumb Code     0  startup_stm32f401xe.o(.text)
    USART2_IRQHandler                        0x080002fb   Thumb Code     0  startup_stm32f401xe.o(.text)
    USART6_IRQHandler                        0x080002fb   Thumb Code     0  startup_stm32f401xe.o(.text)
    WWDG_IRQHandler                          0x080002fb   Thumb Code     0  startup_stm32f401xe.o(.text)
    __user_initial_stackheap                 0x080002fd   Thumb Code     0  startup_stm32f401xe.o(.text)
    __aeabi_uldivmod                         0x08000321   Thumb Code     0  lludivv7m.o(.text)
    _ll_udiv                                 0x08000321   Thumb Code   240  lludivv7m.o(.text)
    sprintf                                  0x08000411   Thumb Code    38  sprintf.o(.text)
    __aeabi_memclr4                          0x0800043d   Thumb Code     0  rt_memclr_w.o(.text)
    __aeabi_memclr8                          0x0800043d   Thumb Code     0  rt_memclr_w.o(.text)
    __rt_memclr_w                            0x0800043d   Thumb Code     0  rt_memclr_w.o(.text)
    _memset_w                                0x08000441   Thumb Code    74  rt_memclr_w.o(.text)
    __use_two_region_memory                  0x0800048b   Thumb Code     2  heapauxi.o(.text)
    __rt_heap_escrow$2region                 0x0800048d   Thumb Code     2  heapauxi.o(.text)
    __rt_heap_expand$2region                 0x0800048f   Thumb Code     2  heapauxi.o(.text)
    _printf_pre_padding                      0x08000491   Thumb Code    44  _printf_pad.o(.text)
    _printf_post_padding                     0x080004bd   Thumb Code    34  _printf_pad.o(.text)
    _printf_truncate_signed                  0x080004df   Thumb Code    18  _printf_truncate.o(.text)
    _printf_truncate_unsigned                0x080004f1   Thumb Code    18  _printf_truncate.o(.text)
    _printf_str                              0x08000503   Thumb Code    82  _printf_str.o(.text)
    _printf_int_dec                          0x08000555   Thumb Code   104  _printf_dec.o(.text)
    _printf_charcount                        0x080005cd   Thumb Code    40  _printf_charcount.o(.text)
    _printf_char_common                      0x080005ff   Thumb Code    32  _printf_char_common.o(.text)
    _sputc                                   0x08000625   Thumb Code    10  _sputc.o(.text)
    _printf_wctomb                           0x08000631   Thumb Code   182  _printf_wctomb.o(.text)
    _printf_longlong_dec                     0x080006ed   Thumb Code   108  _printf_longlong_dec.o(.text)
    _printf_longlong_oct                     0x08000769   Thumb Code    68  _printf_oct_int_ll.o(.text)
    _printf_int_oct                          0x080007ad   Thumb Code    24  _printf_oct_int_ll.o(.text)
    _printf_ll_oct                           0x080007c5   Thumb Code    12  _printf_oct_int_ll.o(.text)
    _printf_longlong_hex                     0x080007d9   Thumb Code    86  _printf_hex_int_ll_ptr.o(.text)
    _printf_int_hex                          0x0800082f   Thumb Code    28  _printf_hex_int_ll_ptr.o(.text)
    _printf_ll_hex                           0x0800084b   Thumb Code    12  _printf_hex_int_ll_ptr.o(.text)
    _printf_hex_ptr                          0x08000857   Thumb Code    18  _printf_hex_int_ll_ptr.o(.text)
    __printf                                 0x0800086d   Thumb Code   388  __printf_flags_ss_wp.o(.text)
    _ll_udiv10                               0x080009f5   Thumb Code   138  lludiv10.o(.text)
    _printf_int_common                       0x08000a7f   Thumb Code   178  _printf_intcommon.o(.text)
    _printf_fp_dec_real                      0x08000ce1   Thumb Code   620  _printf_fp_dec.o(.text)
    _printf_fp_hex_real                      0x08000f4d   Thumb Code   756  _printf_fp_hex.o(.text)
    _printf_cs_common                        0x08001249   Thumb Code    20  _printf_char.o(.text)
    _printf_char                             0x0800125d   Thumb Code    16  _printf_char.o(.text)
    _printf_string                           0x0800126d   Thumb Code     8  _printf_char.o(.text)
    _printf_lcs_common                       0x08001275   Thumb Code    20  _printf_wchar.o(.text)
    _printf_wchar                            0x08001289   Thumb Code    16  _printf_wchar.o(.text)
    _printf_wstring                          0x08001299   Thumb Code     8  _printf_wchar.o(.text)
    _c16rtomb                                0x080012a1   Thumb Code    72  _c16rtomb.o(.text)
    _wcrtomb                                 0x080012a1   Thumb Code     0  _c16rtomb.o(.text)
    __user_setup_stackheap                   0x080012e9   Thumb Code    74  sys_stackheap_outer.o(.text)
    __rt_ctype_table                         0x08001335   Thumb Code    16  rt_ctype_table.o(.text)
    __rt_locale                              0x08001345   Thumb Code     8  rt_locale_intlibspace.o(.text)
    _printf_fp_infnan                        0x0800134d   Thumb Code   112  _printf_fp_infnan.o(.text)
    _btod_etento                             0x080013cd   Thumb Code   224  bigflt0.o(.text)
    exit                                     0x080014b1   Thumb Code    18  exit.o(.text)
    __user_libspace                          0x080014c5   Thumb Code     8  libspace.o(.text)
    __user_perproc_libspace                  0x080014c5   Thumb Code     0  libspace.o(.text)
    __user_perthread_libspace                0x080014c5   Thumb Code     0  libspace.o(.text)
    strcmp                                   0x080014d1   Thumb Code   124  strcmpv7em.o(.text)
    _sys_exit                                0x0800154d   Thumb Code     8  sys_exit.o(.text)
    __I$use$semihosting                      0x08001559   Thumb Code     0  use_no_semi.o(.text)
    __use_no_semihosting_swi                 0x08001559   Thumb Code     2  use_no_semi.o(.text)
    __semihosting_library_function           0x0800155b   Thumb Code     0  indicate_semi.o(.text)
    AveragingData                            0x0800155d   Thumb Code   126  stm32f4xx_it.o(.text.AveragingData)
    BusFault_Handler                         0x080015dd   Thumb Code     4  stm32f4xx_it.o(.text.BusFault_Handler)
    DebugMon_Handler                         0x080015e1   Thumb Code     2  stm32f4xx_it.o(.text.DebugMon_Handler)
    EXTI15_10_IRQHandler                     0x080015e5   Thumb Code    12  stm32f4xx_it.o(.text.EXTI15_10_IRQHandler)
    Error_Handler                            0x080015f1   Thumb Code     6  main.o(.text.Error_Handler)
    GetData                                  0x080015f9   Thumb Code   118  stm32f4xx_it.o(.text.GetData)
    HAL_Delay                                0x08001671   Thumb Code    66  stm32f4xx_hal.o(.text.HAL_Delay)
    HAL_GPIO_EXTI_Callback                   0x080016b5   Thumb Code    10  stm32f4xx_hal_gpio.o(.text.HAL_GPIO_EXTI_Callback)
    HAL_GPIO_EXTI_IRQHandler                 0x080016c1   Thumb Code    56  stm32f4xx_hal_gpio.o(.text.HAL_GPIO_EXTI_IRQHandler)
    HAL_GPIO_Init                            0x080016f9   Thumb Code   866  stm32f4xx_hal_gpio.o(.text.HAL_GPIO_Init)
    HAL_GPIO_WritePin                        0x08001a5d   Thumb Code    46  stm32f4xx_hal_gpio.o(.text.HAL_GPIO_WritePin)
    HAL_GetTick                              0x08001a8d   Thumb Code    12  stm32f4xx_hal.o(.text.HAL_GetTick)
    HAL_I2C_Init                             0x08001a99   Thumb Code   676  stm32f4xx_hal_i2c.o(.text.HAL_I2C_Init)
    HAL_I2C_Master_Transmit                  0x08001d3d   Thumb Code   520  stm32f4xx_hal_i2c.o(.text.HAL_I2C_Master_Transmit)
    HAL_I2C_Mem_Read                         0x08001f45   Thumb Code  1068  stm32f4xx_hal_i2c.o(.text.HAL_I2C_Mem_Read)
    HAL_I2C_Mem_Write                        0x08002371   Thumb Code   528  stm32f4xx_hal_i2c.o(.text.HAL_I2C_Mem_Write)
    HAL_I2C_MspInit                          0x08002581   Thumb Code   144  stm32f4xx_hal_msp.o(.text.HAL_I2C_MspInit)
    HAL_IncTick                              0x08002611   Thumb Code    26  stm32f4xx_hal.o(.text.HAL_IncTick)
    HAL_Init                                 0x0800262d   Thumb Code    54  stm32f4xx_hal.o(.text.HAL_Init)
    HAL_InitTick                             0x08002665   Thumb Code   112  stm32f4xx_hal.o(.text.HAL_InitTick)
    HAL_MspInit                              0x080026d5   Thumb Code    74  stm32f4xx_hal_msp.o(.text.HAL_MspInit)
    HAL_NVIC_EnableIRQ                       0x08002721   Thumb Code    20  stm32f4xx_hal_cortex.o(.text.HAL_NVIC_EnableIRQ)
    HAL_NVIC_SetPriority                     0x08002735   Thumb Code    50  stm32f4xx_hal_cortex.o(.text.HAL_NVIC_SetPriority)
    HAL_NVIC_SetPriorityGrouping             0x08002769   Thumb Code    16  stm32f4xx_hal_cortex.o(.text.HAL_NVIC_SetPriorityGrouping)
    HAL_RCCEx_PeriphCLKConfig                0x08002779   Thumb Code   592  stm32f4xx_hal_rcc_ex.o(.text.HAL_RCCEx_PeriphCLKConfig)
    HAL_RCC_ClockConfig                      0x080029c9   Thumb Code   610  stm32f4xx_hal_rcc.o(.text.HAL_RCC_ClockConfig)
    HAL_RCC_GetHCLKFreq                      0x08002c2d   Thumb Code    12  stm32f4xx_hal_rcc.o(.text.HAL_RCC_GetHCLKFreq)
    HAL_RCC_GetPCLK1Freq                     0x08002c39   Thumb Code    34  stm32f4xx_hal_rcc.o(.text.HAL_RCC_GetPCLK1Freq)
    HAL_RCC_GetPCLK2Freq                     0x08002c5d   Thumb Code    34  stm32f4xx_hal_rcc.o(.text.HAL_RCC_GetPCLK2Freq)
    HAL_RCC_GetSysClockFreq                  0x08002c81   Thumb Code   230  stm32f4xx_hal_rcc.o(.text.HAL_RCC_GetSysClockFreq)
    HAL_RCC_OscConfig                        0x08002d69   Thumb Code  1726  stm32f4xx_hal_rcc.o(.text.HAL_RCC_OscConfig)
    HAL_RTCEx_SetRefClock                    0x08003429   Thumb Code   160  stm32f4xx_hal_rtc_ex.o(.text.HAL_RTCEx_SetRefClock)
    HAL_RTC_Init                             0x080034c9   Thumb Code   234  stm32f4xx_hal_rtc.o(.text.HAL_RTC_Init)
    HAL_RTC_MspInit                          0x080035b5   Thumb Code   158  stm32f4xx_hal_msp.o(.text.HAL_RTC_MspInit)
    HAL_RTC_SetDate                          0x08003655   Thumb Code   294  stm32f4xx_hal_rtc.o(.text.HAL_RTC_SetDate)
    HAL_RTC_SetTime                          0x0800377d   Thumb Code   342  stm32f4xx_hal_rtc.o(.text.HAL_RTC_SetTime)
    HAL_RTC_WaitForSynchro                   0x080038d5   Thumb Code    86  stm32f4xx_hal_rtc.o(.text.HAL_RTC_WaitForSynchro)
    HAL_SYSTICK_Config                       0x0800392d   Thumb Code    16  stm32f4xx_hal_cortex.o(.text.HAL_SYSTICK_Config)
    HAL_UART_Init                            0x0800393d   Thumb Code   154  stm32f4xx_hal_uart.o(.text.HAL_UART_Init)
    HAL_UART_MspInit                         0x080039d9   Thumb Code   142  stm32f4xx_hal_msp.o(.text.HAL_UART_MspInit)
    HAL_UART_Transmit                        0x08003a69   Thumb Code   334  stm32f4xx_hal_uart.o(.text.HAL_UART_Transmit)
    HardFault_Handler                        0x08003bb9   Thumb Code     4  stm32f4xx_it.o(.text.HardFault_Handler)
    MemManage_Handler                        0x08004681   Thumb Code     4  stm32f4xx_it.o(.text.MemManage_Handler)
    NMI_Handler                              0x08004685   Thumb Code     4  stm32f4xx_it.o(.text.NMI_Handler)
    PendSV_Handler                           0x080046f5   Thumb Code     2  stm32f4xx_it.o(.text.PendSV_Handler)
    RTC_ByteToBcd2                           0x080046f9   Thumb Code    66  stm32f4xx_hal_rtc.o(.text.RTC_ByteToBcd2)
    RTC_EnterInitMode                        0x0800473d   Thumb Code   130  stm32f4xx_hal_rtc.o(.text.RTC_EnterInitMode)
    RTC_ExitInitMode                         0x080047c1   Thumb Code    72  stm32f4xx_hal_rtc.o(.text.RTC_ExitInitMode)
    SVC_Handler                              0x08004809   Thumb Code     2  stm32f4xx_it.o(.text.SVC_Handler)
    SysTick_Handler                          0x08004861   Thumb Code   110  stm32f4xx_it.o(.text.SysTick_Handler)
    SystemClock_Config                       0x080048d1   Thumb Code   182  main.o(.text.SystemClock_Config)
    SystemInit                               0x08004989   Thumb Code    18  system_stm32f4xx.o(.text.SystemInit)
    UsageFault_Handler                       0x08004bad   Thumb Code     4  stm32f4xx_it.o(.text.UsageFault_Handler)
    bmp180_get_global_coefficients           0x08004c71   Thumb Code   258  main.o(.text.bmp180_get_global_coefficients)
    bmp180_get_pressure                      0x08004d75   Thumb Code   584  transmit_and_recieve_control.o(.text.bmp180_get_pressure)
    bmp180_get_temperature                   0x08004fc1   Thumb Code   376  transmit_and_recieve_control.o(.text.bmp180_get_temperature)
    bmp180_init                              0x08005139   Thumb Code    94  init_peripherials.o(.text.bmp180_init)
    lcd1602_init                             0x08005199   Thumb Code   128  init_peripherials.o(.text.lcd1602_init)
    lcd1602_send_string                      0x08005219   Thumb Code    36  transmit_and_recieve_control.o(.text.lcd1602_send_string)
    lcd1602_transmit                         0x0800523d   Thumb Code   150  transmit_and_recieve_control.o(.text.lcd1602_transmit)
    lcd1602_transmit_command                 0x080052d5   Thumb Code    24  transmit_and_recieve_control.o(.text.lcd1602_transmit_command)
    lcd1602_transmit_data                    0x080052ed   Thumb Code    24  transmit_and_recieve_control.o(.text.lcd1602_transmit_data)
    main                                     0x08005309   Thumb Code   300  main.o(.text.main)
    rtc_set_time                             0x08005435   Thumb Code   248  date.o(.text.rtc_set_time)
    _btod_d2e                                0x0800552d   Thumb Code    62  btod.o(CL$$btod_d2e)
    _d2e_denorm_low                          0x0800556b   Thumb Code    70  btod.o(CL$$btod_d2e_denorm_low)
    _d2e_norm_op1                            0x080055b1   Thumb Code    96  btod.o(CL$$btod_d2e_norm_op1)
    __btod_div_common                        0x08005611   Thumb Code   696  btod.o(CL$$btod_div_common)
    _e2e                                     0x08005949   Thumb Code   220  btod.o(CL$$btod_e2e)
    _btod_ediv                               0x08005a25   Thumb Code    42  btod.o(CL$$btod_ediv)
    _btod_emul                               0x08005a4f   Thumb Code    42  btod.o(CL$$btod_emul)
    __btod_mult_common                       0x08005a79   Thumb Code   580  btod.o(CL$$btod_mult_common)
    __ARM_fpclassify                         0x08005cbd   Thumb Code    48  fpclassify.o(i.__ARM_fpclassify)
    _is_digit                                0x08005ced   Thumb Code    14  __printf_wp.o(i._is_digit)
    _get_lc_numeric                          0x08005cfd   Thumb Code    44  lc_numeric_c.o(locale$$code)
    _get_lc_ctype                            0x08005d29   Thumb Code    44  lc_ctype_c.o(locale$$code)
    __fpl_dcmp_Inf                           0x08005d55   Thumb Code    24  dcmpi.o(x$fpl$dcmpinf)
    __aeabi_ddiv                             0x08005d6d   Thumb Code     0  ddiv.o(x$fpl$ddiv)
    _ddiv                                    0x08005d6d   Thumb Code   556  ddiv.o(x$fpl$ddiv)
    __aeabi_cdcmpeq                          0x08006021   Thumb Code     0  deqf.o(x$fpl$deqf)
    _dcmpeq                                  0x08006021   Thumb Code   120  deqf.o(x$fpl$deqf)
    __aeabi_i2d                              0x08006099   Thumb Code     0  dflt_clz.o(x$fpl$dflt)
    _dflt                                    0x08006099   Thumb Code    46  dflt_clz.o(x$fpl$dflt)
    __aeabi_cdcmpge                          0x080060c9   Thumb Code     0  dgeqf.o(x$fpl$dgeqf)
    _dcmpge                                  0x080060c9   Thumb Code   120  dgeqf.o(x$fpl$dgeqf)
    __aeabi_cdcmple                          0x08006141   Thumb Code     0  dleqf.o(x$fpl$dleqf)
    _dcmple                                  0x08006141   Thumb Code   120  dleqf.o(x$fpl$dleqf)
    __fpl_dcmple_InfNaN                      0x080061a3   Thumb Code     0  dleqf.o(x$fpl$dleqf)
    __fpl_dnaninf                            0x080061b9   Thumb Code   156  dnaninf.o(x$fpl$dnaninf)
    __fpl_dretinf                            0x08006255   Thumb Code    12  dretinf.o(x$fpl$dretinf)
    __aeabi_f2d                              0x08006261   Thumb Code     0  f2d.o(x$fpl$f2d)
    _f2d                                     0x08006261   Thumb Code    86  f2d.o(x$fpl$f2d)
    __aeabi_dcmpeq                           0x080062b7   Thumb Code     0  dcmp.o(x$fpl$fcmp)
    _deq                                     0x080062b7   Thumb Code    14  dcmp.o(x$fpl$fcmp)
    _dneq                                    0x080062c5   Thumb Code    14  dcmp.o(x$fpl$fcmp)
    __aeabi_dcmpgt                           0x080062d3   Thumb Code     0  dcmp.o(x$fpl$fcmp)
    _dgr                                     0x080062d3   Thumb Code    14  dcmp.o(x$fpl$fcmp)
    __aeabi_dcmpge                           0x080062e1   Thumb Code     0  dcmp.o(x$fpl$fcmp)
    _dgeq                                    0x080062e1   Thumb Code    14  dcmp.o(x$fpl$fcmp)
    __aeabi_dcmple                           0x080062ef   Thumb Code     0  dcmp.o(x$fpl$fcmp)
    _dleq                                    0x080062ef   Thumb Code    14  dcmp.o(x$fpl$fcmp)
    __aeabi_dcmplt                           0x080062fd   Thumb Code     0  dcmp.o(x$fpl$fcmp)
    _dls                                     0x080062fd   Thumb Code    14  dcmp.o(x$fpl$fcmp)
    __fpl_fnaninf                            0x0800630b   Thumb Code   140  fnaninf.o(x$fpl$fnaninf)
    _fp_init                                 0x08006397   Thumb Code    26  fpinit.o(x$fpl$fpinit)
    __fplib_config_fpu_vfp                   0x080063af   Thumb Code     0  fpinit.o(x$fpl$fpinit)
    __fplib_config_pureend_doubles           0x080063af   Thumb Code     0  fpinit.o(x$fpl$fpinit)
    _printf_fp_dec                           0x080063b1   Thumb Code     4  printf1.o(x$fpl$printf1)
    _printf_fp_hex                           0x080063b5   Thumb Code     4  printf2.o(x$fpl$printf2)
    __I$use$fp                               0x080063b8   Number         0  usenofp.o(x$fpl$usenofp)
    AHBPrescTable                            0x080064b4   Data          16  system_stm32f4xx.o(.rodata.AHBPrescTable)
    APBPrescTable                            0x080064c4   Data           8  system_stm32f4xx.o(.rodata.APBPrescTable)
    Region$$Table$$Base                      0x08006610   Number         0  anon$$obj.o(Region$$Table)
    Region$$Table$$Limit                     0x08006630   Number         0  anon$$obj.o(Region$$Table)
    __ctype                                  0x08006659   Data           0  lc_ctype_c.o(locale$$data)
    SystemCoreClock                          0x20000000   Data           4  system_stm32f4xx.o(.data.SystemCoreClock)
    bmp180_addr                              0x20000004   Data           2  main.o(.data.bmp180_addr)
    lcd1604_addr                             0x20000006   Data           2  main.o(.data.lcd1604_addr)
    uwTickFreq                               0x20000008   Data           1  stm32f4xx_hal.o(.data.uwTickFreq)
    uwTickPrio                               0x2000000c   Data           4  stm32f4xx_hal.o(.data.uwTickPrio)
    __libspace_start                         0x20000010   Data          96  libspace.o(.bss)
    AC1                                      0x20000070   Data           2  main.o(.bss.AC1)
    __temporary_stack_top$libspace           0x20000070   Data           0  libspace.o(.bss)
    AC2                                      0x20000072   Data           2  main.o(.bss.AC2)
    AC3                                      0x20000074   Data           2  main.o(.bss.AC3)
    AC4                                      0x20000076   Data           2  main.o(.bss.AC4)
    AC5                                      0x20000078   Data           2  main.o(.bss.AC5)
    AC6                                      0x2000007a   Data           2  main.o(.bss.AC6)
    B1                                       0x2000007c   Data           2  main.o(.bss.B1)
    B2                                       0x2000007e   Data           2  main.o(.bss.B2)
    B5                                       0x20000080   Data           4  main.o(.bss.B5)
    MB                                       0x20000084   Data           2  main.o(.bss.MB)
    MC                                       0x20000086   Data           2  main.o(.bss.MC)
    MD                                       0x20000088   Data           2  main.o(.bss.MD)
    X1                                       0x20000094   Data           4  main.o(.bss.X1)
    X2                                       0x20000098   Data           4  main.o(.bss.X2)
    calib_data                               0x2000009c   Data          22  main.o(.bss.calib_data)
    hi2c1                                    0x200000b4   Data          84  main.o(.bss.hi2c1)
    hrtc                                     0x20000108   Data          32  main.o(.bss.hrtc)
    huart2                                   0x20000128   Data          68  main.o(.bss.huart2)
    pressure_buf                             0x20000190   Data           3  main.o(.bss.pressure_buf)
    temperature_buf                          0x20000198   Data           2  main.o(.bss.temperature_buf)
    uwTick                                   0x2000019c   Data           4  stm32f4xx_hal.o(.bss.uwTick)



==============================================================================

Memory Map of the image

  Image Entry point : 0x08000195

  Load Region LR_IROM1 (Base: 0x08000000, Size: 0x00006770, Max: 0x00080000, ABSOLUTE)

    Execution Region ER_IROM1 (Exec base: 0x08000000, Load base: 0x08000000, Size: 0x0000675c, Max: 0x00080000, ABSOLUTE)

    Exec Addr    Load Addr    Size         Type   Attr      Idx    E Section Name        Object

    0x08000000   0x08000000   0x00000194   Data   RO          935    RESET               startup_stm32f401xe.o
    0x08000194   0x08000194   0x00000008   Code   RO          970  * !!!main             c_w.l(__main.o)
    0x0800019c   0x0800019c   0x00000034   Code   RO         1347    !!!scatter          c_w.l(__scatter.o)
    0x080001d0   0x080001d0   0x0000001a   Code   RO         1349    !!handler_copy      c_w.l(__scatter_copy.o)
    0x080001ea   0x080001ea   0x00000002   PAD
    0x080001ec   0x080001ec   0x0000001c   Code   RO         1351    !!handler_zi        c_w.l(__scatter_zi.o)
    0x08000208   0x08000208   0x00000000   Code   RO         1074    .ARM.Collect$$_printf_percent$$00000000  c_w.l(_printf_percent.o)
    0x08000208   0x08000208   0x00000006   Code   RO         1063    .ARM.Collect$$_printf_percent$$00000001  c_w.l(_printf_n.o)
    0x0800020e   0x0800020e   0x00000006   Code   RO         1065    .ARM.Collect$$_printf_percent$$00000002  c_w.l(_printf_p.o)
    0x08000214   0x08000214   0x00000006   Code   RO         1070    .ARM.Collect$$_printf_percent$$00000003  c_w.l(_printf_f.o)
    0x0800021a   0x0800021a   0x00000006   Code   RO         1071    .ARM.Collect$$_printf_percent$$00000004  c_w.l(_printf_e.o)
    0x08000220   0x08000220   0x00000006   Code   RO         1072    .ARM.Collect$$_printf_percent$$00000005  c_w.l(_printf_g.o)
    0x08000226   0x08000226   0x00000006   Code   RO         1073    .ARM.Collect$$_printf_percent$$00000006  c_w.l(_printf_a.o)
    0x0800022c   0x0800022c   0x0000000a   Code   RO         1078    .ARM.Collect$$_printf_percent$$00000007  c_w.l(_printf_ll.o)
    0x08000236   0x08000236   0x00000006   Code   RO         1067    .ARM.Collect$$_printf_percent$$00000008  c_w.l(_printf_i.o)
    0x0800023c   0x0800023c   0x00000006   Code   RO         1068    .ARM.Collect$$_printf_percent$$00000009  c_w.l(_printf_d.o)
    0x08000242   0x08000242   0x00000006   Code   RO         1069    .ARM.Collect$$_printf_percent$$0000000A  c_w.l(_printf_u.o)
    0x08000248   0x08000248   0x00000006   Code   RO         1066    .ARM.Collect$$_printf_percent$$0000000B  c_w.l(_printf_o.o)
    0x0800024e   0x0800024e   0x00000006   Code   RO         1064    .ARM.Collect$$_printf_percent$$0000000C  c_w.l(_printf_x.o)
    0x08000254   0x08000254   0x00000006   Code   RO         1075    .ARM.Collect$$_printf_percent$$0000000D  c_w.l(_printf_lli.o)
    0x0800025a   0x0800025a   0x00000006   Code   RO         1076    .ARM.Collect$$_printf_percent$$0000000E  c_w.l(_printf_lld.o)
    0x08000260   0x08000260   0x00000006   Code   RO         1077    .ARM.Collect$$_printf_percent$$0000000F  c_w.l(_printf_llu.o)
    0x08000266   0x08000266   0x00000006   Code   RO         1082    .ARM.Collect$$_printf_percent$$00000010  c_w.l(_printf_llo.o)
    0x0800026c   0x0800026c   0x00000006   Code   RO         1083    .ARM.Collect$$_printf_percent$$00000011  c_w.l(_printf_llx.o)
    0x08000272   0x08000272   0x0000000a   Code   RO         1079    .ARM.Collect$$_printf_percent$$00000012  c_w.l(_printf_l.o)
    0x0800027c   0x0800027c   0x00000006   Code   RO         1061    .ARM.Collect$$_printf_percent$$00000013  c_w.l(_printf_c.o)
    0x08000282   0x08000282   0x00000006   Code   RO         1062    .ARM.Collect$$_printf_percent$$00000014  c_w.l(_printf_s.o)
    0x08000288   0x08000288   0x00000006   Code   RO         1080    .ARM.Collect$$_printf_percent$$00000015  c_w.l(_printf_lc.o)
    0x0800028e   0x0800028e   0x00000006   Code   RO         1081    .ARM.Collect$$_printf_percent$$00000016  c_w.l(_printf_ls.o)
    0x08000294   0x08000294   0x00000004   Code   RO         1139    .ARM.Collect$$_printf_percent$$00000017  c_w.l(_printf_percent_end.o)
    0x08000298   0x08000298   0x00000002   Code   RO         1196    .ARM.Collect$$libinit$$00000000  c_w.l(libinit.o)
    0x0800029a   0x0800029a   0x00000004   Code   RO         1219    .ARM.Collect$$libinit$$00000001  c_w.l(libinit2.o)
    0x0800029e   0x0800029e   0x00000000   Code   RO         1222    .ARM.Collect$$libinit$$00000004  c_w.l(libinit2.o)
    0x0800029e   0x0800029e   0x00000000   Code   RO         1224    .ARM.Collect$$libinit$$00000006  c_w.l(libinit2.o)
    0x0800029e   0x0800029e   0x00000000   Code   RO         1227    .ARM.Collect$$libinit$$0000000C  c_w.l(libinit2.o)
    0x0800029e   0x0800029e   0x00000000   Code   RO         1229    .ARM.Collect$$libinit$$0000000E  c_w.l(libinit2.o)
    0x0800029e   0x0800029e   0x00000000   Code   RO         1231    .ARM.Collect$$libinit$$00000010  c_w.l(libinit2.o)
    0x0800029e   0x0800029e   0x00000006   Code   RO         1232    .ARM.Collect$$libinit$$00000011  c_w.l(libinit2.o)
    0x080002a4   0x080002a4   0x00000000   Code   RO         1234    .ARM.Collect$$libinit$$00000013  c_w.l(libinit2.o)
    0x080002a4   0x080002a4   0x0000000c   Code   RO         1235    .ARM.Collect$$libinit$$00000014  c_w.l(libinit2.o)
    0x080002b0   0x080002b0   0x00000000   Code   RO         1236    .ARM.Collect$$libinit$$00000015  c_w.l(libinit2.o)
    0x080002b0   0x080002b0   0x00000000   Code   RO         1238    .ARM.Collect$$libinit$$00000017  c_w.l(libinit2.o)
    0x080002b0   0x080002b0   0x0000000a   Code   RO         1239    .ARM.Collect$$libinit$$00000018  c_w.l(libinit2.o)
    0x080002ba   0x080002ba   0x00000000   Code   RO         1240    .ARM.Collect$$libinit$$00000019  c_w.l(libinit2.o)
    0x080002ba   0x080002ba   0x00000000   Code   RO         1242    .ARM.Collect$$libinit$$0000001B  c_w.l(libinit2.o)
    0x080002ba   0x080002ba   0x00000000   Code   RO         1244    .ARM.Collect$$libinit$$0000001D  c_w.l(libinit2.o)
    0x080002ba   0x080002ba   0x00000000   Code   RO         1246    .ARM.Collect$$libinit$$0000001F  c_w.l(libinit2.o)
    0x080002ba   0x080002ba   0x00000000   Code   RO         1248    .ARM.Collect$$libinit$$00000021  c_w.l(libinit2.o)
    0x080002ba   0x080002ba   0x00000000   Code   RO         1250    .ARM.Collect$$libinit$$00000023  c_w.l(libinit2.o)
    0x080002ba   0x080002ba   0x00000000   Code   RO         1252    .ARM.Collect$$libinit$$00000025  c_w.l(libinit2.o)
    0x080002ba   0x080002ba   0x00000000   Code   RO         1254    .ARM.Collect$$libinit$$00000027  c_w.l(libinit2.o)
    0x080002ba   0x080002ba   0x00000000   Code   RO         1258    .ARM.Collect$$libinit$$0000002E  c_w.l(libinit2.o)
    0x080002ba   0x080002ba   0x00000000   Code   RO         1260    .ARM.Collect$$libinit$$00000030  c_w.l(libinit2.o)
    0x080002ba   0x080002ba   0x00000000   Code   RO         1262    .ARM.Collect$$libinit$$00000032  c_w.l(libinit2.o)
    0x080002ba   0x080002ba   0x00000000   Code   RO         1264    .ARM.Collect$$libinit$$00000034  c_w.l(libinit2.o)
    0x080002ba   0x080002ba   0x00000002   Code   RO         1265    .ARM.Collect$$libinit$$00000035  c_w.l(libinit2.o)
    0x080002bc   0x080002bc   0x00000002   Code   RO         1302    .ARM.Collect$$libshutdown$$00000000  c_w.l(libshutdown.o)
    0x080002be   0x080002be   0x00000000   Code   RO         1330    .ARM.Collect$$libshutdown$$00000002  c_w.l(libshutdown2.o)
    0x080002be   0x080002be   0x00000000   Code   RO         1332    .ARM.Collect$$libshutdown$$00000004  c_w.l(libshutdown2.o)
    0x080002be   0x080002be   0x00000000   Code   RO         1335    .ARM.Collect$$libshutdown$$00000007  c_w.l(libshutdown2.o)
    0x080002be   0x080002be   0x00000000   Code   RO         1338    .ARM.Collect$$libshutdown$$0000000A  c_w.l(libshutdown2.o)
    0x080002be   0x080002be   0x00000000   Code   RO         1340    .ARM.Collect$$libshutdown$$0000000C  c_w.l(libshutdown2.o)
    0x080002be   0x080002be   0x00000000   Code   RO         1343    .ARM.Collect$$libshutdown$$0000000F  c_w.l(libshutdown2.o)
    0x080002be   0x080002be   0x00000002   Code   RO         1344    .ARM.Collect$$libshutdown$$00000010  c_w.l(libshutdown2.o)
    0x080002c0   0x080002c0   0x00000000   Code   RO          986    .ARM.Collect$$rtentry$$00000000  c_w.l(__rtentry.o)
    0x080002c0   0x080002c0   0x00000000   Code   RO         1106    .ARM.Collect$$rtentry$$00000002  c_w.l(__rtentry2.o)
    0x080002c0   0x080002c0   0x00000006   Code   RO         1118    .ARM.Collect$$rtentry$$00000004  c_w.l(__rtentry4.o)
    0x080002c6   0x080002c6   0x00000000   Code   RO         1108    .ARM.Collect$$rtentry$$00000009  c_w.l(__rtentry2.o)
    0x080002c6   0x080002c6   0x00000004   Code   RO         1109    .ARM.Collect$$rtentry$$0000000A  c_w.l(__rtentry2.o)
    0x080002ca   0x080002ca   0x00000000   Code   RO         1111    .ARM.Collect$$rtentry$$0000000C  c_w.l(__rtentry2.o)
    0x080002ca   0x080002ca   0x00000008   Code   RO         1112    .ARM.Collect$$rtentry$$0000000D  c_w.l(__rtentry2.o)
    0x080002d2   0x080002d2   0x00000002   Code   RO         1204    .ARM.Collect$$rtexit$$00000000  c_w.l(rtexit.o)
    0x080002d4   0x080002d4   0x00000000   Code   RO         1271    .ARM.Collect$$rtexit$$00000002  c_w.l(rtexit2.o)
    0x080002d4   0x080002d4   0x00000004   Code   RO         1272    .ARM.Collect$$rtexit$$00000003  c_w.l(rtexit2.o)
    0x080002d8   0x080002d8   0x00000006   Code   RO         1273    .ARM.Collect$$rtexit$$00000004  c_w.l(rtexit2.o)
    0x080002de   0x080002de   0x00000002   PAD
    0x080002e0   0x080002e0   0x00000040   Code   RO          936    .text               startup_stm32f401xe.o
    0x08000320   0x08000320   0x000000f0   Code   RO          958    .text               c_w.l(lludivv7m.o)
    0x08000410   0x08000410   0x0000002c   Code   RO          960    .text               c_w.l(sprintf.o)
    0x0800043c   0x0800043c   0x0000004e   Code   RO          966    .text               c_w.l(rt_memclr_w.o)
    0x0800048a   0x0800048a   0x00000006   Code   RO          968    .text               c_w.l(heapauxi.o)
    0x08000490   0x08000490   0x0000004e   Code   RO          993    .text               c_w.l(_printf_pad.o)
    0x080004de   0x080004de   0x00000024   Code   RO          995    .text               c_w.l(_printf_truncate.o)
    0x08000502   0x08000502   0x00000052   Code   RO          997    .text               c_w.l(_printf_str.o)
    0x08000554   0x08000554   0x00000078   Code   RO          999    .text               c_w.l(_printf_dec.o)
    0x080005cc   0x080005cc   0x00000028   Code   RO         1001    .text               c_w.l(_printf_charcount.o)
    0x080005f4   0x080005f4   0x00000030   Code   RO         1003    .text               c_w.l(_printf_char_common.o)
    0x08000624   0x08000624   0x0000000a   Code   RO         1005    .text               c_w.l(_sputc.o)
    0x0800062e   0x0800062e   0x00000002   PAD
    0x08000630   0x08000630   0x000000bc   Code   RO         1009    .text               c_w.l(_printf_wctomb.o)
    0x080006ec   0x080006ec   0x0000007c   Code   RO         1012    .text               c_w.l(_printf_longlong_dec.o)
    0x08000768   0x08000768   0x00000070   Code   RO         1018    .text               c_w.l(_printf_oct_int_ll.o)
    0x080007d8   0x080007d8   0x00000094   Code   RO         1038    .text               c_w.l(_printf_hex_int_ll_ptr.o)
    0x0800086c   0x0800086c   0x00000188   Code   RO         1058    .text               c_w.l(__printf_flags_ss_wp.o)
    0x080009f4   0x080009f4   0x0000008a   Code   RO         1122    .text               c_w.l(lludiv10.o)
    0x08000a7e   0x08000a7e   0x000000b2   Code   RO         1124    .text               c_w.l(_printf_intcommon.o)
    0x08000b30   0x08000b30   0x0000041c   Code   RO         1126    .text               c_w.l(_printf_fp_dec.o)
    0x08000f4c   0x08000f4c   0x000002fc   Code   RO         1130    .text               c_w.l(_printf_fp_hex.o)
    0x08001248   0x08001248   0x0000002c   Code   RO         1135    .text               c_w.l(_printf_char.o)
    0x08001274   0x08001274   0x0000002c   Code   RO         1137    .text               c_w.l(_printf_wchar.o)
    0x080012a0   0x080012a0   0x00000048   Code   RO         1140    .text               c_w.l(_c16rtomb.o)
    0x080012e8   0x080012e8   0x0000004a   Code   RO         1144    .text               c_w.l(sys_stackheap_outer.o)
    0x08001332   0x08001332   0x00000002   PAD
    0x08001334   0x08001334   0x00000010   Code   RO         1146    .text               c_w.l(rt_ctype_table.o)
    0x08001344   0x08001344   0x00000008   Code   RO         1151    .text               c_w.l(rt_locale_intlibspace.o)
    0x0800134c   0x0800134c   0x00000080   Code   RO         1153    .text               c_w.l(_printf_fp_infnan.o)
    0x080013cc   0x080013cc   0x000000e4   Code   RO         1155    .text               c_w.l(bigflt0.o)
    0x080014b0   0x080014b0   0x00000012   Code   RO         1185    .text               c_w.l(exit.o)
    0x080014c2   0x080014c2   0x00000002   PAD
    0x080014c4   0x080014c4   0x00000008   Code   RO         1201    .text               c_w.l(libspace.o)
    0x080014cc   0x080014cc   0x00000004   PAD
    0x080014d0   0x080014d0   0x0000007c   Code   RO         1217    .text               c_w.l(strcmpv7em.o)
    0x0800154c   0x0800154c   0x0000000c   Code   RO         1266    .text               c_w.l(sys_exit.o)
    0x08001558   0x08001558   0x00000002   Code   RO         1291    .text               c_w.l(use_no_semi.o)
    0x0800155a   0x0800155a   0x00000000   Code   RO         1293    .text               c_w.l(indicate_semi.o)
    0x0800155a   0x0800155a   0x00000002   PAD
    0x0800155c   0x0800155c   0x0000007e   Code   RO          122    .text.AveragingData  stm32f4xx_it.o
    0x080015da   0x080015da   0x00000002   PAD
    0x080015dc   0x080015dc   0x00000004   Code   RO          108    .text.BusFault_Handler  stm32f4xx_it.o
    0x080015e0   0x080015e0   0x00000002   Code   RO          114    .text.DebugMon_Handler  stm32f4xx_it.o
    0x080015e2   0x080015e2   0x00000002   PAD
    0x080015e4   0x080015e4   0x0000000c   Code   RO          124    .text.EXTI15_10_IRQHandler  stm32f4xx_it.o
    0x080015f0   0x080015f0   0x00000006   Code   RO           62    .text.Error_Handler  main.o
    0x080015f6   0x080015f6   0x00000002   PAD
    0x080015f8   0x080015f8   0x00000076   Code   RO          120    .text.GetData       stm32f4xx_it.o
    0x0800166e   0x0800166e   0x00000002   PAD
    0x08001670   0x08001670   0x00000042   Code   RO          180    .text.HAL_Delay     stm32f4xx_hal.o
    0x080016b2   0x080016b2   0x00000002   PAD
    0x080016b4   0x080016b4   0x0000000a   Code   RO          362    .text.HAL_GPIO_EXTI_Callback  stm32f4xx_hal_gpio.o
    0x080016be   0x080016be   0x00000002   PAD
    0x080016c0   0x080016c0   0x00000038   Code   RO          360    .text.HAL_GPIO_EXTI_IRQHandler  stm32f4xx_hal_gpio.o
    0x080016f8   0x080016f8   0x00000362   Code   RO          348    .text.HAL_GPIO_Init  stm32f4xx_hal_gpio.o
    0x08001a5a   0x08001a5a   0x00000002   PAD
    0x08001a5c   0x08001a5c   0x0000002e   Code   RO          354    .text.HAL_GPIO_WritePin  stm32f4xx_hal_gpio.o
    0x08001a8a   0x08001a8a   0x00000002   PAD
    0x08001a8c   0x08001a8c   0x0000000c   Code   RO          172    .text.HAL_GetTick   stm32f4xx_hal.o
    0x08001a98   0x08001a98   0x000002a4   Code   RO          371    .text.HAL_I2C_Init  stm32f4xx_hal_i2c.o
    0x08001d3c   0x08001d3c   0x00000208   Code   RO          379    .text.HAL_I2C_Master_Transmit  stm32f4xx_hal_i2c.o
    0x08001f44   0x08001f44   0x0000042c   Code   RO          425    .text.HAL_I2C_Mem_Read  stm32f4xx_hal_i2c.o
    0x08002370   0x08002370   0x00000210   Code   RO          421    .text.HAL_I2C_Mem_Write  stm32f4xx_hal_i2c.o
    0x08002580   0x08002580   0x00000090   Code   RO          141    .text.HAL_I2C_MspInit  stm32f4xx_hal_msp.o
    0x08002610   0x08002610   0x0000001a   Code   RO          170    .text.HAL_IncTick   stm32f4xx_hal.o
    0x0800262a   0x0800262a   0x00000002   PAD
    0x0800262c   0x0800262c   0x00000036   Code   RO          160    .text.HAL_Init      stm32f4xx_hal.o
    0x08002662   0x08002662   0x00000002   PAD
    0x08002664   0x08002664   0x00000070   Code   RO          162    .text.HAL_InitTick  stm32f4xx_hal.o
    0x080026d4   0x080026d4   0x0000004a   Code   RO          139    .text.HAL_MspInit   stm32f4xx_hal_msp.o
    0x0800271e   0x0800271e   0x00000002   PAD
    0x08002720   0x08002720   0x00000014   Code   RO          236    .text.HAL_NVIC_EnableIRQ  stm32f4xx_hal_cortex.o
    0x08002734   0x08002734   0x00000032   Code   RO          228    .text.HAL_NVIC_SetPriority  stm32f4xx_hal_cortex.o
    0x08002766   0x08002766   0x00000002   PAD
    0x08002768   0x08002768   0x00000010   Code   RO          224    .text.HAL_NVIC_SetPriorityGrouping  stm32f4xx_hal_cortex.o
    0x08002778   0x08002778   0x00000250   Code   RO          654    .text.HAL_RCCEx_PeriphCLKConfig  stm32f4xx_hal_rcc_ex.o
    0x080029c8   0x080029c8   0x00000262   Code   RO          623    .text.HAL_RCC_ClockConfig  stm32f4xx_hal_rcc.o
    0x08002c2a   0x08002c2a   0x00000002   PAD
    0x08002c2c   0x08002c2c   0x0000000c   Code   RO          633    .text.HAL_RCC_GetHCLKFreq  stm32f4xx_hal_rcc.o
    0x08002c38   0x08002c38   0x00000022   Code   RO          635    .text.HAL_RCC_GetPCLK1Freq  stm32f4xx_hal_rcc.o
    0x08002c5a   0x08002c5a   0x00000002   PAD
    0x08002c5c   0x08002c5c   0x00000022   Code   RO          637    .text.HAL_RCC_GetPCLK2Freq  stm32f4xx_hal_rcc.o
    0x08002c7e   0x08002c7e   0x00000002   PAD
    0x08002c80   0x08002c80   0x000000e6   Code   RO          625    .text.HAL_RCC_GetSysClockFreq  stm32f4xx_hal_rcc.o
    0x08002d66   0x08002d66   0x00000002   PAD
    0x08002d68   0x08002d68   0x000006be   Code   RO          621    .text.HAL_RCC_OscConfig  stm32f4xx_hal_rcc.o
    0x08003426   0x08003426   0x00000002   PAD
    0x08003428   0x08003428   0x000000a0   Code   RO          786    .text.HAL_RTCEx_SetRefClock  stm32f4xx_hal_rtc_ex.o
    0x080034c8   0x080034c8   0x000000ea   Code   RO          673    .text.HAL_RTC_Init  stm32f4xx_hal_rtc.o
    0x080035b2   0x080035b2   0x00000002   PAD
    0x080035b4   0x080035b4   0x0000009e   Code   RO          145    .text.HAL_RTC_MspInit  stm32f4xx_hal_msp.o
    0x08003652   0x08003652   0x00000002   PAD
    0x08003654   0x08003654   0x00000126   Code   RO          693    .text.HAL_RTC_SetDate  stm32f4xx_hal_rtc.o
    0x0800377a   0x0800377a   0x00000002   PAD
    0x0800377c   0x0800377c   0x00000156   Code   RO          685    .text.HAL_RTC_SetTime  stm32f4xx_hal_rtc.o
    0x080038d2   0x080038d2   0x00000002   PAD
    0x080038d4   0x080038d4   0x00000056   Code   RO          711    .text.HAL_RTC_WaitForSynchro  stm32f4xx_hal_rtc.o
    0x0800392a   0x0800392a   0x00000002   PAD
    0x0800392c   0x0800392c   0x00000010   Code   RO          248    .text.HAL_SYSTICK_Config  stm32f4xx_hal_cortex.o
    0x0800393c   0x0800393c   0x0000009a   Code   RO          805    .text.HAL_UART_Init  stm32f4xx_hal_uart.o
    0x080039d6   0x080039d6   0x00000002   PAD
    0x080039d8   0x080039d8   0x0000008e   Code   RO          149    .text.HAL_UART_MspInit  stm32f4xx_hal_msp.o
    0x08003a66   0x08003a66   0x00000002   PAD
    0x08003a68   0x08003a68   0x0000014e   Code   RO          821    .text.HAL_UART_Transmit  stm32f4xx_hal_uart.o
    0x08003bb6   0x08003bb6   0x00000002   PAD
    0x08003bb8   0x08003bb8   0x00000004   Code   RO          104    .text.HardFault_Handler  stm32f4xx_it.o
    0x08003bbc   0x08003bbc   0x00000064   Code   RO          531    .text.I2C_IsAcknowledgeFailed  stm32f4xx_hal_i2c.o
    0x08003c20   0x08003c20   0x00000112   Code   RO          383    .text.I2C_MasterRequestWrite  stm32f4xx_hal_i2c.o
    0x08003d32   0x08003d32   0x00000002   PAD
    0x08003d34   0x08003d34   0x000001e2   Code   RO          427    .text.I2C_RequestMemoryRead  stm32f4xx_hal_i2c.o
    0x08003f16   0x08003f16   0x00000002   PAD
    0x08003f18   0x08003f18   0x0000013a   Code   RO          423    .text.I2C_RequestMemoryWrite  stm32f4xx_hal_i2c.o
    0x08004052   0x08004052   0x00000002   PAD
    0x08004054   0x08004054   0x00000096   Code   RO          387    .text.I2C_WaitOnBTFFlagUntilTimeout  stm32f4xx_hal_i2c.o
    0x080040ea   0x080040ea   0x00000002   PAD
    0x080040ec   0x080040ec   0x000000be   Code   RO          381    .text.I2C_WaitOnFlagUntilTimeout  stm32f4xx_hal_i2c.o
    0x080041aa   0x080041aa   0x00000002   PAD
    0x080041ac   0x080041ac   0x00000110   Code   RO          529    .text.I2C_WaitOnMasterAddressFlagUntilTimeout  stm32f4xx_hal_i2c.o
    0x080042bc   0x080042bc   0x000000c6   Code   RO          393    .text.I2C_WaitOnRXNEFlagUntilTimeout  stm32f4xx_hal_i2c.o
    0x08004382   0x08004382   0x00000002   PAD
    0x08004384   0x08004384   0x00000094   Code   RO          385    .text.I2C_WaitOnTXEFlagUntilTimeout  stm32f4xx_hal_i2c.o
    0x08004418   0x08004418   0x00000128   Code   RO           54    .text.MX_GPIO_Init  main.o
    0x08004540   0x08004540   0x00000048   Code   RO           58    .text.MX_I2C1_Init  main.o
    0x08004588   0x08004588   0x000000b8   Code   RO           60    .text.MX_RTC_Init   main.o
    0x08004640   0x08004640   0x00000040   Code   RO           56    .text.MX_USART2_UART_Init  main.o
    0x08004680   0x08004680   0x00000004   Code   RO          106    .text.MemManage_Handler  stm32f4xx_it.o
    0x08004684   0x08004684   0x00000004   Code   RO          102    .text.NMI_Handler   stm32f4xx_it.o
    0x08004688   0x08004688   0x0000006c   Code   RO          234    .text.NVIC_EncodePriority  stm32f4xx_hal_cortex.o
    0x080046f4   0x080046f4   0x00000002   Code   RO          116    .text.PendSV_Handler  stm32f4xx_it.o
    0x080046f6   0x080046f6   0x00000002   PAD
    0x080046f8   0x080046f8   0x00000042   Code   RO          687    .text.RTC_ByteToBcd2  stm32f4xx_hal_rtc.o
    0x0800473a   0x0800473a   0x00000002   PAD
    0x0800473c   0x0800473c   0x00000082   Code   RO          677    .text.RTC_EnterInitMode  stm32f4xx_hal_rtc.o
    0x080047be   0x080047be   0x00000002   PAD
    0x080047c0   0x080047c0   0x00000048   Code   RO          679    .text.RTC_ExitInitMode  stm32f4xx_hal_rtc.o
    0x08004808   0x08004808   0x00000002   Code   RO          112    .text.SVC_Handler   stm32f4xx_it.o
    0x0800480a   0x0800480a   0x00000002   PAD
    0x0800480c   0x0800480c   0x00000052   Code   RO          250    .text.SysTick_Config  stm32f4xx_hal_cortex.o
    0x0800485e   0x0800485e   0x00000002   PAD
    0x08004860   0x08004860   0x0000006e   Code   RO          118    .text.SysTick_Handler  stm32f4xx_it.o
    0x080048ce   0x080048ce   0x00000002   PAD
    0x080048d0   0x080048d0   0x000000b6   Code   RO           52    .text.SystemClock_Config  main.o
    0x08004986   0x08004986   0x00000002   PAD
    0x08004988   0x08004988   0x00000012   Code   RO          943    .text.SystemInit    system_stm32f4xx.o
    0x0800499a   0x0800499a   0x00000002   PAD
    0x0800499c   0x0800499c   0x0000013a   Code   RO          809    .text.UART_SetConfig  stm32f4xx_hal_uart.o
    0x08004ad6   0x08004ad6   0x00000002   PAD
    0x08004ad8   0x08004ad8   0x000000d2   Code   RO          823    .text.UART_WaitOnFlagUntilTimeout  stm32f4xx_hal_uart.o
    0x08004baa   0x08004baa   0x00000002   PAD
    0x08004bac   0x08004bac   0x00000004   Code   RO          110    .text.UsageFault_Handler  stm32f4xx_it.o
    0x08004bb0   0x08004bb0   0x00000030   Code   RO          238    .text.__NVIC_EnableIRQ  stm32f4xx_hal_cortex.o
    0x08004be0   0x08004be0   0x00000010   Code   RO          230    .text.__NVIC_GetPriorityGrouping  stm32f4xx_hal_cortex.o
    0x08004bf0   0x08004bf0   0x00000042   Code   RO          232    .text.__NVIC_SetPriority  stm32f4xx_hal_cortex.o
    0x08004c32   0x08004c32   0x00000002   PAD
    0x08004c34   0x08004c34   0x0000003c   Code   RO          226    .text.__NVIC_SetPriorityGrouping  stm32f4xx_hal_cortex.o
    0x08004c70   0x08004c70   0x00000102   Code   RO           48    .text.bmp180_get_global_coefficients  main.o
    0x08004d72   0x08004d72   0x00000002   PAD
    0x08004d74   0x08004d74   0x00000248   Code   RO           24    .text.bmp180_get_pressure  transmit_and_recieve_control.o
    0x08004fbc   0x08004fbc   0x00000004   PAD
    0x08004fc0   0x08004fc0   0x00000178   Code   RO           22    .text.bmp180_get_temperature  transmit_and_recieve_control.o
    0x08005138   0x08005138   0x0000005e   Code   RO            4    .text.bmp180_init   init_peripherials.o
    0x08005196   0x08005196   0x00000002   PAD
    0x08005198   0x08005198   0x00000080   Code   RO            2    .text.lcd1602_init  init_peripherials.o
    0x08005218   0x08005218   0x00000024   Code   RO           14    .text.lcd1602_send_string  transmit_and_recieve_control.o
    0x0800523c   0x0800523c   0x00000096   Code   RO           18    .text.lcd1602_transmit  transmit_and_recieve_control.o
    0x080052d2   0x080052d2   0x00000002   PAD
    0x080052d4   0x080052d4   0x00000018   Code   RO           20    .text.lcd1602_transmit_command  transmit_and_recieve_control.o
    0x080052ec   0x080052ec   0x00000018   Code   RO           16    .text.lcd1602_transmit_data  transmit_and_recieve_control.o
    0x08005304   0x08005304   0x00000004   PAD
    0x08005308   0x08005308   0x0000012c   Code   RO           50    .text.main          main.o
    0x08005434   0x08005434   0x000000f8   Code   RO           34    .text.rtc_set_time  date.o
    0x0800552c   0x0800552c   0x0000003e   Code   RO         1158    CL$$btod_d2e        c_w.l(btod.o)
    0x0800556a   0x0800556a   0x00000046   Code   RO         1160    CL$$btod_d2e_denorm_low  c_w.l(btod.o)
    0x080055b0   0x080055b0   0x00000060   Code   RO         1159    CL$$btod_d2e_norm_op1  c_w.l(btod.o)
    0x08005610   0x08005610   0x00000338   Code   RO         1168    CL$$btod_div_common  c_w.l(btod.o)
    0x08005948   0x08005948   0x000000dc   Code   RO         1165    CL$$btod_e2e        c_w.l(btod.o)
    0x08005a24   0x08005a24   0x0000002a   Code   RO         1162    CL$$btod_ediv       c_w.l(btod.o)
    0x08005a4e   0x08005a4e   0x0000002a   Code   RO         1161    CL$$btod_emul       c_w.l(btod.o)
    0x08005a78   0x08005a78   0x00000244   Code   RO         1167    CL$$btod_mult_common  c_w.l(btod.o)
    0x08005cbc   0x08005cbc   0x00000030   Code   RO         1199    i.__ARM_fpclassify  m_wm.l(fpclassify.o)
    0x08005cec   0x08005cec   0x0000000e   Code   RO         1051    i._is_digit         c_w.l(__printf_wp.o)
    0x08005cfa   0x08005cfa   0x00000002   PAD
    0x08005cfc   0x08005cfc   0x0000002c   Code   RO         1183    locale$$code        c_w.l(lc_numeric_c.o)
    0x08005d28   0x08005d28   0x0000002c   Code   RO         1211    locale$$code        c_w.l(lc_ctype_c.o)
    0x08005d54   0x08005d54   0x00000018   Code   RO         1142    x$fpl$dcmpinf       fz_wm.l(dcmpi.o)
    0x08005d6c   0x08005d6c   0x000002b4   Code   RO          975    x$fpl$ddiv          fz_wm.l(ddiv.o)
    0x08006020   0x08006020   0x00000078   Code   RO         1084    x$fpl$deqf          fz_wm.l(deqf.o)
    0x08006098   0x08006098   0x0000002e   Code   RO          979    x$fpl$dflt          fz_wm.l(dflt_clz.o)
    0x080060c6   0x080060c6   0x00000002   PAD
    0x080060c8   0x080060c8   0x00000078   Code   RO         1086    x$fpl$dgeqf         fz_wm.l(dgeqf.o)
    0x08006140   0x08006140   0x00000078   Code   RO         1088    x$fpl$dleqf         fz_wm.l(dleqf.o)
    0x080061b8   0x080061b8   0x0000009c   Code   RO         1090    x$fpl$dnaninf       fz_wm.l(dnaninf.o)
    0x08006254   0x08006254   0x0000000c   Code   RO         1092    x$fpl$dretinf       fz_wm.l(dretinf.o)
    0x08006260   0x08006260   0x00000056   Code   RO          984    x$fpl$f2d           fz_wm.l(f2d.o)
    0x080062b6   0x080062b6   0x00000054   Code   RO          972    x$fpl$fcmp          fz_wm.l(dcmp.o)
    0x0800630a   0x0800630a   0x0000008c   Code   RO         1094    x$fpl$fnaninf       fz_wm.l(fnaninf.o)
    0x08006396   0x08006396   0x0000001a   Code   RO         1285    x$fpl$fpinit        fz_wm.l(fpinit.o)
    0x080063b0   0x080063b0   0x00000004   Code   RO         1096    x$fpl$printf1       fz_wm.l(printf1.o)
    0x080063b4   0x080063b4   0x00000004   Code   RO         1098    x$fpl$printf2       fz_wm.l(printf2.o)
    0x080063b8   0x080063b8   0x00000000   Code   RO         1104    x$fpl$usenofp       fz_wm.l(usenofp.o)
    0x080063b8   0x080063b8   0x00000008   Data   RO         1010    .constdata          c_w.l(_printf_wctomb.o)
    0x080063c0   0x080063c0   0x00000028   Data   RO         1039    .constdata          c_w.l(_printf_hex_int_ll_ptr.o)
    0x080063e8   0x080063e8   0x00000011   Data   RO         1059    .constdata          c_w.l(__printf_flags_ss_wp.o)
    0x080063f9   0x080063f9   0x00000026   Data   RO         1131    .constdata          c_w.l(_printf_fp_hex.o)
    0x0800641f   0x0800641f   0x00000001   PAD
    0x08006420   0x08006420   0x00000094   Data   RO         1156    .constdata          c_w.l(bigflt0.o)
    0x080064b4   0x080064b4   0x00000010   Data   RO          948    .rodata.AHBPrescTable  system_stm32f4xx.o
    0x080064c4   0x080064c4   0x00000008   Data   RO          949    .rodata.APBPrescTable  system_stm32f4xx.o
    0x080064cc   0x080064cc   0x0000002c   Data   RO            6    .rodata.str1.1      init_peripherials.o
    0x080064f8   0x080064f8   0x000000ef   Data   RO           26    .rodata.str1.1      transmit_and_recieve_control.o
    0x080065e7   0x080065e7   0x0000000f   Data   RO           38    .rodata.str1.1      date.o
    0x080065f6   0x080065f6   0x00000017   Data   RO           70    .rodata.str1.1      main.o
    0x0800660d   0x0800660d   0x00000003   PAD
    0x08006610   0x08006610   0x00000020   Data   RO         1346    Region$$Table       anon$$obj.o
    0x08006630   0x08006630   0x0000001c   Data   RO         1182    locale$$data        c_w.l(lc_numeric_c.o)
    0x0800664c   0x0800664c   0x00000110   Data   RO         1210    locale$$data        c_w.l(lc_ctype_c.o)


    Execution Region RW_IRAM1 (Exec base: 0x20000000, Load base: 0x08006760, Size: 0x000007a0, Max: 0x00018000, ABSOLUTE)

    Exec Addr    Load Addr    Size         Type   Attr      Idx    E Section Name        Object

    0x20000000   0x08006760   0x00000004   Data   RW          947    .data.SystemCoreClock  system_stm32f4xx.o
    0x20000004   0x08006764   0x00000002   Data   RW           65    .data.bmp180_addr   main.o
    0x20000006   0x08006766   0x00000002   Data   RW           64    .data.lcd1604_addr  main.o
    0x20000008   0x08006768   0x00000001   Data   RW          215    .data.uwTickFreq    stm32f4xx_hal.o
    0x20000009   0x08006769   0x00000003   PAD
    0x2000000c   0x0800676c   0x00000004   Data   RW          214    .data.uwTickPrio    stm32f4xx_hal.o
    0x20000010        -       0x00000060   Zero   RW         1202    .bss                c_w.l(libspace.o)
    0x20000070        -       0x00000002   Zero   RW           73    .bss.AC1            main.o
    0x20000072        -       0x00000002   Zero   RW           74    .bss.AC2            main.o
    0x20000074        -       0x00000002   Zero   RW           75    .bss.AC3            main.o
    0x20000076        -       0x00000002   Zero   RW           76    .bss.AC4            main.o
    0x20000078        -       0x00000002   Zero   RW           77    .bss.AC5            main.o
    0x2000007a        -       0x00000002   Zero   RW           78    .bss.AC6            main.o
    0x2000007c        -       0x00000002   Zero   RW           79    .bss.B1             main.o
    0x2000007e        -       0x00000002   Zero   RW           80    .bss.B2             main.o
    0x20000080        -       0x00000004   Zero   RW           68    .bss.B5             main.o
    0x20000084        -       0x00000002   Zero   RW           81    .bss.MB             main.o
    0x20000086        -       0x00000002   Zero   RW           82    .bss.MC             main.o
    0x20000088        -       0x00000002   Zero   RW           83    .bss.MD             main.o
    0x2000008a   0x08006770   0x00000002   PAD
    0x2000008c        -       0x00000004   Zero   RW          128    .bss.SysTick_1Sec_Counter  stm32f4xx_it.o
    0x20000090        -       0x00000004   Zero   RW          129    .bss.SysTick_20Sec_Counter  stm32f4xx_it.o
    0x20000094        -       0x00000004   Zero   RW           66    .bss.X1             main.o
    0x20000098        -       0x00000004   Zero   RW           67    .bss.X2             main.o
    0x2000009c        -       0x00000016   Zero   RW           72    .bss.calib_data     main.o
    0x200000b2   0x08006770   0x00000002   PAD
    0x200000b4        -       0x00000054   Zero   RW           69    .bss.hi2c1          main.o
    0x20000108        -       0x00000020   Zero   RW           87    .bss.hrtc           main.o
    0x20000128        -       0x00000044   Zero   RW           71    .bss.huart2         main.o
    0x2000016c        -       0x00000020   Zero   RW           85    .bss.msg_lcd        main.o
    0x2000018c        -       0x00000004   Zero   RW           86    .bss.pressure       main.o
    0x20000190        -       0x00000003   Zero   RW           89    .bss.pressure_buf   main.o
    0x20000193   0x08006770   0x00000001   PAD
    0x20000194        -       0x00000004   Zero   RW           84    .bss.temperature    main.o
    0x20000198        -       0x00000002   Zero   RW           88    .bss.temperature_buf  main.o
    0x2000019a   0x08006770   0x00000002   PAD
    0x2000019c        -       0x00000004   Zero   RW          216    .bss.uwTick         stm32f4xx_hal.o
    0x200001a0        -       0x00000200   Zero   RW          934    HEAP                startup_stm32f401xe.o
    0x200003a0        -       0x00000400   Zero   RW          933    STACK               startup_stm32f401xe.o


==============================================================================

Image component sizes


      Code (inc. data)   RO Data    RW Data    ZI Data      Debug   Object Name

       248          0         15          0          0       1762   date.o
       222          0         44          0          0       1019   init_peripherials.o
      1362         12         23          4        285      12343   main.o
        64         26        404          0       1536        864   startup_stm32f401xe.o
       270          0          0          5          4       6921   stm32f4xx_hal.o
       482          0          0          0          0       9171   stm32f4xx_hal_cortex.o
       978          0          0          0          0       5287   stm32f4xx_hal_gpio.o
      4920          0          0          0          0      37436   stm32f4xx_hal_i2c.o
       518          0          0          0          0       8720   stm32f4xx_hal_msp.o
      2646          0          0          0          0       7827   stm32f4xx_hal_rcc.o
       592          0          0          0          0       4502   stm32f4xx_hal_rcc_ex.o
      1224          0          0          0          0      10142   stm32f4xx_hal_rtc.o
       160          0          0          0          0      11520   stm32f4xx_hal_rtc_ex.o
      1012          0          0          0          0      20308   stm32f4xx_hal_uart.o
       392          0          0          0          8       2837   stm32f4xx_it.o
        18          0         24          4          0       2675   system_stm32f4xx.o
      1194         36        239          0          0       2375   transmit_and_recieve_control.o

    ----------------------------------------------------------------------
     16400         78        784         16       1840     145709   Object Totals
         0          0         32          0          0          0   (incl. Generated)
        98          4          3          3          7          0   (incl. Padding)

    ----------------------------------------------------------------------

      Code (inc. data)   RO Data    RW Data    ZI Data      Debug   Library Member Name

         8          0          0          0          0         68   __main.o
       392          4         17          0          0         92   __printf_flags_ss_wp.o
        14          0          0          0          0         68   __printf_wp.o
         0          0          0          0          0          0   __rtentry.o
        12          0          0          0          0          0   __rtentry2.o
         6          0          0          0          0          0   __rtentry4.o
        52          8          0          0          0          0   __scatter.o
        26          0          0          0          0          0   __scatter_copy.o
        28          0          0          0          0          0   __scatter_zi.o
        72          0          0          0          0         96   _c16rtomb.o
         6          0          0          0          0          0   _printf_a.o
         6          0          0          0          0          0   _printf_c.o
        44          0          0          0          0        108   _printf_char.o
        48          6          0          0          0         96   _printf_char_common.o
        40          0          0          0          0         68   _printf_charcount.o
         6          0          0          0          0          0   _printf_d.o
       120         16          0          0          0         92   _printf_dec.o
         6          0          0          0          0          0   _printf_e.o
         6          0          0          0          0          0   _printf_f.o
      1052          0          0          0          0        148   _printf_fp_dec.o
       764          8         38          0          0        100   _printf_fp_hex.o
       128         16          0          0          0         84   _printf_fp_infnan.o
         6          0          0          0          0          0   _printf_g.o
       148          4         40          0          0        160   _printf_hex_int_ll_ptr.o
         6          0          0          0          0          0   _printf_i.o
       178          0          0          0          0         88   _printf_intcommon.o
        10          0          0          0          0          0   _printf_l.o
         6          0          0          0          0          0   _printf_lc.o
        10          0          0          0          0          0   _printf_ll.o
         6          0          0          0          0          0   _printf_lld.o
         6          0          0          0          0          0   _printf_lli.o
         6          0          0          0          0          0   _printf_llo.o
         6          0          0          0          0          0   _printf_llu.o
         6          0          0          0          0          0   _printf_llx.o
       124         16          0          0          0         92   _printf_longlong_dec.o
         6          0          0          0          0          0   _printf_ls.o
         6          0          0          0          0          0   _printf_n.o
         6          0          0          0          0          0   _printf_o.o
       112          8          0          0          0        124   _printf_oct_int_ll.o
         6          0          0          0          0          0   _printf_p.o
        78          0          0          0          0        108   _printf_pad.o
         0          0          0          0          0          0   _printf_percent.o
         4          0          0          0          0          0   _printf_percent_end.o
         6          0          0          0          0          0   _printf_s.o
        82          0          0          0          0         80   _printf_str.o
        36          0          0          0          0         84   _printf_truncate.o
         6          0          0          0          0          0   _printf_u.o
        44          0          0          0          0        108   _printf_wchar.o
       188          6          8          0          0         92   _printf_wctomb.o
         6          0          0          0          0          0   _printf_x.o
        10          0          0          0          0         68   _sputc.o
       228          4        148          0          0         96   bigflt0.o
      1936        128          0          0          0        668   btod.o
        18          0          0          0          0         80   exit.o
         6          0          0          0          0        152   heapauxi.o
         0          0          0          0          0          0   indicate_semi.o
        44         10        272          0          0         76   lc_ctype_c.o
        44         10         28          0          0         76   lc_numeric_c.o
         2          0          0          0          0          0   libinit.o
        34          0          0          0          0          0   libinit2.o
         2          0          0          0          0          0   libshutdown.o
         2          0          0          0          0          0   libshutdown2.o
         8          4          0          0         96         68   libspace.o
       138          0          0          0          0         80   lludiv10.o
       240          0          0          0          0        100   lludivv7m.o
        16          4          0          0          0         76   rt_ctype_table.o
         8          4          0          0          0         68   rt_locale_intlibspace.o
        78          0          0          0          0         80   rt_memclr_w.o
         2          0          0          0          0          0   rtexit.o
        10          0          0          0          0          0   rtexit2.o
        44          6          0          0          0         84   sprintf.o
       124          0          0          0          0         88   strcmpv7em.o
        12          4          0          0          0         68   sys_exit.o
        74          0          0          0          0         80   sys_stackheap_outer.o
         2          0          0          0          0         68   use_no_semi.o
        84          0          0          0          0        244   dcmp.o
        24          0          0          0          0        116   dcmpi.o
       692        140          0          0          0        264   ddiv.o
       120          4          0          0          0        140   deqf.o
        46          0          0          0          0        116   dflt_clz.o
       120          4          0          0          0        140   dgeqf.o
       120          4          0          0          0        140   dleqf.o
       156          4          0          0          0        140   dnaninf.o
        12          0          0          0          0        116   dretinf.o
        86          4          0          0          0        132   f2d.o
       140          4          0          0          0        132   fnaninf.o
        26          0          0          0          0        116   fpinit.o
         4          0          0          0          0        116   printf1.o
         4          0          0          0          0        116   printf2.o
         0          0          0          0          0          0   usenofp.o
        48          0          0          0          0        124   fpclassify.o

    ----------------------------------------------------------------------
      8724        434        552          0         96       6184   Library Totals
        20          4          1          0          0          0   (incl. Padding)

    ----------------------------------------------------------------------

      Code (inc. data)   RO Data    RW Data    ZI Data      Debug   Library Name

      7022        266        551          0         96       4032   c_w.l
      1634        164          0          0          0       2028   fz_wm.l
        48          0          0          0          0        124   m_wm.l

    ----------------------------------------------------------------------
      8724        434        552          0         96       6184   Library Totals

    ----------------------------------------------------------------------

==============================================================================


      Code (inc. data)   RO Data    RW Data    ZI Data      Debug   

     25124        512       1336         16       1936     148161   Grand Totals
     25124        512       1336         16       1936     148161   ELF Image Totals
     25124        512       1336         16          0          0   ROM Totals

==============================================================================

    Total RO  Size (Code + RO Data)                26460 (  25.84kB)
    Total RW  Size (RW Data + ZI Data)              1952 (   1.91kB)
    Total ROM Size (Code + RO Data + RW Data)      26476 (  25.86kB)

==============================================================================

