Component: Arm Compiler for Embedded 6.19 Tool: armlink [5e73cb00]

==============================================================================

Section Cross References

    main.o(.text.LCD_SendString) refers to main.o(.text.TransmitData) for TransmitData
    main.o(.ARM.exidx.text.LCD_SendString) refers to main.o(.text.LCD_SendString) for [Anonymous Symbol]
    main.o(.text.TransmitData) refers to main.o(.text.Transmit) for Transmit
    main.o(.ARM.exidx.text.TransmitData) refers to main.o(.text.TransmitData) for [Anonymous Symbol]
    main.o(.text.main) refers to stm32f4xx_hal.o(.text.HAL_Init) for HAL_Init
    main.o(.text.main) refers to main.o(.text.SystemClock_Config) for SystemClock_Config
    main.o(.text.main) refers to main.o(.text.MX_GPIO_Init) for MX_GPIO_Init
    main.o(.text.main) refers to main.o(.text.MX_USART2_UART_Init) for MX_USART2_UART_Init
    main.o(.text.main) refers to main.o(.text.MX_I2C1_Init) for MX_I2C1_Init
    main.o(.text.main) refers to main.o(.text.FindAddress) for FindAddress
    main.o(.text.main) refers to main.o(.text.LCD_Init) for LCD_Init
    main.o(.text.main) refers to main.o(.text.TransmitCmd) for TransmitCmd
    main.o(.text.main) refers to main.o(.rodata.str1.1) for .L.str
    main.o(.text.main) refers to main.o(.text.LCD_SendString) for LCD_SendString
    main.o(.ARM.exidx.text.main) refers to main.o(.text.main) for [Anonymous Symbol]
    main.o(.text.SystemClock_Config) refers to rt_memclr_w.o(.text) for __aeabi_memclr4
    main.o(.text.SystemClock_Config) refers to stm32f4xx_hal_rcc.o(.text.HAL_RCC_OscConfig) for HAL_RCC_OscConfig
    main.o(.text.SystemClock_Config) refers to main.o(.text.Error_Handler) for Error_Handler
    main.o(.text.SystemClock_Config) refers to stm32f4xx_hal_rcc.o(.text.HAL_RCC_ClockConfig) for HAL_RCC_ClockConfig
    main.o(.ARM.exidx.text.SystemClock_Config) refers to main.o(.text.SystemClock_Config) for [Anonymous Symbol]
    main.o(.text.MX_GPIO_Init) refers to stm32f4xx_hal_gpio.o(.text.HAL_GPIO_WritePin) for HAL_GPIO_WritePin
    main.o(.text.MX_GPIO_Init) refers to stm32f4xx_hal_gpio.o(.text.HAL_GPIO_Init) for HAL_GPIO_Init
    main.o(.text.MX_GPIO_Init) refers to stm32f4xx_hal_cortex.o(.text.HAL_NVIC_SetPriority) for HAL_NVIC_SetPriority
    main.o(.text.MX_GPIO_Init) refers to stm32f4xx_hal_cortex.o(.text.HAL_NVIC_EnableIRQ) for HAL_NVIC_EnableIRQ
    main.o(.ARM.exidx.text.MX_GPIO_Init) refers to main.o(.text.MX_GPIO_Init) for [Anonymous Symbol]
    main.o(.text.MX_USART2_UART_Init) refers to main.o(.bss.huart2) for huart2
    main.o(.text.MX_USART2_UART_Init) refers to stm32f4xx_hal_uart.o(.text.HAL_UART_Init) for HAL_UART_Init
    main.o(.text.MX_USART2_UART_Init) refers to main.o(.text.Error_Handler) for Error_Handler
    main.o(.ARM.exidx.text.MX_USART2_UART_Init) refers to main.o(.text.MX_USART2_UART_Init) for [Anonymous Symbol]
    main.o(.text.MX_I2C1_Init) refers to main.o(.bss.hi2c1) for hi2c1
    main.o(.text.MX_I2C1_Init) refers to stm32f4xx_hal_i2c.o(.text.HAL_I2C_Init) for HAL_I2C_Init
    main.o(.text.MX_I2C1_Init) refers to main.o(.text.Error_Handler) for Error_Handler
    main.o(.ARM.exidx.text.MX_I2C1_Init) refers to main.o(.text.MX_I2C1_Init) for [Anonymous Symbol]
    main.o(.text.FindAddress) refers to rt_memclr.o(.text) for __aeabi_memclr
    main.o(.text.FindAddress) refers to main.o(.bss.hi2c1) for hi2c1
    main.o(.text.FindAddress) refers to stm32f4xx_hal_i2c.o(.text.HAL_I2C_IsDeviceReady) for HAL_I2C_IsDeviceReady
    main.o(.text.FindAddress) refers to main.o(.bss.addr) for addr
    main.o(.text.FindAddress) refers to main.o(.rodata.str1.1) for .L.str.1
    main.o(.text.FindAddress) refers to snprintf.o(.text) for snprintf
    main.o(.text.FindAddress) refers to main.o(.bss.huart2) for huart2
    main.o(.text.FindAddress) refers to stm32f4xx_hal_uart.o(.text.HAL_UART_Transmit) for HAL_UART_Transmit
    main.o(.ARM.exidx.text.FindAddress) refers to main.o(.text.FindAddress) for [Anonymous Symbol]
    main.o(.text.LCD_Init) refers to stm32f4xx_hal.o(.text.HAL_Delay) for HAL_Delay
    main.o(.text.LCD_Init) refers to main.o(.text.TransmitCmd) for TransmitCmd
    main.o(.ARM.exidx.text.LCD_Init) refers to main.o(.text.LCD_Init) for [Anonymous Symbol]
    main.o(.text.TransmitCmd) refers to main.o(.text.Transmit) for Transmit
    main.o(.ARM.exidx.text.TransmitCmd) refers to main.o(.text.TransmitCmd) for [Anonymous Symbol]
    main.o(.ARM.exidx.text.Error_Handler) refers to main.o(.text.Error_Handler) for [Anonymous Symbol]
    main.o(.text.Transmit) refers to main.o(.bss.addr) for addr
    main.o(.text.Transmit) refers to main.o(.bss.hi2c1) for hi2c1
    main.o(.text.Transmit) refers to stm32f4xx_hal_i2c.o(.text.HAL_I2C_Master_Transmit) for HAL_I2C_Master_Transmit
    main.o(.text.Transmit) refers to stm32f4xx_hal.o(.text.HAL_Delay) for HAL_Delay
    main.o(.ARM.exidx.text.Transmit) refers to main.o(.text.Transmit) for [Anonymous Symbol]
[...]
    .ARM.Collect$$libinit$$0000001D          0x080002ba   Section        0  libinit2.o(.ARM.Collect$$libinit$$0000001D)
    .ARM.Collect$$libinit$$0000001F          0x080002ba   Section        0  libinit2.o(.ARM.Collect$$libinit$$0000001F)
    .ARM.Collect$$libinit$$00000021          0x080002ba   Section        0  libinit2.o(.ARM.Collect$$libinit$$00000021)
    .ARM.Collect$$libinit$$00000023          0x080002ba   Section        0  libinit2.o(.ARM.Collect$$libinit$$00000023)
    .ARM.Collect$$libinit$$00000025          0x080002ba   Section        0  libinit2.o(.ARM.Collect$$libinit$$00000025)
    .ARM.Collect$$libinit$$00000027          0x080002ba   Section        0  libinit2.o(.ARM.Collect$$libinit$$00000027)
    .ARM.Collect$$libinit$$0000002E          0x080002ba   Section        0  libinit2.o(.ARM.Collect$$libinit$$0000002E)
    .ARM.Collect$$libinit$$00000030          0x080002ba   Section        0  libinit2.o(.ARM.Collect$$libinit$$00000030)
    .ARM.Collect$$libinit$$00000032          0x080002ba   Section        0  libinit2.o(.ARM.Collect$$libinit$$00000032)
    .ARM.Collect$$libinit$$00000034          0x080002ba   Section        0  libinit2.o(.ARM.Collect$$libinit$$00000034)
    .ARM.Collect$$libinit$$00000035          0x080002ba   Section        2  libinit2.o(.ARM.Collect$$libinit$$00000035)
    .ARM.Collect$$libshutdown$$00000000      0x080002bc   Section        2  libshutdown.o(.ARM.Collect$$libshutdown$$00000000)
    .ARM.Collect$$libshutdown$$00000002      0x080002be   Section        0  libshutdown2.o(.ARM.Collect$$libshutdown$$00000002)
    .ARM.Collect$$libshutdown$$00000004      0x080002be   Section        0  libshutdown2.o(.ARM.Collect$$libshutdown$$00000004)
    .ARM.Collect$$libshutdown$$00000007      0x080002be   Section        0  libshutdown2.o(.ARM.Collect$$libshutdown$$00000007)
    .ARM.Collect$$libshutdown$$0000000A      0x080002be   Section        0  libshutdown2.o(.ARM.Collect$$libshutdown$$0000000A)
    .ARM.Collect$$libshutdown$$0000000C      0x080002be   Section        0  libshutdown2.o(.ARM.Collect$$libshutdown$$0000000C)
    .ARM.Collect$$libshutdown$$0000000F      0x080002be   Section        0  libshutdown2.o(.ARM.Collect$$libshutdown$$0000000F)
    .ARM.Collect$$libshutdown$$00000010      0x080002be   Section        2  libshutdown2.o(.ARM.Collect$$libshutdown$$00000010)
    .ARM.Collect$$rtentry$$00000000          0x080002c0   Section        0  __rtentry.o(.ARM.Collect$$rtentry$$00000000)
    .ARM.Collect$$rtentry$$00000002          0x080002c0   Section        0  __rtentry2.o(.ARM.Collect$$rtentry$$00000002)
    .ARM.Collect$$rtentry$$00000004          0x080002c0   Section        6  __rtentry4.o(.ARM.Collect$$rtentry$$00000004)
    .ARM.Collect$$rtentry$$00000009          0x080002c6   Section        0  __rtentry2.o(.ARM.Collect$$rtentry$$00000009)
    .ARM.Collect$$rtentry$$0000000A          0x080002c6   Section        4  __rtentry2.o(.ARM.Collect$$rtentry$$0000000A)
    .ARM.Collect$$rtentry$$0000000C          0x080002ca   Section        0  __rtentry2.o(.ARM.Collect$$rtentry$$0000000C)
    .ARM.Collect$$rtentry$$0000000D          0x080002ca   Section        8  __rtentry2.o(.ARM.Collect$$rtentry$$0000000D)
    .ARM.Collect$$rtexit$$00000000           0x080002d2   Section        2  rtexit.o(.ARM.Collect$$rtexit$$00000000)
    .ARM.Collect$$rtexit$$00000002           0x080002d4   Section        0  rtexit2.o(.ARM.Collect$$rtexit$$00000002)
    .ARM.Collect$$rtexit$$00000003           0x080002d4   Section        4  rtexit2.o(.ARM.Collect$$rtexit$$00000003)
    .ARM.Collect$$rtexit$$00000004           0x080002d8   Section        6  rtexit2.o(.ARM.Collect$$rtexit$$00000004)
    $v0                                      0x080002e0   Number         0  startup_stm32f401xe.o(.text)
    .text                                    0x080002e0   Section       64  startup_stm32f401xe.o(.text)
    .text                                    0x08000320   Section      240  lludivv7m.o(.text)
    .text                                    0x08000410   Section        0  snprintf.o(.text)
    .text                                    0x08000450   Section       68  rt_memclr.o(.text)
    .text                                    0x08000494   Section       78  rt_memclr_w.o(.text)
    .text                                    0x080004e2   Section        0  heapauxi.o(.text)
    .text                                    0x080004e8   Section        0  _printf_pad.o(.text)
    .text                                    0x08000536   Section        0  _printf_truncate.o(.text)
    .text                                    0x0800055a   Section        0  _printf_str.o(.text)
    .text                                    0x080005ac   Section        0  _printf_dec.o(.text)
    .text                                    0x08000624   Section        0  _printf_charcount.o(.text)
    _printf_input_char                       0x0800064d   Thumb Code    10  _printf_char_common.o(.text)
    .text                                    0x0800064c   Section        0  _printf_char_common.o(.text)
    .text                                    0x0800067c   Section        0  _snputc.o(.text)
    .text                                    0x0800068c   Section        0  _printf_wctomb.o(.text)
    .text                                    0x08000748   Section        0  _printf_longlong_dec.o(.text)
    _printf_longlong_oct_internal            0x080007c5   Thumb Code     0  _printf_oct_int_ll.o(.text)
    .text                                    0x080007c4   Section        0  _printf_oct_int_ll.o(.text)
    _printf_hex_common                       0x08000835   Thumb Code     0  _printf_hex_int_ll_ptr.o(.text)
    .text                                    0x08000834   Section        0  _printf_hex_int_ll_ptr.o(.text)
    .text                                    0x080008c8   Section        0  __printf_flags_ss_wp.o(.text)
    .text                                    0x08000a50   Section      138  lludiv10.o(.text)
    .text                                    0x08000ada   Section        0  _printf_intcommon.o(.text)
    _fp_digits                               0x08000b8d   Thumb Code   432  _printf_fp_dec.o(.text)
    .text                                    0x08000b8c   Section        0  _printf_fp_dec.o(.text)
    .text                                    0x08000fa8   Section        0  _printf_fp_hex.o(.text)
    .text                                    0x080012a4   Section        0  _printf_char.o(.text)
    .text                                    0x080012d0   Section        0  _printf_wchar.o(.text)
    .text                                    0x080012fc   Section        0  _c16rtomb.o(.text)
    .text                                    0x08001344   Section       74  sys_stackheap_outer.o(.text)
    .text                                    0x08001390   Section       16  rt_ctype_table.o(.text)
    .text                                    0x080013a0   Section        8  rt_locale_intlibspace.o(.text)
    .text                                    0x080013a8   Section        0  _printf_fp_infnan.o(.text)
    .text                                    0x08001428   Section        0  bigflt0.o(.text)
    .text                                    0x0800150c   Section        0  exit.o(.text)
    .text                                    0x08001520   Section        8  libspace.o(.text)
    .text                                    0x08001528   Section      124  strcmpv7em.o(.text)
    .text                                    0x080015a4   Section        0  sys_exit.o(.text)
    .text                                    0x080015b0   Section        2  use_no_semi.o(.text)
    .text                                    0x080015b2   Section        0  indicate_semi.o(.text)
    [Anonymous Symbol]                       0x080015b4   Section        0  stm32f4xx_it.o(.text.BusFault_Handler)
    [Anonymous Symbol]                       0x080015b8   Section        0  stm32f4xx_it.o(.text.DebugMon_Handler)
    [Anonymous Symbol]                       0x080015bc   Section        0  stm32f4xx_it.o(.text.EXTI15_10_IRQHandler)
    [Anonymous Symbol]                       0x080015e4   Section        0  main.o(.text.Error_Handler)
    FindAddress                              0x080015ed   Thumb Code   168  main.o(.text.FindAddress)
    [Anonymous Symbol]                       0x080015ec   Section        0  main.o(.text.FindAddress)
    [Anonymous Symbol]                       0x08001694   Section        0  stm32f4xx_hal.o(.text.HAL_Delay)
    [Anonymous Symbol]                       0x080016d8   Section        0  stm32f4xx_hal_gpio.o(.text.HAL_GPIO_EXTI_Callback)
    [Anonymous Symbol]                       0x080016e4   Section        0  stm32f4xx_hal_gpio.o(.text.HAL_GPIO_EXTI_IRQHandler)
    [Anonymous Symbol]                       0x0800171c   Section        0  stm32f4xx_hal_gpio.o(.text.HAL_GPIO_Init)
    [Anonymous Symbol]                       0x08001a80   Section        0  stm32f4xx_hal_gpio.o(.text.HAL_GPIO_WritePin)
    [Anonymous Symbol]                       0x08001ab0   Section        0  stm32f4xx_hal.o(.text.HAL_GetTick)
    [Anonymous Symbol]                       0x08001abc   Section        0  stm32f4xx_hal_i2c.o(.text.HAL_I2C_Init)
    [Anonymous Symbol]                       0x08001d60   Section        0  stm32f4xx_hal_i2c.o(.text.HAL_I2C_IsDeviceReady)
    [Anonymous Symbol]                       0x08001fec   Section        0  stm32f4xx_hal_i2c.o(.text.HAL_I2C_Master_Transmit)
    [Anonymous Symbol]                       0x080021f4   Section        0  stm32f4xx_hal_msp.o(.text.HAL_I2C_MspInit)
    [Anonymous Symbol]                       0x08002284   Section        0  stm32f4xx_hal.o(.text.HAL_IncTick)
    [Anonymous Symbol]                       0x080022a0   Section        0  stm32f4xx_hal.o(.text.HAL_Init)
    [Anonymous Symbol]                       0x080022d8   Section        0  stm32f4xx_hal.o(.text.HAL_InitTick)
    [Anonymous Symbol]                       0x08002348   Section        0  stm32f4xx_hal_msp.o(.text.HAL_MspInit)
    [Anonymous Symbol]                       0x08002394   Section        0  stm32f4xx_hal_cortex.o(.text.HAL_NVIC_EnableIRQ)
    [Anonymous Symbol]                       0x080023a8   Section        0  stm32f4xx_hal_cortex.o(.text.HAL_NVIC_SetPriority)
    [Anonymous Symbol]                       0x080023dc   Section        0  stm32f4xx_hal_cortex.o(.text.HAL_NVIC_SetPriorityGrouping)
    [Anonymous Symbol]                       0x080023ec   Section        0  stm32f4xx_hal_rcc.o(.text.HAL_RCC_ClockConfig)
    [Anonymous Symbol]                       0x08002650   Section        0  stm32f4xx_hal_rcc.o(.text.HAL_RCC_GetHCLKFreq)
    [Anonymous Symbol]                       0x0800265c   Section        0  stm32f4xx_hal_rcc.o(.text.HAL_RCC_GetPCLK1Freq)
    [Anonymous Symbol]                       0x08002680   Section        0  stm32f4xx_hal_rcc.o(.text.HAL_RCC_GetPCLK2Freq)
    [Anonymous Symbol]                       0x080026a4   Section        0  stm32f4xx_hal_rcc.o(.text.HAL_RCC_GetSysClockFreq)
    [Anonymous Symbol]                       0x0800278c   Section        0  stm32f4xx_hal_rcc.o(.text.HAL_RCC_OscConfig)
    [Anonymous Symbol]                       0x08002e4c   Section        0  stm32f4xx_hal_cortex.o(.text.HAL_SYSTICK_Config)
    [Anonymous Symbol]                       0x08002e5c   Section        0  stm32f4xx_hal_uart.o(.text.HAL_UART_Init)
    [Anonymous Symbol]                       0x08002ef8   Section        0  stm32f4xx_hal_msp.o(.text.HAL_UART_MspInit)
    [Anonymous Symbol]                       0x08002f88   Section        0  stm32f4xx_hal_uart.o(.text.HAL_UART_Transmit)
    [Anonymous Symbol]                       0x080030d8   Section        0  stm32f4xx_it.o(.text.HardFault_Handler)
    I2C_IsAcknowledgeFailed                  0x080030dd   Thumb Code   100  stm32f4xx_hal_i2c.o(.text.I2C_IsAcknowledgeFailed)
    [Anonymous Symbol]                       0x080030dc   Section        0  stm32f4xx_hal_i2c.o(.text.I2C_IsAcknowledgeFailed)
    I2C_MasterRequestWrite                   0x08003141   Thumb Code   274  stm32f4xx_hal_i2c.o(.text.I2C_MasterRequestWrite)
    [Anonymous Symbol]                       0x08003140   Section        0  stm32f4xx_hal_i2c.o(.text.I2C_MasterRequestWrite)
    I2C_WaitOnBTFFlagUntilTimeout            0x08003255   Thumb Code   150  stm32f4xx_hal_i2c.o(.text.I2C_WaitOnBTFFlagUntilTimeout)
    [Anonymous Symbol]                       0x08003254   Section        0  stm32f4xx_hal_i2c.o(.text.I2C_WaitOnBTFFlagUntilTimeout)
    I2C_WaitOnFlagUntilTimeout               0x080032ed   Thumb Code   190  stm32f4xx_hal_i2c.o(.text.I2C_WaitOnFlagUntilTimeout)
    [Anonymous Symbol]                       0x080032ec   Section        0  stm32f4xx_hal_i2c.o(.text.I2C_WaitOnFlagUntilTimeout)
    I2C_WaitOnMasterAddressFlagUntilTimeout  0x080033ad   Thumb Code   272  stm32f4xx_hal_i2c.o(.text.I2C_WaitOnMasterAddressFlagUntilTimeout)
    [Anonymous Symbol]                       0x080033ac   Section        0  stm32f4xx_hal_i2c.o(.text.I2C_WaitOnMasterAddressFlagUntilTimeout)
    I2C_WaitOnTXEFlagUntilTimeout            0x080034bd   Thumb Code   148  stm32f4xx_hal_i2c.o(.text.I2C_WaitOnTXEFlagUntilTimeout)
    [Anonymous Symbol]                       0x080034bc   Section        0  stm32f4xx_hal_i2c.o(.text.I2C_WaitOnTXEFlagUntilTimeout)
    LCD_Init                                 0x08003551   Thumb Code   102  main.o(.text.LCD_Init)
    [Anonymous Symbol]                       0x08003550   Section        0  main.o(.text.LCD_Init)
    [Anonymous Symbol]                       0x080035b8   Section        0  main.o(.text.LCD_SendString)
    MX_GPIO_Init                             0x080035dd   Thumb Code   248  main.o(.text.MX_GPIO_Init)
    [Anonymous Symbol]                       0x080035dc   Section        0  main.o(.text.MX_GPIO_Init)
    MX_I2C1_Init                             0x080036d5   Thumb Code    72  main.o(.text.MX_I2C1_Init)
    [Anonymous Symbol]                       0x080036d4   Section        0  main.o(.text.MX_I2C1_Init)
    MX_USART2_UART_Init                      0x0800371d   Thumb Code    64  main.o(.text.MX_USART2_UART_Init)
    [Anonymous Symbol]                       0x0800371c   Section        0  main.o(.text.MX_USART2_UART_Init)
    [Anonymous Symbol]                       0x0800375c   Section        0  stm32f4xx_it.o(.text.MemManage_Handler)
    [Anonymous Symbol]                       0x08003760   Section        0  stm32f4xx_it.o(.text.NMI_Handler)
    NVIC_EncodePriority                      0x08003765   Thumb Code   108  stm32f4xx_hal_cortex.o(.text.NVIC_EncodePriority)
    [Anonymous Symbol]                       0x08003764   Section        0  stm32f4xx_hal_cortex.o(.text.NVIC_EncodePriority)
    [Anonymous Symbol]                       0x080037d0   Section        0  stm32f4xx_it.o(.text.PendSV_Handler)
    [Anonymous Symbol]                       0x080037d4   Section        0  stm32f4xx_it.o(.text.SVC_Handler)
    SysTick_Config                           0x080037d9   Thumb Code    82  stm32f4xx_hal_cortex.o(.text.SysTick_Config)
    [Anonymous Symbol]                       0x080037d8   Section        0  stm32f4xx_hal_cortex.o(.text.SysTick_Config)
    [Anonymous Symbol]                       0x0800382c   Section        0  stm32f4xx_it.o(.text.SysTick_Handler)
    [Anonymous Symbol]                       0x080038c8   Section        0  main.o(.text.SystemClock_Config)
    [Anonymous Symbol]                       0x0800397c   Section        0  system_stm32f4xx.o(.text.SystemInit)
    Transmit                                 0x08003991   Thumb Code   150  main.o(.text.Transmit)
    [Anonymous Symbol]                       0x08003990   Section        0  main.o(.text.Transmit)
    TransmitCmd                              0x08003a29   Thumb Code    22  main.o(.text.TransmitCmd)
    [Anonymous Symbol]                       0x08003a28   Section        0  main.o(.text.TransmitCmd)
    TransmitData                             0x08003a41   Thumb Code    22  main.o(.text.TransmitData)
    [Anonymous Symbol]                       0x08003a40   Section        0  main.o(.text.TransmitData)
    UART_SetConfig                           0x08003a59   Thumb Code   314  stm32f4xx_hal_uart.o(.text.UART_SetConfig)
    [Anonymous Symbol]                       0x08003a58   Section        0  stm32f4xx_hal_uart.o(.text.UART_SetConfig)
    UART_WaitOnFlagUntilTimeout              0x08003b95   Thumb Code   210  stm32f4xx_hal_uart.o(.text.UART_WaitOnFlagUntilTimeout)
    [Anonymous Symbol]                       0x08003b94   Section        0  stm32f4xx_hal_uart.o(.text.UART_WaitOnFlagUntilTimeout)
    [Anonymous Symbol]                       0x08003c68   Section        0  stm32f4xx_it.o(.text.UsageFault_Handler)
    __NVIC_EnableIRQ                         0x08003c6d   Thumb Code    48  stm32f4xx_hal_cortex.o(.text.__NVIC_EnableIRQ)
    [Anonymous Symbol]                       0x08003c6c   Section        0  stm32f4xx_hal_cortex.o(.text.__NVIC_EnableIRQ)
    __NVIC_GetPriorityGrouping               0x08003c9d   Thumb Code    16  stm32f4xx_hal_cortex.o(.text.__NVIC_GetPriorityGrouping)
    [Anonymous Symbol]                       0x08003c9c   Section        0  stm32f4xx_hal_cortex.o(.text.__NVIC_GetPriorityGrouping)
    __NVIC_SetPriority                       0x08003cad   Thumb Code    66  stm32f4xx_hal_cortex.o(.text.__NVIC_SetPriority)
    [Anonymous Symbol]                       0x08003cac   Section        0  stm32f4xx_hal_cortex.o(.text.__NVIC_SetPriority)
    __NVIC_SetPriorityGrouping               0x08003cf1   Thumb Code    60  stm32f4xx_hal_cortex.o(.text.__NVIC_SetPriorityGrouping)
    [Anonymous Symbol]                       0x08003cf0   Section        0  stm32f4xx_hal_cortex.o(.text.__NVIC_SetPriorityGrouping)
    [Anonymous Symbol]                       0x08003d2c   Section        0  main.o(.text.main)
    CL$$btod_d2e                             0x08003d66   Section       62  btod.o(CL$$btod_d2e)
    CL$$btod_d2e_denorm_low                  0x08003da4   Section       70  btod.o(CL$$btod_d2e_denorm_low)
    CL$$btod_d2e_norm_op1                    0x08003dea   Section       96  btod.o(CL$$btod_d2e_norm_op1)
    CL$$btod_div_common                      0x08003e4c   Section      824  btod.o(CL$$btod_div_common)
    CL$$btod_e2e                             0x08004184   Section      220  btod.o(CL$$btod_e2e)
    CL$$btod_ediv                            0x08004260   Section       42  btod.o(CL$$btod_ediv)
    CL$$btod_emul                            0x0800428a   Section       42  btod.o(CL$$btod_emul)
    CL$$btod_mult_common                     0x080042b4   Section      580  btod.o(CL$$btod_mult_common)
    i.__ARM_fpclassify                       0x080044f8   Section        0  fpclassify.o(i.__ARM_fpclassify)
    i._is_digit                              0x08004528   Section        0  __printf_wp.o(i._is_digit)
    locale$$code                             0x08004538   Section       44  lc_numeric_c.o(locale$$code)
    locale$$code                             0x08004564   Section       44  lc_ctype_c.o(locale$$code)
    $v0                                      0x08004590   Number         0  fpinit.o(x$fpl$fpinit)
    x$fpl$fpinit                             0x08004590   Section       26  fpinit.o(x$fpl$fpinit)
    $v0                                      0x080045aa   Number         0  printf1.o(x$fpl$printf1)
    x$fpl$printf1                            0x080045aa   Section        4  printf1.o(x$fpl$printf1)
    $v0                                      0x080045ae   Number         0  printf2.o(x$fpl$printf2)
    x$fpl$printf2                            0x080045ae   Section        4  printf2.o(x$fpl$printf2)
    x$fpl$usenofp                            0x080045b2   Section        0  usenofp.o(x$fpl$usenofp)
    initial_mbstate                          0x080045b4   Data           8  _printf_wctomb.o(.constdata)
    .constdata                               0x080045b4   Section        8  _printf_wctomb.o(.constdata)
    uc_hextab                                0x080045bc   Data          20  _printf_hex_int_ll_ptr.o(.constdata)
    .constdata                               0x080045bc   Section       40  _printf_hex_int_ll_ptr.o(.constdata)
    lc_hextab                                0x080045d0   Data          20  _printf_hex_int_ll_ptr.o(.constdata)
    maptable                                 0x080045e4   Data          17  __printf_flags_ss_wp.o(.constdata)
    .constdata                               0x080045e4   Section       17  __printf_flags_ss_wp.o(.constdata)
    lc_hextab                                0x080045f5   Data          19  _printf_fp_hex.o(.constdata)
    .constdata                               0x080045f5   Section       38  _printf_fp_hex.o(.constdata)
    uc_hextab                                0x08004608   Data          19  _printf_fp_hex.o(.constdata)
    tenpwrs_x                                0x0800461c   Data          60  bigflt0.o(.constdata)
    .constdata                               0x0800461c   Section      148  bigflt0.o(.constdata)
    tenpwrs_i                                0x08004658   Data          64  bigflt0.o(.constdata)
    .L.str.1                                 0x080046c8   Data           7  main.o(.rodata.str1.1)
    [Anonymous Symbol]                       0x080046c8   Section        0  main.o(.rodata.str1.1)
    .L.str                                   0x080046cf   Data           5  main.o(.rodata.str1.1)
    .L.str.2                                 0x080046d4   Data           9  stm32f4xx_it.o(.rodata.str1.1)
    [Anonymous Symbol]                       0x080046d4   Section        0  stm32f4xx_it.o(.rodata.str1.1)
    .L.str.1                                 0x080046dd   Data           6  stm32f4xx_it.o(.rodata.str1.1)
    .L.str                                   0x080046e3   Data           5  stm32f4xx_it.o(.rodata.str1.1)
    .L.str.2                                 0x080046e5   Data           3  stm32f4xx_it.o(.rodata.str1.1)
    locale$$data                             0x08004708   Section       28  lc_numeric_c.o(locale$$data)
    __lcnum_c_name                           0x0800470c   Data           2  lc_numeric_c.o(locale$$data)
    __lcnum_c_start                          0x08004714   Data           0  lc_numeric_c.o(locale$$data)
    __lcnum_c_point                          0x08004720   Data           0  lc_numeric_c.o(locale$$data)
    __lcnum_c_thousands                      0x08004722   Data           0  lc_numeric_c.o(locale$$data)
    __lcnum_c_grouping                       0x08004723   Data           0  lc_numeric_c.o(locale$$data)
    __lcnum_c_end                            0x08004724   Data           0  lc_numeric_c.o(locale$$data)
    locale$$data                             0x08004724   Section      272  lc_ctype_c.o(locale$$data)
    __lcctype_c_name                         0x08004728   Data           2  lc_ctype_c.o(locale$$data)
    __lcctype_c_start                        0x08004730   Data           0  lc_ctype_c.o(locale$$data)
    __lcctype_c_end                          0x08004834   Data           0  lc_ctype_c.o(locale$$data)
    .bss                                     0x20000010   Section       96  libspace.o(.bss)
    addr                                     0x20000078   Data           2  main.o(.bss.addr)
    [Anonymous Symbol]                       0x20000078   Section        0  main.o(.bss.addr)
    Heap_Mem                                 0x20000118   Data         512  startup_stm32f401xe.o(HEAP)
    HEAP                                     0x20000118   Section      512  startup_stm32f401xe.o(HEAP)
    Stack_Mem                                0x20000318   Data        1024  startup_stm32f401xe.o(STACK)
    STACK                                    0x20000318   Section     1024  startup_stm32f401xe.o(STACK)
    __initial_sp                             0x20000718   Data           0  startup_stm32f401xe.o(STACK)

    Global Symbols

    Symbol Name                              Value     Ov Type        Size  Object(Section)

    BuildAttributes$$THM_ISAv4$E$P$D$K$B$S$7EM$VFPi3$EXTD16$VFPS$VFMA$PE$A:L22UL41UL21$X:L11$S22US41US21$IEEE1$IW$~IW$USESV6$~STKCKD$USESV7$~SHL$OTIME$ROPI$IEEEJ$EBA8$UX$STANDARDLIB$REQ8$PRES8$EABIv2 0x00000000   Number         0  anon$$obj.o ABSOLUTE
    _printf_flags                            0x00000000   Number         0  printf_stubs.o ABSOLUTE
    _printf_return_value                     0x00000000   Number         0  printf_stubs.o ABSOLUTE
    _printf_sizespec                         0x00000000   Number         0  printf_stubs.o ABSOLUTE
    _printf_widthprec                        0x00000000   Number         0  printf_stubs.o ABSOLUTE
    __ARM_exceptions_init                     - Undefined Weak Reference
    __alloca_initialize                       - Undefined Weak Reference
    __arm_preinit_                            - Undefined Weak Reference
    __arm_relocate_pie_                       - Undefined Weak Reference
    __cpp_initialize__aeabi_                  - Undefined Weak Reference
    __cxa_finalize                            - Undefined Weak Reference
    __sigvec_lookup                           - Undefined Weak Reference
    _atexit_init                              - Undefined Weak Reference
    _call_atexit_fns                          - Undefined Weak Reference
    _clock_init                               - Undefined Weak Reference
    _fp_trap_init                             - Undefined Weak Reference
    _fp_trap_shutdown                         - Undefined Weak Reference
    _get_lc_collate                           - Undefined Weak Reference
    _get_lc_monetary                          - Undefined Weak Reference
    _get_lc_time                              - Undefined Weak Reference
    _getenv_init                              - Undefined Weak Reference
    _handle_redirection                       - Undefined Weak Reference
    _init_alloc                               - Undefined Weak Reference
    _init_user_alloc                          - Undefined Weak Reference
    _initio                                   - Undefined Weak Reference
    _printf_mbtowc                            - Undefined Weak Reference
    _printf_wc                                - Undefined Weak Reference
    _rand_init                                - Undefined Weak Reference
    _signal_finish                            - Undefined Weak Reference
    _signal_init                              - Undefined Weak Reference
    _terminate_alloc                          - Undefined Weak Reference
    _terminate_user_alloc                     - Undefined Weak Reference
    _terminateio                              - Undefined Weak Reference
    __Vectors_Size                           0x00000194   Number         0  startup_stm32f401xe.o ABSOLUTE
    __Vectors                                0x08000000   Data           4  startup_stm32f401xe.o(RESET)
    __Vectors_End                            0x08000194   Data           0  startup_stm32f401xe.o(RESET)
    __main                                   0x08000195   Thumb Code     8  __main.o(!!!main)
    __scatterload                            0x0800019d   Thumb Code     0  __scatter.o(!!!scatter)
    __scatterload_rt2                        0x0800019d   Thumb Code    44  __scatter.o(!!!scatter)
    __scatterload_rt2_thumb_only             0x0800019d   Thumb Code     0  __scatter.o(!!!scatter)
    __scatterload_null                       0x080001ab   Thumb Code     0  __scatter.o(!!!scatter)
    __scatterload_copy                       0x080001d1   Thumb Code    26  __scatter_copy.o(!!handler_copy)
    __scatterload_zeroinit                   0x080001ed   Thumb Code    28  __scatter_zi.o(!!handler_zi)
    _printf_n                                0x08000209   Thumb Code     0  _printf_n.o(.ARM.Collect$$_printf_percent$$00000001)
    _printf_percent                          0x08000209   Thumb Code     0  _printf_percent.o(.ARM.Collect$$_printf_percent$$00000000)
    _printf_p                                0x0800020f   Thumb Code     0  _printf_p.o(.ARM.Collect$$_printf_percent$$00000002)
    _printf_f                                0x08000215   Thumb Code     0  _printf_f.o(.ARM.Collect$$_printf_percent$$00000003)
    _printf_e                                0x0800021b   Thumb Code     0  _printf_e.o(.ARM.Collect$$_printf_percent$$00000004)
    _printf_g                                0x08000221   Thumb Code     0  _printf_g.o(.ARM.Collect$$_printf_percent$$00000005)
    _printf_a                                0x08000227   Thumb Code     0  _printf_a.o(.ARM.Collect$$_printf_percent$$00000006)
    _printf_ll                               0x0800022d   Thumb Code     0  _printf_ll.o(.ARM.Collect$$_printf_percent$$00000007)
    _printf_i                                0x08000237   Thumb Code     0  _printf_i.o(.ARM.Collect$$_printf_percent$$00000008)
    _printf_d                                0x0800023d   Thumb Code     0  _printf_d.o(.ARM.Collect$$_printf_percent$$00000009)
    _printf_u                                0x08000243   Thumb Code     0  _printf_u.o(.ARM.Collect$$_printf_percent$$0000000A)
    _printf_o                                0x08000249   Thumb Code     0  _printf_o.o(.ARM.Collect$$_printf_percent$$0000000B)
    _printf_x                                0x0800024f   Thumb Code     0  _printf_x.o(.ARM.Collect$$_printf_percent$$0000000C)
    _printf_lli                              0x08000255   Thumb Code     0  _printf_lli.o(.ARM.Collect$$_printf_percent$$0000000D)
    _printf_lld                              0x0800025b   Thumb Code     0  _printf_lld.o(.ARM.Collect$$_printf_percent$$0000000E)
    _printf_llu                              0x08000261   Thumb Code     0  _printf_llu.o(.ARM.Collect$$_printf_percent$$0000000F)
    _printf_llo                              0x08000267   Thumb Code     0  _printf_llo.o(.ARM.Collect$$_printf_percent$$00000010)
    _printf_llx                              0x0800026d   Thumb Code     0  _printf_llx.o(.ARM.Collect$$_printf_percent$$00000011)
    _printf_l                                0x08000273   Thumb Code     0  _printf_l.o(.ARM.Collect$$_printf_percent$$00000012)
    _printf_c                                0x0800027d   Thumb Code     0  _printf_c.o(.ARM.Collect$$_printf_percent$$00000013)
    _printf_s                                0x08000283   Thumb Code     0  _printf_s.o(.ARM.Collect$$_printf_percent$$00000014)
    _printf_lc                               0x08000289   Thumb Code     0  _printf_lc.o(.ARM.Collect$$_printf_percent$$00000015)
    _printf_ls                               0x0800028f   Thumb Code     0  _printf_ls.o(.ARM.Collect$$_printf_percent$$00000016)
    _printf_percent_end                      0x08000295   Thumb Code     0  _printf_percent_end.o(.ARM.Collect$$_printf_percent$$00000017)
    __rt_lib_init                            0x08000299   Thumb Code     0  libinit.o(.ARM.Collect$$libinit$$00000000)
    __rt_lib_init_fp_1                       0x0800029b   Thumb Code     0  libinit2.o(.ARM.Collect$$libinit$$00000001)
    __rt_lib_init_heap_1                     0x0800029f   Thumb Code     0  libinit2.o(.ARM.Collect$$libinit$$0000000C)
    __rt_lib_init_lc_common                  0x0800029f   Thumb Code     0  libinit2.o(.ARM.Collect$$libinit$$00000011)
    __rt_lib_init_preinit_1                  0x0800029f   Thumb Code     0  libinit2.o(.ARM.Collect$$libinit$$00000006)
    __rt_lib_init_rand_1                     0x0800029f   Thumb Code     0  libinit2.o(.ARM.Collect$$libinit$$00000010)
    __rt_lib_init_relocate_pie_1             0x0800029f   Thumb Code     0  libinit2.o(.ARM.Collect$$libinit$$00000004)
    __rt_lib_init_user_alloc_1               0x0800029f   Thumb Code     0  libinit2.o(.ARM.Collect$$libinit$$0000000E)
    __rt_lib_init_lc_collate_1               0x080002a5   Thumb Code     0  libinit2.o(.ARM.Collect$$libinit$$00000013)
    __rt_lib_init_lc_ctype_2                 0x080002a5   Thumb Code     0  libinit2.o(.ARM.Collect$$libinit$$00000014)
    __rt_lib_init_lc_ctype_1                 0x080002b1   Thumb Code     0  libinit2.o(.ARM.Collect$$libinit$$00000015)
    __rt_lib_init_lc_monetary_1              0x080002b1   Thumb Code     0  libinit2.o(.ARM.Collect$$libinit$$00000017)
    __rt_lib_init_lc_numeric_2               0x080002b1   Thumb Code     0  libinit2.o(.ARM.Collect$$libinit$$00000018)
    __rt_lib_init_alloca_1                   0x080002bb   Thumb Code     0  libinit2.o(.ARM.Collect$$libinit$$00000030)
    __rt_lib_init_argv_1                     0x080002bb   Thumb Code     0  libinit2.o(.ARM.Collect$$libinit$$0000002E)
    __rt_lib_init_atexit_1                   0x080002bb   Thumb Code     0  libinit2.o(.ARM.Collect$$libinit$$0000001D)
    __rt_lib_init_clock_1                    0x080002bb   Thumb Code     0  libinit2.o(.ARM.Collect$$libinit$$00000023)
    __rt_lib_init_cpp_1                      0x080002bb   Thumb Code     0  libinit2.o(.ARM.Collect$$libinit$$00000034)
    __rt_lib_init_exceptions_1               0x080002bb   Thumb Code     0  libinit2.o(.ARM.Collect$$libinit$$00000032)
    __rt_lib_init_fp_trap_1                  0x080002bb   Thumb Code     0  libinit2.o(.ARM.Collect$$libinit$$00000021)
    __rt_lib_init_getenv_1                   0x080002bb   Thumb Code     0  libinit2.o(.ARM.Collect$$libinit$$00000025)
    __rt_lib_init_lc_numeric_1               0x080002bb   Thumb Code     0  libinit2.o(.ARM.Collect$$libinit$$00000019)
    __rt_lib_init_lc_time_1                  0x080002bb   Thumb Code     0  libinit2.o(.ARM.Collect$$libinit$$0000001B)
    __rt_lib_init_return                     0x080002bb   Thumb Code     0  libinit2.o(.ARM.Collect$$libinit$$00000035)
    __rt_lib_init_signal_1                   0x080002bb   Thumb Code     0  libinit2.o(.ARM.Collect$$libinit$$0000001F)
    __rt_lib_init_stdio_1                    0x080002bb   Thumb Code     0  libinit2.o(.ARM.Collect$$libinit$$00000027)
    __rt_lib_shutdown                        0x080002bd   Thumb Code     0  libshutdown.o(.ARM.Collect$$libshutdown$$00000000)
    __rt_lib_shutdown_cpp_1                  0x080002bf   Thumb Code     0  libshutdown2.o(.ARM.Collect$$libshutdown$$00000002)
    __rt_lib_shutdown_fp_trap_1              0x080002bf   Thumb Code     0  libshutdown2.o(.ARM.Collect$$libshutdown$$00000007)
    __rt_lib_shutdown_heap_1                 0x080002bf   Thumb Code     0  libshutdown2.o(.ARM.Collect$$libshutdown$$0000000F)
    __rt_lib_shutdown_return                 0x080002bf   Thumb Code     0  libshutdown2.o(.ARM.Collect$$libshutdown$$00000010)
    __rt_lib_shutdown_signal_1               0x080002bf   Thumb Code     0  libshutdown2.o(.ARM.Collect$$libshutdown$$0000000A)
    __rt_lib_shutdown_stdio_1                0x080002bf   Thumb Code     0  libshutdown2.o(.ARM.Collect$$libshutdown$$00000004)
    __rt_lib_shutdown_user_alloc_1           0x080002bf   Thumb Code     0  libshutdown2.o(.ARM.Collect$$libshutdown$$0000000C)
    __rt_entry                               0x080002c1   Thumb Code     0  __rtentry.o(.ARM.Collect$$rtentry$$00000000)
    __rt_entry_presh_1                       0x080002c1   Thumb Code     0  __rtentry2.o(.ARM.Collect$$rtentry$$00000002)
    __rt_entry_sh                            0x080002c1   Thumb Code     0  __rtentry4.o(.ARM.Collect$$rtentry$$00000004)
    __rt_entry_li                            0x080002c7   Thumb Code     0  __rtentry2.o(.ARM.Collect$$rtentry$$0000000A)
    __rt_entry_postsh_1                      0x080002c7   Thumb Code     0  __rtentry2.o(.ARM.Collect$$rtentry$$00000009)
    __rt_entry_main                          0x080002cb   Thumb Code     0  __rtentry2.o(.ARM.Collect$$rtentry$$0000000D)
    __rt_entry_postli_1                      0x080002cb   Thumb Code     0  __rtentry2.o(.ARM.Collect$$rtentry$$0000000C)
    __rt_exit                                0x080002d3   Thumb Code     0  rtexit.o(.ARM.Collect$$rtexit$$00000000)
    __rt_exit_ls                             0x080002d5   Thumb Code     0  rtexit2.o(.ARM.Collect$$rtexit$$00000003)
    __rt_exit_prels_1                        0x080002d5   Thumb Code     0  rtexit2.o(.ARM.Collect$$rtexit$$00000002)
    __rt_exit_exit                           0x080002d9   Thumb Code     0  rtexit2.o(.ARM.Collect$$rtexit$$00000004)
    Reset_Handler                            0x080002e1   Thumb Code     8  startup_stm32f401xe.o(.text)
    ADC_IRQHandler                           0x080002fb   Thumb Code     0  startup_stm32f401xe.o(.text)
    DMA1_Stream0_IRQHandler                  0x080002fb   Thumb Code     0  startup_stm32f401xe.o(.text)
    DMA1_Stream1_IRQHandler                  0x080002fb   Thumb Code     0  startup_stm32f401xe.o(.text)
    DMA1_Stream2_IRQHandler                  0x080002fb   Thumb Code     0  startup_stm32f401xe.o(.text)
    DMA1_Stream3_IRQHandler                  0x080002fb   Thumb Code     0  startup_stm32f401xe.o(.text)
    DMA1_Stream4_IRQHandler                  0x080002fb   Thumb Code     0  startup_stm32f401xe.o(.text)
    DMA1_Stream5_IRQHandler                  0x080002fb   Thumb Code     0  startup_stm32f401xe.o(.text)
    DMA1_Stream6_IRQHandler                  0x080002fb   Thumb Code     0  startup_stm32f401xe.o(.text)
    DMA1_Stream7_IRQHandler                  0x080002fb   Thumb Code     0  startup_stm32f401xe.o(.text)
    DMA2_Stream0_IRQHandler                  0x080002fb   Thumb Code     0  startup_stm32f401xe.o(.text)
    DMA2_Stream1_IRQHandler                  0x080002fb   Thumb Code     0  startup_stm32f401xe.o(.text)
    DMA2_Stream2_IRQHandler                  0x080002fb   Thumb Code     0  startup_stm32f401xe.o(.text)
    DMA2_Stream3_IRQHandler                  0x080002fb   Thumb Code     0  startup_stm32f401xe.o(.text)
    DMA2_Stream4_IRQHandler                  0x080002fb   Thumb Code     0  startup_stm32f401xe.o(.text)
    DMA2_Stream5_IRQHandler                  0x080002fb   Thumb Code     0  startup_stm32f401xe.o(.text)
    DMA2_Stream6_IRQHandler                  0x080002fb   Thumb Code     0  startup_stm32f401xe.o(.text)
    DMA2_Stream7_IRQHandler                  0x080002fb   Thumb Code     0  startup_stm32f401xe.o(.text)
    EXTI0_IRQHandler                         0x080002fb   Thumb Code     0  startup_stm32f401xe.o(.text)
    EXTI1_IRQHandler                         0x080002fb   Thumb Code     0  startup_stm32f401xe.o(.text)
    EXTI2_IRQHandler                         0x080002fb   Thumb Code     0  startup_stm32f401xe.o(.text)
    EXTI3_IRQHandler                         0x080002fb   Thumb Code     0  startup_stm32f401xe.o(.text)
    EXTI4_IRQHandler                         0x080002fb   Thumb Code     0  startup_stm32f401xe.o(.text)
    EXTI9_5_IRQHandler                       0x080002fb   Thumb Code     0  startup_stm32f401xe.o(.text)
    FLASH_IRQHandler                         0x080002fb   Thumb Code     0  startup_stm32f401xe.o(.text)
    FPU_IRQHandler                           0x080002fb   Thumb Code     0  startup_stm32f401xe.o(.text)
    I2C1_ER_IRQHandler                       0x080002fb   Thumb Code     0  startup_stm32f401xe.o(.text)
    I2C1_EV_IRQHandler                       0x080002fb   Thumb Code     0  startup_stm32f401xe.o(.text)
    I2C2_ER_IRQHandler                       0x080002fb   Thumb Code     0  startup_stm32f401xe.o(.text)
    I2C2_EV_IRQHandler                       0x080002fb   Thumb Code     0  startup_stm32f401xe.o(.text)
    I2C3_ER_IRQHandler                       0x080002fb   Thumb Code     0  startup_stm32f401xe.o(.text)
    I2C3_EV_IRQHandler                       0x080002fb   Thumb Code     0  startup_stm32f401xe.o(.text)
    OTG_FS_IRQHandler                        0x080002fb   Thumb Code     0  startup_stm32f401xe.o(.text)
    OTG_FS_WKUP_IRQHandler                   0x080002fb   Thumb Code     0  startup_stm32f401xe.o(.text)
    PVD_IRQHandler                           0x080002fb   Thumb Code     0  startup_stm32f401xe.o(.text)
    RCC_IRQHandler                           0x080002fb   Thumb Code     0  startup_stm32f401xe.o(.text)
    RTC_Alarm_IRQHandler                     0x080002fb   Thumb Code     0  startup_stm32f401xe.o(.text)
    RTC_WKUP_IRQHandler                      0x080002fb   Thumb Code     0  startup_stm32f401xe.o(.text)
    SDIO_IRQHandler                          0x080002fb   Thumb Code     0  startup_stm32f401xe.o(.text)
    SPI1_IRQHandler                          0x080002fb   Thumb Code     0  startup_stm32f401xe.o(.text)
    SPI2_IRQHandler                          0x080002fb   Thumb Code     0  startup_stm32f401xe.o(.text)
    SPI3_IRQHandler                          0x080002fb   Thumb Code     0  startup_stm32f401xe.o(.text)
    SPI4_IRQHandler                          0x080002fb   Thumb Code     0  startup_stm32f401xe.o(.text)
    TAMP_STAMP_IRQHandler                    0x080002fb   Thumb Code     0  startup_stm32f401xe.o(.text)
    TIM1_BRK_TIM9_IRQHandler                 0x080002fb   Thumb Code     0  startup_stm32f401xe.o(.text)
    TIM1_CC_IRQHandler                       0x080002fb   Thumb Code     0  startup_stm32f401xe.o(.text)
    TIM1_TRG_COM_TIM11_IRQHandler            0x080002fb   Thumb Code     0  startup_stm32f401xe.o(.text)
    TIM1_UP_TIM10_IRQHandler                 0x080002fb   Thumb Code     0  startup_stm32f401xe.o(.text)
    TIM2_IRQHandler                          0x080002fb   Thumb Code     0  startup_stm32f401xe.o(.text)
    TIM3_IRQHandler                          0x080002fb   Thumb Code     0  startup_stm32f401xe.o(.text)
    TIM4_IRQHandler                          0x080002fb   Thumb Code     0  startup_stm32f401xe.o(.text)
    TIM5_IRQHandler                          0x080002fb   Thumb Code     0  startup_stm32f401xe.o(.text)
    USART1_IRQHandler                        0x080002fb   Thumb Code     0  startup_stm32f401xe.o(.text)
    USART2_IRQHandler                        0x080002fb   Thumb Code     0  startup_stm32f401xe.o(.text)
    USART6_IRQHandler                        0x080002fb   Thumb Code     0  startup_stm32f401xe.o(.text)
    WWDG_IRQHandler                          0x080002fb   Thumb Code     0  startup_stm32f401xe.o(.text)
    __user_initial_stackheap                 0x080002fd   Thumb Code     0  startup_stm32f401xe.o(.text)
    __aeabi_uldivmod                         0x08000321   Thumb Code     0  lludivv7m.o(.text)
    _ll_udiv                                 0x08000321   Thumb Code   240  lludivv7m.o(.text)
    snprintf                                 0x08000411   Thumb Code    58  snprintf.o(.text)
    __aeabi_memclr                           0x08000451   Thumb Code     0  rt_memclr.o(.text)
    __rt_memclr                              0x08000451   Thumb Code     0  rt_memclr.o(.text)
    _memset                                  0x08000455   Thumb Code    64  rt_memclr.o(.text)
    __aeabi_memclr4                          0x08000495   Thumb Code     0  rt_memclr_w.o(.text)
    __aeabi_memclr8                          0x08000495   Thumb Code     0  rt_memclr_w.o(.text)
    __rt_memclr_w                            0x08000495   Thumb Code     0  rt_memclr_w.o(.text)
    _memset_w                                0x08000499   Thumb Code    74  rt_memclr_w.o(.text)
    __use_two_region_memory                  0x080004e3   Thumb Code     2  heapauxi.o(.text)
    __rt_heap_escrow$2region                 0x080004e5   Thumb Code     2  heapauxi.o(.text)
    __rt_heap_expand$2region                 0x080004e7   Thumb Code     2  heapauxi.o(.text)
    _printf_pre_padding                      0x080004e9   Thumb Code    44  _printf_pad.o(.text)
    _printf_post_padding                     0x08000515   Thumb Code    34  _printf_pad.o(.text)
    _printf_truncate_signed                  0x08000537   Thumb Code    18  _printf_truncate.o(.text)
    _printf_truncate_unsigned                0x08000549   Thumb Code    18  _printf_truncate.o(.text)
    _printf_str                              0x0800055b   Thumb Code    82  _printf_str.o(.text)
    _printf_int_dec                          0x080005ad   Thumb Code   104  _printf_dec.o(.text)
    _printf_charcount                        0x08000625   Thumb Code    40  _printf_charcount.o(.text)
    _printf_char_common                      0x08000657   Thumb Code    32  _printf_char_common.o(.text)
    _snputc                                  0x0800067d   Thumb Code    16  _snputc.o(.text)
    _printf_wctomb                           0x0800068d   Thumb Code   182  _printf_wctomb.o(.text)
    _printf_longlong_dec                     0x08000749   Thumb Code   108  _printf_longlong_dec.o(.text)
    _printf_longlong_oct                     0x080007c5   Thumb Code    68  _printf_oct_int_ll.o(.text)
    _printf_int_oct                          0x08000809   Thumb Code    24  _printf_oct_int_ll.o(.text)
    _printf_ll_oct                           0x08000821   Thumb Code    12  _printf_oct_int_ll.o(.text)
    _printf_longlong_hex                     0x08000835   Thumb Code    86  _printf_hex_int_ll_ptr.o(.text)
    _printf_int_hex                          0x0800088b   Thumb Code    28  _printf_hex_int_ll_ptr.o(.text)
    _printf_ll_hex                           0x080008a7   Thumb Code    12  _printf_hex_int_ll_ptr.o(.text)
    _printf_hex_ptr                          0x080008b3   Thumb Code    18  _printf_hex_int_ll_ptr.o(.text)
    __printf                                 0x080008c9   Thumb Code   388  __printf_flags_ss_wp.o(.text)
    _ll_udiv10                               0x08000a51   Thumb Code   138  lludiv10.o(.text)
    _printf_int_common                       0x08000adb   Thumb Code   178  _printf_intcommon.o(.text)
    _printf_fp_dec_real                      0x08000d3d   Thumb Code   620  _printf_fp_dec.o(.text)
    _printf_fp_hex_real                      0x08000fa9   Thumb Code   756  _printf_fp_hex.o(.text)
    _printf_cs_common                        0x080012a5   Thumb Code    20  _printf_char.o(.text)
    _printf_char                             0x080012b9   Thumb Code    16  _printf_char.o(.text)
    _printf_string                           0x080012c9   Thumb Code     8  _printf_char.o(.text)
    _printf_lcs_common                       0x080012d1   Thumb Code    20  _printf_wchar.o(.text)
    _printf_wchar                            0x080012e5   Thumb Code    16  _printf_wchar.o(.text)
    _printf_wstring                          0x080012f5   Thumb Code     8  _printf_wchar.o(.text)
    _c16rtomb                                0x080012fd   Thumb Code    72  _c16rtomb.o(.text)
    _wcrtomb                                 0x080012fd   Thumb Code     0  _c16rtomb.o(.text)
    __user_setup_stackheap                   0x08001345   Thumb Code    74  sys_stackheap_outer.o(.text)
    __rt_ctype_table                         0x08001391   Thumb Code    16  rt_ctype_table.o(.text)
    __rt_locale                              0x080013a1   Thumb Code     8  rt_locale_intlibspace.o(.text)
    _printf_fp_infnan                        0x080013a9   Thumb Code   112  _printf_fp_infnan.o(.text)
    _btod_etento                             0x08001429   Thumb Code   224  bigflt0.o(.text)
    exit                                     0x0800150d   Thumb Code    18  exit.o(.text)
    __user_libspace                          0x08001521   Thumb Code     8  libspace.o(.text)
    __user_perproc_libspace                  0x08001521   Thumb Code     0  libspace.o(.text)
    __user_perthread_libspace                0x08001521   Thumb Code     0  libspace.o(.text)
    strcmp                                   0x08001529   Thumb Code   124  strcmpv7em.o(.text)
    _sys_exit                                0x080015a5   Thumb Code     8  sys_exit.o(.text)
    __I$use$semihosting                      0x080015b1   Thumb Code     0  use_no_semi.o(.text)
    __use_no_semihosting_swi                 0x080015b1   Thumb Code     2  use_no_semi.o(.text)
    __semihosting_library_function           0x080015b3   Thumb Code     0  indicate_semi.o(.text)
    BusFault_Handler                         0x080015b5   Thumb Code     4  stm32f4xx_it.o(.text.BusFault_Handler)
    DebugMon_Handler                         0x080015b9   Thumb Code     2  stm32f4xx_it.o(.text.DebugMon_Handler)
    EXTI15_10_IRQHandler                     0x080015bd   Thumb Code    38  stm32f4xx_it.o(.text.EXTI15_10_IRQHandler)
    Error_Handler                            0x080015e5   Thumb Code     6  main.o(.text.Error_Handler)
    HAL_Delay                                0x08001695   Thumb Code    66  stm32f4xx_hal.o(.text.HAL_Delay)
    HAL_GPIO_EXTI_Callback                   0x080016d9   Thumb Code    10  stm32f4xx_hal_gpio.o(.text.HAL_GPIO_EXTI_Callback)
    HAL_GPIO_EXTI_IRQHandler                 0x080016e5   Thumb Code    56  stm32f4xx_hal_gpio.o(.text.HAL_GPIO_EXTI_IRQHandler)
    HAL_GPIO_Init                            0x0800171d   Thumb Code   866  stm32f4xx_hal_gpio.o(.text.HAL_GPIO_Init)
    HAL_GPIO_WritePin                        0x08001a81   Thumb Code    46  stm32f4xx_hal_gpio.o(.text.HAL_GPIO_WritePin)
    HAL_GetTick                              0x08001ab1   Thumb Code    12  stm32f4xx_hal.o(.text.HAL_GetTick)
    HAL_I2C_Init                             0x08001abd   Thumb Code   676  stm32f4xx_hal_i2c.o(.text.HAL_I2C_Init)
    HAL_I2C_IsDeviceReady                    0x08001d61   Thumb Code   650  stm32f4xx_hal_i2c.o(.text.HAL_I2C_IsDeviceReady)
    HAL_I2C_Master_Transmit                  0x08001fed   Thumb Code   520  stm32f4xx_hal_i2c.o(.text.HAL_I2C_Master_Transmit)
    HAL_I2C_MspInit                          0x080021f5   Thumb Code   144  stm32f4xx_hal_msp.o(.text.HAL_I2C_MspInit)
    HAL_IncTick                              0x08002285   Thumb Code    26  stm32f4xx_hal.o(.text.HAL_IncTick)
    HAL_Init                                 0x080022a1   Thumb Code    54  stm32f4xx_hal.o(.text.HAL_Init)
    HAL_InitTick                             0x080022d9   Thumb Code   112  stm32f4xx_hal.o(.text.HAL_InitTick)
    HAL_MspInit                              0x08002349   Thumb Code    74  stm32f4xx_hal_msp.o(.text.HAL_MspInit)
    HAL_NVIC_EnableIRQ                       0x08002395   Thumb Code    20  stm32f4xx_hal_cortex.o(.text.HAL_NVIC_EnableIRQ)
    HAL_NVIC_SetPriority                     0x080023a9   Thumb Code    50  stm32f4xx_hal_cortex.o(.text.HAL_NVIC_SetPriority)
    HAL_NVIC_SetPriorityGrouping             0x080023dd   Thumb Code    16  stm32f4xx_hal_cortex.o(.text.HAL_NVIC_SetPriorityGrouping)
    HAL_RCC_ClockConfig                      0x080023ed   Thumb Code   610  stm32f4xx_hal_rcc.o(.text.HAL_RCC_ClockConfig)
    HAL_RCC_GetHCLKFreq                      0x08002651   Thumb Code    12  stm32f4xx_hal_rcc.o(.text.HAL_RCC_GetHCLKFreq)
    HAL_RCC_GetPCLK1Freq                     0x0800265d   Thumb Code    34  stm32f4xx_hal_rcc.o(.text.HAL_RCC_GetPCLK1Freq)
    HAL_RCC_GetPCLK2Freq                     0x08002681   Thumb Code    34  stm32f4xx_hal_rcc.o(.text.HAL_RCC_GetPCLK2Freq)
    HAL_RCC_GetSysClockFreq                  0x080026a5   Thumb Code   230  stm32f4xx_hal_rcc.o(.text.HAL_RCC_GetSysClockFreq)
    HAL_RCC_OscConfig                        0x0800278d   Thumb Code  1726  stm32f4xx_hal_rcc.o(.text.HAL_RCC_OscConfig)
    HAL_SYSTICK_Config                       0x08002e4d   Thumb Code    16  stm32f4xx_hal_cortex.o(.text.HAL_SYSTICK_Config)
    HAL_UART_Init                            0x08002e5d   Thumb Code   154  stm32f4xx_hal_uart.o(.text.HAL_UART_Init)
    HAL_UART_MspInit                         0x08002ef9   Thumb Code   142  stm32f4xx_hal_msp.o(.text.HAL_UART_MspInit)
    HAL_UART_Transmit                        0x08002f89   Thumb Code   334  stm32f4xx_hal_uart.o(.text.HAL_UART_Transmit)
    HardFault_Handler                        0x080030d9   Thumb Code     4  stm32f4xx_it.o(.text.HardFault_Handler)
    LCD_SendString                           0x080035b9   Thumb Code    36  main.o(.text.LCD_SendString)
    MemManage_Handler                        0x0800375d   Thumb Code     4  stm32f4xx_it.o(.text.MemManage_Handler)
    NMI_Handler                              0x08003761   Thumb Code     4  stm32f4xx_it.o(.text.NMI_Handler)
    PendSV_Handler                           0x080037d1   Thumb Code     2  stm32f4xx_it.o(.text.PendSV_Handler)
    SVC_Handler                              0x080037d5   Thumb Code     2  stm32f4xx_it.o(.text.SVC_Handler)
    SysTick_Handler                          0x0800382d   Thumb Code   154  stm32f4xx_it.o(.text.SysTick_Handler)
    SystemClock_Config                       0x080038c9   Thumb Code   178  main.o(.text.SystemClock_Config)
    SystemInit                               0x0800397d   Thumb Code    18  system_stm32f4xx.o(.text.SystemInit)
    UsageFault_Handler                       0x08003c69   Thumb Code     4  stm32f4xx_it.o(.text.UsageFault_Handler)
    main                                     0x08003d2d   Thumb Code    58  main.o(.text.main)
    _btod_d2e                                0x08003d67   Thumb Code    62  btod.o(CL$$btod_d2e)
    _d2e_denorm_low                          0x08003da5   Thumb Code    70  btod.o(CL$$btod_d2e_denorm_low)
    _d2e_norm_op1                            0x08003deb   Thumb Code    96  btod.o(CL$$btod_d2e_norm_op1)
    __btod_div_common                        0x08003e4d   Thumb Code   696  btod.o(CL$$btod_div_common)
    _e2e                                     0x08004185   Thumb Code   220  btod.o(CL$$btod_e2e)
    _btod_ediv                               0x08004261   Thumb Code    42  btod.o(CL$$btod_ediv)
    _btod_emul                               0x0800428b   Thumb Code    42  btod.o(CL$$btod_emul)
    __btod_mult_common                       0x080042b5   Thumb Code   580  btod.o(CL$$btod_mult_common)
    __ARM_fpclassify                         0x080044f9   Thumb Code    48  fpclassify.o(i.__ARM_fpclassify)
    _is_digit                                0x08004529   Thumb Code    14  __printf_wp.o(i._is_digit)
    _get_lc_numeric                          0x08004539   Thumb Code    44  lc_numeric_c.o(locale$$code)
    _get_lc_ctype                            0x08004565   Thumb Code    44  lc_ctype_c.o(locale$$code)
    _fp_init                                 0x08004591   Thumb Code    26  fpinit.o(x$fpl$fpinit)
    __fplib_config_fpu_vfp                   0x080045a9   Thumb Code     0  fpinit.o(x$fpl$fpinit)
    __fplib_config_pureend_doubles           0x080045a9   Thumb Code     0  fpinit.o(x$fpl$fpinit)
    _printf_fp_dec                           0x080045ab   Thumb Code     4  printf1.o(x$fpl$printf1)
    _printf_fp_hex                           0x080045af   Thumb Code     4  printf2.o(x$fpl$printf2)
    __I$use$fp                               0x080045b2   Number         0  usenofp.o(x$fpl$usenofp)
    AHBPrescTable                            0x080046b0   Data          16  system_stm32f4xx.o(.rodata.AHBPrescTable)
    APBPrescTable                            0x080046c0   Data           8  system_stm32f4xx.o(.rodata.APBPrescTable)
    Region$$Table$$Base                      0x080046e8   Number         0  anon$$obj.o(Region$$Table)
    Region$$Table$$Limit                     0x08004708   Number         0  anon$$obj.o(Region$$Table)
    __ctype                                  0x08004731   Data           0  lc_ctype_c.o(locale$$data)
    SystemCoreClock                          0x20000000   Data           4  system_stm32f4xx.o(.data.SystemCoreClock)
    uwTickFreq                               0x20000004   Data           1  stm32f4xx_hal.o(.data.uwTickFreq)
    uwTickPrio                               0x20000008   Data           4  stm32f4xx_hal.o(.data.uwTickPrio)
    __libspace_start                         0x20000010   Data          96  libspace.o(.bss)
    SysTick_1Sec_Counter                     0x20000070   Data           4  stm32f4xx_it.o(.bss.SysTick_1Sec_Counter)
    __temporary_stack_top$libspace           0x20000070   Data           0  libspace.o(.bss)
    SysTick_20Sec_Counter                    0x20000074   Data           4  stm32f4xx_it.o(.bss.SysTick_20Sec_Counter)
    hi2c1                                    0x2000007c   Data          84  main.o(.bss.hi2c1)
    huart2                                   0x200000d0   Data          68  main.o(.bss.huart2)
    uwTick                                   0x20000114   Data           4  stm32f4xx_hal.o(.bss.uwTick)



==============================================================================

Memory Map of the image

  Image Entry point : 0x08000195

  Load Region LR_IROM1 (Base: 0x08000000, Size: 0x00004848, Max: 0x00080000, ABSOLUTE)

    Execution Region ER_IROM1 (Exec base: 0x08000000, Load base: 0x08000000, Size: 0x00004834, Max: 0x00080000, ABSOLUTE)

    Exec Addr    Load Addr    Size         Type   Attr      Idx    E Section Name        Object

    0x08000000   0x08000000   0x00000194   Data   RO          556    RESET               startup_stm32f401xe.o
    0x08000194   0x08000194   0x00000008   Code   RO          769  * !!!main             c_w.l(__main.o)
    0x0800019c   0x0800019c   0x00000034   Code   RO         1116    !!!scatter          c_w.l(__scatter.o)
    0x080001d0   0x080001d0   0x0000001a   Code   RO         1118    !!handler_copy      c_w.l(__scatter_copy.o)
    0x080001ea   0x080001ea   0x00000002   PAD
    0x080001ec   0x080001ec   0x0000001c   Code   RO         1120    !!handler_zi        c_w.l(__scatter_zi.o)
    0x08000208   0x08000208   0x00000000   Code   RO          857    .ARM.Collect$$_printf_percent$$00000000  c_w.l(_printf_percent.o)
    0x08000208   0x08000208   0x00000006   Code   RO          846    .ARM.Collect$$_printf_percent$$00000001  c_w.l(_printf_n.o)
    0x0800020e   0x0800020e   0x00000006   Code   RO          848    .ARM.Collect$$_printf_percent$$00000002  c_w.l(_printf_p.o)
    0x08000214   0x08000214   0x00000006   Code   RO          853    .ARM.Collect$$_printf_percent$$00000003  c_w.l(_printf_f.o)
    0x0800021a   0x0800021a   0x00000006   Code   RO          854    .ARM.Collect$$_printf_percent$$00000004  c_w.l(_printf_e.o)
    0x08000220   0x08000220   0x00000006   Code   RO          855    .ARM.Collect$$_printf_percent$$00000005  c_w.l(_printf_g.o)
    0x08000226   0x08000226   0x00000006   Code   RO          856    .ARM.Collect$$_printf_percent$$00000006  c_w.l(_printf_a.o)
    0x0800022c   0x0800022c   0x0000000a   Code   RO          861    .ARM.Collect$$_printf_percent$$00000007  c_w.l(_printf_ll.o)
    0x08000236   0x08000236   0x00000006   Code   RO          850    .ARM.Collect$$_printf_percent$$00000008  c_w.l(_printf_i.o)
    0x0800023c   0x0800023c   0x00000006   Code   RO          851    .ARM.Collect$$_printf_percent$$00000009  c_w.l(_printf_d.o)
    0x08000242   0x08000242   0x00000006   Code   RO          852    .ARM.Collect$$_printf_percent$$0000000A  c_w.l(_printf_u.o)
    0x08000248   0x08000248   0x00000006   Code   RO          849    .ARM.Collect$$_printf_percent$$0000000B  c_w.l(_printf_o.o)
    0x0800024e   0x0800024e   0x00000006   Code   RO          847    .ARM.Collect$$_printf_percent$$0000000C  c_w.l(_printf_x.o)
    0x08000254   0x08000254   0x00000006   Code   RO          858    .ARM.Collect$$_printf_percent$$0000000D  c_w.l(_printf_lli.o)
    0x0800025a   0x0800025a   0x00000006   Code   RO          859    .ARM.Collect$$_printf_percent$$0000000E  c_w.l(_printf_lld.o)
    0x08000260   0x08000260   0x00000006   Code   RO          860    .ARM.Collect$$_printf_percent$$0000000F  c_w.l(_printf_llu.o)
    0x08000266   0x08000266   0x00000006   Code   RO          865    .ARM.Collect$$_printf_percent$$00000010  c_w.l(_printf_llo.o)
    0x0800026c   0x0800026c   0x00000006   Code   RO          866    .ARM.Collect$$_printf_percent$$00000011  c_w.l(_printf_llx.o)
    0x08000272   0x08000272   0x0000000a   Code   RO          862    .ARM.Collect$$_printf_percent$$00000012  c_w.l(_printf_l.o)
    0x0800027c   0x0800027c   0x00000006   Code   RO          844    .ARM.Collect$$_printf_percent$$00000013  c_w.l(_printf_c.o)
    0x08000282   0x08000282   0x00000006   Code   RO          845    .ARM.Collect$$_printf_percent$$00000014  c_w.l(_printf_s.o)
    0x08000288   0x08000288   0x00000006   Code   RO          863    .ARM.Collect$$_printf_percent$$00000015  c_w.l(_printf_lc.o)
    0x0800028e   0x0800028e   0x00000006   Code   RO          864    .ARM.Collect$$_printf_percent$$00000016  c_w.l(_printf_ls.o)
    0x08000294   0x08000294   0x00000004   Code   RO          909    .ARM.Collect$$_printf_percent$$00000017  c_w.l(_printf_percent_end.o)
    0x08000298   0x08000298   0x00000002   Code   RO          964    .ARM.Collect$$libinit$$00000000  c_w.l(libinit.o)
    0x0800029a   0x0800029a   0x00000004   Code   RO          988    .ARM.Collect$$libinit$$00000001  c_w.l(libinit2.o)
    0x0800029e   0x0800029e   0x00000000   Code   RO          991    .ARM.Collect$$libinit$$00000004  c_w.l(libinit2.o)
    0x0800029e   0x0800029e   0x00000000   Code   RO          993    .ARM.Collect$$libinit$$00000006  c_w.l(libinit2.o)
    0x0800029e   0x0800029e   0x00000000   Code   RO          996    .ARM.Collect$$libinit$$0000000C  c_w.l(libinit2.o)
    0x0800029e   0x0800029e   0x00000000   Code   RO          998    .ARM.Collect$$libinit$$0000000E  c_w.l(libinit2.o)
    0x0800029e   0x0800029e   0x00000000   Code   RO         1000    .ARM.Collect$$libinit$$00000010  c_w.l(libinit2.o)
    0x0800029e   0x0800029e   0x00000006   Code   RO         1001    .ARM.Collect$$libinit$$00000011  c_w.l(libinit2.o)
    0x080002a4   0x080002a4   0x00000000   Code   RO         1003    .ARM.Collect$$libinit$$00000013  c_w.l(libinit2.o)
    0x080002a4   0x080002a4   0x0000000c   Code   RO         1004    .ARM.Collect$$libinit$$00000014  c_w.l(libinit2.o)
    0x080002b0   0x080002b0   0x00000000   Code   RO         1005    .ARM.Collect$$libinit$$00000015  c_w.l(libinit2.o)
    0x080002b0   0x080002b0   0x00000000   Code   RO         1007    .ARM.Collect$$libinit$$00000017  c_w.l(libinit2.o)
    0x080002b0   0x080002b0   0x0000000a   Code   RO         1008    .ARM.Collect$$libinit$$00000018  c_w.l(libinit2.o)
    0x080002ba   0x080002ba   0x00000000   Code   RO         1009    .ARM.Collect$$libinit$$00000019  c_w.l(libinit2.o)
    0x080002ba   0x080002ba   0x00000000   Code   RO         1011    .ARM.Collect$$libinit$$0000001B  c_w.l(libinit2.o)
    0x080002ba   0x080002ba   0x00000000   Code   RO         1013    .ARM.Collect$$libinit$$0000001D  c_w.l(libinit2.o)
    0x080002ba   0x080002ba   0x00000000   Code   RO         1015    .ARM.Collect$$libinit$$0000001F  c_w.l(libinit2.o)
    0x080002ba   0x080002ba   0x00000000   Code   RO         1017    .ARM.Collect$$libinit$$00000021  c_w.l(libinit2.o)
    0x080002ba   0x080002ba   0x00000000   Code   RO         1019    .ARM.Collect$$libinit$$00000023  c_w.l(libinit2.o)
    0x080002ba   0x080002ba   0x00000000   Code   RO         1021    .ARM.Collect$$libinit$$00000025  c_w.l(libinit2.o)
    0x080002ba   0x080002ba   0x00000000   Code   RO         1023    .ARM.Collect$$libinit$$00000027  c_w.l(libinit2.o)
    0x080002ba   0x080002ba   0x00000000   Code   RO         1027    .ARM.Collect$$libinit$$0000002E  c_w.l(libinit2.o)
    0x080002ba   0x080002ba   0x00000000   Code   RO         1029    .ARM.Collect$$libinit$$00000030  c_w.l(libinit2.o)
    0x080002ba   0x080002ba   0x00000000   Code   RO         1031    .ARM.Collect$$libinit$$00000032  c_w.l(libinit2.o)
    0x080002ba   0x080002ba   0x00000000   Code   RO         1033    .ARM.Collect$$libinit$$00000034  c_w.l(libinit2.o)
    0x080002ba   0x080002ba   0x00000002   Code   RO         1034    .ARM.Collect$$libinit$$00000035  c_w.l(libinit2.o)
    0x080002bc   0x080002bc   0x00000002   Code   RO         1071    .ARM.Collect$$libshutdown$$00000000  c_w.l(libshutdown.o)
    0x080002be   0x080002be   0x00000000   Code   RO         1099    .ARM.Collect$$libshutdown$$00000002  c_w.l(libshutdown2.o)
    0x080002be   0x080002be   0x00000000   Code   RO         1101    .ARM.Collect$$libshutdown$$00000004  c_w.l(libshutdown2.o)
    0x080002be   0x080002be   0x00000000   Code   RO         1104    .ARM.Collect$$libshutdown$$00000007  c_w.l(libshutdown2.o)
    0x080002be   0x080002be   0x00000000   Code   RO         1107    .ARM.Collect$$libshutdown$$0000000A  c_w.l(libshutdown2.o)
    0x080002be   0x080002be   0x00000000   Code   RO         1109    .ARM.Collect$$libshutdown$$0000000C  c_w.l(libshutdown2.o)
    0x080002be   0x080002be   0x00000000   Code   RO         1112    .ARM.Collect$$libshutdown$$0000000F  c_w.l(libshutdown2.o)
    0x080002be   0x080002be   0x00000002   Code   RO         1113    .ARM.Collect$$libshutdown$$00000010  c_w.l(libshutdown2.o)
    0x080002c0   0x080002c0   0x00000000   Code   RO          771    .ARM.Collect$$rtentry$$00000000  c_w.l(__rtentry.o)
    0x080002c0   0x080002c0   0x00000000   Code   RO          876    .ARM.Collect$$rtentry$$00000002  c_w.l(__rtentry2.o)
    0x080002c0   0x080002c0   0x00000006   Code   RO          888    .ARM.Collect$$rtentry$$00000004  c_w.l(__rtentry4.o)
    0x080002c6   0x080002c6   0x00000000   Code   RO          878    .ARM.Collect$$rtentry$$00000009  c_w.l(__rtentry2.o)
    0x080002c6   0x080002c6   0x00000004   Code   RO          879    .ARM.Collect$$rtentry$$0000000A  c_w.l(__rtentry2.o)
    0x080002ca   0x080002ca   0x00000000   Code   RO          881    .ARM.Collect$$rtentry$$0000000C  c_w.l(__rtentry2.o)
    0x080002ca   0x080002ca   0x00000008   Code   RO          882    .ARM.Collect$$rtentry$$0000000D  c_w.l(__rtentry2.o)
    0x080002d2   0x080002d2   0x00000002   Code   RO          973    .ARM.Collect$$rtexit$$00000000  c_w.l(rtexit.o)
    0x080002d4   0x080002d4   0x00000000   Code   RO         1040    .ARM.Collect$$rtexit$$00000002  c_w.l(rtexit2.o)
    0x080002d4   0x080002d4   0x00000004   Code   RO         1041    .ARM.Collect$$rtexit$$00000003  c_w.l(rtexit2.o)
    0x080002d8   0x080002d8   0x00000006   Code   RO         1042    .ARM.Collect$$rtexit$$00000004  c_w.l(rtexit2.o)
    0x080002de   0x080002de   0x00000002   PAD
    0x080002e0   0x080002e0   0x00000040   Code   RO          557    .text               startup_stm32f401xe.o
    0x08000320   0x08000320   0x000000f0   Code   RO          759    .text               c_w.l(lludivv7m.o)
    0x08000410   0x08000410   0x00000040   Code   RO          761    .text               c_w.l(snprintf.o)
    0x08000450   0x08000450   0x00000044   Code   RO          763    .text               c_w.l(rt_memclr.o)
    0x08000494   0x08000494   0x0000004e   Code   RO          765    .text               c_w.l(rt_memclr_w.o)
    0x080004e2   0x080004e2   0x00000006   Code   RO          767    .text               c_w.l(heapauxi.o)
    0x080004e8   0x080004e8   0x0000004e   Code   RO          778    .text               c_w.l(_printf_pad.o)
    0x08000536   0x08000536   0x00000024   Code   RO          780    .text               c_w.l(_printf_truncate.o)
    0x0800055a   0x0800055a   0x00000052   Code   RO          782    .text               c_w.l(_printf_str.o)
    0x080005ac   0x080005ac   0x00000078   Code   RO          784    .text               c_w.l(_printf_dec.o)
    0x08000624   0x08000624   0x00000028   Code   RO          786    .text               c_w.l(_printf_charcount.o)
    0x0800064c   0x0800064c   0x00000030   Code   RO          788    .text               c_w.l(_printf_char_common.o)
    0x0800067c   0x0800067c   0x00000010   Code   RO          790    .text               c_w.l(_snputc.o)
    0x0800068c   0x0800068c   0x000000bc   Code   RO          792    .text               c_w.l(_printf_wctomb.o)
    0x08000748   0x08000748   0x0000007c   Code   RO          795    .text               c_w.l(_printf_longlong_dec.o)
    0x080007c4   0x080007c4   0x00000070   Code   RO          801    .text               c_w.l(_printf_oct_int_ll.o)
    0x08000834   0x08000834   0x00000094   Code   RO          821    .text               c_w.l(_printf_hex_int_ll_ptr.o)
    0x080008c8   0x080008c8   0x00000188   Code   RO          841    .text               c_w.l(__printf_flags_ss_wp.o)
    0x08000a50   0x08000a50   0x0000008a   Code   RO          892    .text               c_w.l(lludiv10.o)
    0x08000ada   0x08000ada   0x000000b2   Code   RO          894    .text               c_w.l(_printf_intcommon.o)
    0x08000b8c   0x08000b8c   0x0000041c   Code   RO          896    .text               c_w.l(_printf_fp_dec.o)
    0x08000fa8   0x08000fa8   0x000002fc   Code   RO          900    .text               c_w.l(_printf_fp_hex.o)
    0x080012a4   0x080012a4   0x0000002c   Code   RO          905    .text               c_w.l(_printf_char.o)
    0x080012d0   0x080012d0   0x0000002c   Code   RO          907    .text               c_w.l(_printf_wchar.o)
    0x080012fc   0x080012fc   0x00000048   Code   RO          910    .text               c_w.l(_c16rtomb.o)
    0x08001344   0x08001344   0x0000004a   Code   RO          912    .text               c_w.l(sys_stackheap_outer.o)
    0x0800138e   0x0800138e   0x00000002   PAD
    0x08001390   0x08001390   0x00000010   Code   RO          914    .text               c_w.l(rt_ctype_table.o)
    0x080013a0   0x080013a0   0x00000008   Code   RO          919    .text               c_w.l(rt_locale_intlibspace.o)
    0x080013a8   0x080013a8   0x00000080   Code   RO          921    .text               c_w.l(_printf_fp_infnan.o)
    0x08001428   0x08001428   0x000000e4   Code   RO          923    .text               c_w.l(bigflt0.o)
    0x0800150c   0x0800150c   0x00000012   Code   RO          953    .text               c_w.l(exit.o)
    0x0800151e   0x0800151e   0x00000002   PAD
    0x08001520   0x08001520   0x00000008   Code   RO          970    .text               c_w.l(libspace.o)
    0x08001528   0x08001528   0x0000007c   Code   RO          986    .text               c_w.l(strcmpv7em.o)
    0x080015a4   0x080015a4   0x0000000c   Code   RO         1035    .text               c_w.l(sys_exit.o)
    0x080015b0   0x080015b0   0x00000002   Code   RO         1060    .text               c_w.l(use_no_semi.o)
    0x080015b2   0x080015b2   0x00000000   Code   RO         1062    .text               c_w.l(indicate_semi.o)
    0x080015b2   0x080015b2   0x00000002   PAD
    0x080015b4   0x080015b4   0x00000004   Code   RO           44    .text.BusFault_Handler  stm32f4xx_it.o
    0x080015b8   0x080015b8   0x00000002   Code   RO           50    .text.DebugMon_Handler  stm32f4xx_it.o
    0x080015ba   0x080015ba   0x00000002   PAD
    0x080015bc   0x080015bc   0x00000026   Code   RO           56    .text.EXTI15_10_IRQHandler  stm32f4xx_it.o
    0x080015e2   0x080015e2   0x00000002   PAD
    0x080015e4   0x080015e4   0x00000006   Code   RO           22    .text.Error_Handler  main.o
    0x080015ea   0x080015ea   0x00000002   PAD
    0x080015ec   0x080015ec   0x000000a8   Code   RO           16    .text.FindAddress   main.o
    0x08001694   0x08001694   0x00000042   Code   RO          113    .text.HAL_Delay     stm32f4xx_hal.o
    0x080016d6   0x080016d6   0x00000002   PAD
    0x080016d8   0x080016d8   0x0000000a   Code   RO          295    .text.HAL_GPIO_EXTI_Callback  stm32f4xx_hal_gpio.o
    0x080016e2   0x080016e2   0x00000002   PAD
    0x080016e4   0x080016e4   0x00000038   Code   RO          293    .text.HAL_GPIO_EXTI_IRQHandler  stm32f4xx_hal_gpio.o
    0x0800171c   0x0800171c   0x00000362   Code   RO          281    .text.HAL_GPIO_Init  stm32f4xx_hal_gpio.o
    0x08001a7e   0x08001a7e   0x00000002   PAD
    0x08001a80   0x08001a80   0x0000002e   Code   RO          287    .text.HAL_GPIO_WritePin  stm32f4xx_hal_gpio.o
    0x08001aae   0x08001aae   0x00000002   PAD
    0x08001ab0   0x08001ab0   0x0000000c   Code   RO          105    .text.HAL_GetTick   stm32f4xx_hal.o
    0x08001abc   0x08001abc   0x000002a4   Code   RO          578    .text.HAL_I2C_Init  stm32f4xx_hal_i2c.o
    0x08001d60   0x08001d60   0x0000028a   Code   RO          644    .text.HAL_I2C_IsDeviceReady  stm32f4xx_hal_i2c.o
    0x08001fea   0x08001fea   0x00000002   PAD
    0x08001fec   0x08001fec   0x00000208   Code   RO          586    .text.HAL_I2C_Master_Transmit  stm32f4xx_hal_i2c.o
    0x080021f4   0x080021f4   0x00000090   Code   RO           78    .text.HAL_I2C_MspInit  stm32f4xx_hal_msp.o
    0x08002284   0x08002284   0x0000001a   Code   RO          103    .text.HAL_IncTick   stm32f4xx_hal.o
    0x0800229e   0x0800229e   0x00000002   PAD
    0x080022a0   0x080022a0   0x00000036   Code   RO           93    .text.HAL_Init      stm32f4xx_hal.o
    0x080022d6   0x080022d6   0x00000002   PAD
    0x080022d8   0x080022d8   0x00000070   Code   RO           95    .text.HAL_InitTick  stm32f4xx_hal.o
    0x08002348   0x08002348   0x0000004a   Code   RO           76    .text.HAL_MspInit   stm32f4xx_hal_msp.o
    0x08002392   0x08002392   0x00000002   PAD
    0x08002394   0x08002394   0x00000014   Code   RO          169    .text.HAL_NVIC_EnableIRQ  stm32f4xx_hal_cortex.o
    0x080023a8   0x080023a8   0x00000032   Code   RO          161    .text.HAL_NVIC_SetPriority  stm32f4xx_hal_cortex.o
    0x080023da   0x080023da   0x00000002   PAD
    0x080023dc   0x080023dc   0x00000010   Code   RO          157    .text.HAL_NVIC_SetPriorityGrouping  stm32f4xx_hal_cortex.o
    0x080023ec   0x080023ec   0x00000262   Code   RO          376    .text.HAL_RCC_ClockConfig  stm32f4xx_hal_rcc.o
    0x0800264e   0x0800264e   0x00000002   PAD
    0x08002650   0x08002650   0x0000000c   Code   RO          386    .text.HAL_RCC_GetHCLKFreq  stm32f4xx_hal_rcc.o
    0x0800265c   0x0800265c   0x00000022   Code   RO          388    .text.HAL_RCC_GetPCLK1Freq  stm32f4xx_hal_rcc.o
    0x0800267e   0x0800267e   0x00000002   PAD
    0x08002680   0x08002680   0x00000022   Code   RO          390    .text.HAL_RCC_GetPCLK2Freq  stm32f4xx_hal_rcc.o
    0x080026a2   0x080026a2   0x00000002   PAD
    0x080026a4   0x080026a4   0x000000e6   Code   RO          378    .text.HAL_RCC_GetSysClockFreq  stm32f4xx_hal_rcc.o
    0x0800278a   0x0800278a   0x00000002   PAD
    0x0800278c   0x0800278c   0x000006be   Code   RO          374    .text.HAL_RCC_OscConfig  stm32f4xx_hal_rcc.o
    0x08002e4a   0x08002e4a   0x00000002   PAD
    0x08002e4c   0x08002e4c   0x00000010   Code   RO          181    .text.HAL_SYSTICK_Config  stm32f4xx_hal_cortex.o
    0x08002e5c   0x08002e5c   0x0000009a   Code   RO          426    .text.HAL_UART_Init  stm32f4xx_hal_uart.o
    0x08002ef6   0x08002ef6   0x00000002   PAD
    0x08002ef8   0x08002ef8   0x0000008e   Code   RO           82    .text.HAL_UART_MspInit  stm32f4xx_hal_msp.o
    0x08002f86   0x08002f86   0x00000002   PAD
    0x08002f88   0x08002f88   0x0000014e   Code   RO          442    .text.HAL_UART_Transmit  stm32f4xx_hal_uart.o
    0x080030d6   0x080030d6   0x00000002   PAD
    0x080030d8   0x080030d8   0x00000004   Code   RO           40    .text.HardFault_Handler  stm32f4xx_it.o
    0x080030dc   0x080030dc   0x00000064   Code   RO          738    .text.I2C_IsAcknowledgeFailed  stm32f4xx_hal_i2c.o
    0x08003140   0x08003140   0x00000112   Code   RO          590    .text.I2C_MasterRequestWrite  stm32f4xx_hal_i2c.o
    0x08003252   0x08003252   0x00000002   PAD
    0x08003254   0x08003254   0x00000096   Code   RO          594    .text.I2C_WaitOnBTFFlagUntilTimeout  stm32f4xx_hal_i2c.o
    0x080032ea   0x080032ea   0x00000002   PAD
    0x080032ec   0x080032ec   0x000000be   Code   RO          588    .text.I2C_WaitOnFlagUntilTimeout  stm32f4xx_hal_i2c.o
    0x080033aa   0x080033aa   0x00000002   PAD
    0x080033ac   0x080033ac   0x00000110   Code   RO          736    .text.I2C_WaitOnMasterAddressFlagUntilTimeout  stm32f4xx_hal_i2c.o
    0x080034bc   0x080034bc   0x00000094   Code   RO          592    .text.I2C_WaitOnTXEFlagUntilTimeout  stm32f4xx_hal_i2c.o
    0x08003550   0x08003550   0x00000066   Code   RO           18    .text.LCD_Init      main.o
    0x080035b6   0x080035b6   0x00000002   PAD
    0x080035b8   0x080035b8   0x00000024   Code   RO            2    .text.LCD_SendString  main.o
    0x080035dc   0x080035dc   0x000000f8   Code   RO           10    .text.MX_GPIO_Init  main.o
    0x080036d4   0x080036d4   0x00000048   Code   RO           14    .text.MX_I2C1_Init  main.o
    0x0800371c   0x0800371c   0x00000040   Code   RO           12    .text.MX_USART2_UART_Init  main.o
    0x0800375c   0x0800375c   0x00000004   Code   RO           42    .text.MemManage_Handler  stm32f4xx_it.o
    0x08003760   0x08003760   0x00000004   Code   RO           38    .text.NMI_Handler   stm32f4xx_it.o
    0x08003764   0x08003764   0x0000006c   Code   RO          167    .text.NVIC_EncodePriority  stm32f4xx_hal_cortex.o
    0x080037d0   0x080037d0   0x00000002   Code   RO           52    .text.PendSV_Handler  stm32f4xx_it.o
    0x080037d2   0x080037d2   0x00000002   PAD
    0x080037d4   0x080037d4   0x00000002   Code   RO           48    .text.SVC_Handler   stm32f4xx_it.o
    0x080037d6   0x080037d6   0x00000002   PAD
    0x080037d8   0x080037d8   0x00000052   Code   RO          183    .text.SysTick_Config  stm32f4xx_hal_cortex.o
    0x0800382a   0x0800382a   0x00000002   PAD
    0x0800382c   0x0800382c   0x0000009a   Code   RO           54    .text.SysTick_Handler  stm32f4xx_it.o
    0x080038c6   0x080038c6   0x00000002   PAD
    0x080038c8   0x080038c8   0x000000b2   Code   RO            8    .text.SystemClock_Config  main.o
    0x0800397a   0x0800397a   0x00000002   PAD
    0x0800397c   0x0800397c   0x00000012   Code   RO          564    .text.SystemInit    system_stm32f4xx.o
    0x0800398e   0x0800398e   0x00000002   PAD
    0x08003990   0x08003990   0x00000096   Code   RO           24    .text.Transmit      main.o
    0x08003a26   0x08003a26   0x00000002   PAD
    0x08003a28   0x08003a28   0x00000016   Code   RO           20    .text.TransmitCmd   main.o
    0x08003a3e   0x08003a3e   0x00000002   PAD
    0x08003a40   0x08003a40   0x00000016   Code   RO            4    .text.TransmitData  main.o
    0x08003a56   0x08003a56   0x00000002   PAD
    0x08003a58   0x08003a58   0x0000013a   Code   RO          430    .text.UART_SetConfig  stm32f4xx_hal_uart.o
    0x08003b92   0x08003b92   0x00000002   PAD
    0x08003b94   0x08003b94   0x000000d2   Code   RO          444    .text.UART_WaitOnFlagUntilTimeout  stm32f4xx_hal_uart.o
    0x08003c66   0x08003c66   0x00000002   PAD
    0x08003c68   0x08003c68   0x00000004   Code   RO           46    .text.UsageFault_Handler  stm32f4xx_it.o
    0x08003c6c   0x08003c6c   0x00000030   Code   RO          171    .text.__NVIC_EnableIRQ  stm32f4xx_hal_cortex.o
    0x08003c9c   0x08003c9c   0x00000010   Code   RO          163    .text.__NVIC_GetPriorityGrouping  stm32f4xx_hal_cortex.o
    0x08003cac   0x08003cac   0x00000042   Code   RO          165    .text.__NVIC_SetPriority  stm32f4xx_hal_cortex.o
    0x08003cee   0x08003cee   0x00000002   PAD
    0x08003cf0   0x08003cf0   0x0000003c   Code   RO          159    .text.__NVIC_SetPriorityGrouping  stm32f4xx_hal_cortex.o
    0x08003d2c   0x08003d2c   0x0000003a   Code   RO            6    .text.main          main.o
    0x08003d66   0x08003d66   0x0000003e   Code   RO          926    CL$$btod_d2e        c_w.l(btod.o)
    0x08003da4   0x08003da4   0x00000046   Code   RO          928    CL$$btod_d2e_denorm_low  c_w.l(btod.o)
    0x08003dea   0x08003dea   0x00000060   Code   RO          927    CL$$btod_d2e_norm_op1  c_w.l(btod.o)
    0x08003e4a   0x08003e4a   0x00000002   PAD
    0x08003e4c   0x08003e4c   0x00000338   Code   RO          936    CL$$btod_div_common  c_w.l(btod.o)
    0x08004184   0x08004184   0x000000dc   Code   RO          933    CL$$btod_e2e        c_w.l(btod.o)
    0x08004260   0x08004260   0x0000002a   Code   RO          930    CL$$btod_ediv       c_w.l(btod.o)
    0x0800428a   0x0800428a   0x0000002a   Code   RO          929    CL$$btod_emul       c_w.l(btod.o)
    0x080042b4   0x080042b4   0x00000244   Code   RO          935    CL$$btod_mult_common  c_w.l(btod.o)
    0x080044f8   0x080044f8   0x00000030   Code   RO          968    i.__ARM_fpclassify  m_wm.l(fpclassify.o)
    0x08004528   0x08004528   0x0000000e   Code   RO          834    i._is_digit         c_w.l(__printf_wp.o)
    0x08004536   0x08004536   0x00000002   PAD
    0x08004538   0x08004538   0x0000002c   Code   RO          951    locale$$code        c_w.l(lc_numeric_c.o)
    0x08004564   0x08004564   0x0000002c   Code   RO          980    locale$$code        c_w.l(lc_ctype_c.o)
    0x08004590   0x08004590   0x0000001a   Code   RO         1054    x$fpl$fpinit        fz_wm.l(fpinit.o)
    0x080045aa   0x080045aa   0x00000004   Code   RO          867    x$fpl$printf1       fz_wm.l(printf1.o)
    0x080045ae   0x080045ae   0x00000004   Code   RO          869    x$fpl$printf2       fz_wm.l(printf2.o)
    0x080045b2   0x080045b2   0x00000000   Code   RO          967    x$fpl$usenofp       fz_wm.l(usenofp.o)
    0x080045b2   0x080045b2   0x00000002   PAD
    0x080045b4   0x080045b4   0x00000008   Data   RO          793    .constdata          c_w.l(_printf_wctomb.o)
    0x080045bc   0x080045bc   0x00000028   Data   RO          822    .constdata          c_w.l(_printf_hex_int_ll_ptr.o)
    0x080045e4   0x080045e4   0x00000011   Data   RO          842    .constdata          c_w.l(__printf_flags_ss_wp.o)
    0x080045f5   0x080045f5   0x00000026   Data   RO          901    .constdata          c_w.l(_printf_fp_hex.o)
    0x0800461b   0x0800461b   0x00000001   PAD
    0x0800461c   0x0800461c   0x00000094   Data   RO          924    .constdata          c_w.l(bigflt0.o)
    0x080046b0   0x080046b0   0x00000010   Data   RO          569    .rodata.AHBPrescTable  system_stm32f4xx.o
    0x080046c0   0x080046c0   0x00000008   Data   RO          570    .rodata.APBPrescTable  system_stm32f4xx.o
    0x080046c8   0x080046c8   0x0000000c   Data   RO           26    .rodata.str1.1      main.o
    0x080046d4   0x080046d4   0x00000014   Data   RO           68    .rodata.str1.1      stm32f4xx_it.o
    0x080046e8   0x080046e8   0x00000020   Data   RO         1115    Region$$Table       anon$$obj.o
    0x08004708   0x08004708   0x0000001c   Data   RO          950    locale$$data        c_w.l(lc_numeric_c.o)
    0x08004724   0x08004724   0x00000110   Data   RO          979    locale$$data        c_w.l(lc_ctype_c.o)


    Execution Region RW_IRAM1 (Exec base: 0x20000000, Load base: 0x08004838, Size: 0x00000718, Max: 0x00018000, ABSOLUTE)

    Exec Addr    Load Addr    Size         Type   Attr      Idx    E Section Name        Object

    0x20000000   0x08004838   0x00000004   Data   RW          568    .data.SystemCoreClock  system_stm32f4xx.o
    0x20000004   0x0800483c   0x00000001   Data   RW          148    .data.uwTickFreq    stm32f4xx_hal.o
    0x20000005   0x0800483d   0x00000003   PAD
    0x20000008   0x08004840   0x00000004   Data   RW          147    .data.uwTickPrio    stm32f4xx_hal.o
    0x2000000c   0x08004844   0x00000004   PAD
    0x20000010        -       0x00000060   Zero   RW          971    .bss                c_w.l(libspace.o)
    0x20000070        -       0x00000004   Zero   RW           64    .bss.SysTick_1Sec_Counter  stm32f4xx_it.o
    0x20000074        -       0x00000004   Zero   RW           65    .bss.SysTick_20Sec_Counter  stm32f4xx_it.o
    0x20000078        -       0x00000002   Zero   RW           29    .bss.addr           main.o
    0x2000007a   0x08004844   0x00000002   PAD
    0x2000007c        -       0x00000054   Zero   RW           27    .bss.hi2c1          main.o
    0x200000d0        -       0x00000044   Zero   RW           28    .bss.huart2         main.o
    0x20000114        -       0x00000004   Zero   RW          149    .bss.uwTick         stm32f4xx_hal.o
    0x20000118        -       0x00000200   Zero   RW          555    HEAP                startup_stm32f401xe.o
    0x20000318        -       0x00000400   Zero   RW          554    STACK               startup_stm32f401xe.o


==============================================================================

Image component sizes


      Code (inc. data)   RO Data    RW Data    ZI Data      Debug   Object Name

      1126          0         12          0        154      10253   main.o
        64         26        404          0       1536        864   startup_stm32f401xe.o
       270          0          0          5          4       6921   stm32f4xx_hal.o
       482          0          0          0          0       9171   stm32f4xx_hal_cortex.o
       978          0          0          0          0       5287   stm32f4xx_hal_gpio.o
      2980          0          0          0          0      37436   stm32f4xx_hal_i2c.o
       360          0          0          0          0       6641   stm32f4xx_hal_msp.o
      2646          0          0          0          0       7827   stm32f4xx_hal_rcc.o
      1012          0          0          0          0      20308   stm32f4xx_hal_uart.o
       218          0         20          0          8       2977   stm32f4xx_it.o
        18          0         24          4          0       2675   system_stm32f4xx.o

    ----------------------------------------------------------------------
     10226         26        492         12       1708     110360   Object Totals
         0          0         32          0          0          0   (incl. Generated)
        72          0          0          3          6          0   (incl. Padding)

    ----------------------------------------------------------------------

      Code (inc. data)   RO Data    RW Data    ZI Data      Debug   Library Member Name

         8          0          0          0          0         68   __main.o
       392          4         17          0          0         92   __printf_flags_ss_wp.o
        14          0          0          0          0         68   __printf_wp.o
         0          0          0          0          0          0   __rtentry.o
        12          0          0          0          0          0   __rtentry2.o
         6          0          0          0          0          0   __rtentry4.o
        52          8          0          0          0          0   __scatter.o
        26          0          0          0          0          0   __scatter_copy.o
        28          0          0          0          0          0   __scatter_zi.o
        72          0          0          0          0         96   _c16rtomb.o
         6          0          0          0          0          0   _printf_a.o
         6          0          0          0          0          0   _printf_c.o
        44          0          0          0          0        108   _printf_char.o
        48          6          0          0          0         96   _printf_char_common.o
        40          0          0          0          0         68   _printf_charcount.o
         6          0          0          0          0          0   _printf_d.o
       120         16          0          0          0         92   _printf_dec.o
         6          0          0          0          0          0   _printf_e.o
         6          0          0          0          0          0   _printf_f.o
      1052          0          0          0          0        148   _printf_fp_dec.o
       764          8         38          0          0        100   _printf_fp_hex.o
       128         16          0          0          0         84   _printf_fp_infnan.o
         6          0          0          0          0          0   _printf_g.o
       148          4         40          0          0        160   _printf_hex_int_ll_ptr.o
         6          0          0          0          0          0   _printf_i.o
       178          0          0          0          0         88   _printf_intcommon.o
        10          0          0          0          0          0   _printf_l.o
         6          0          0          0          0          0   _printf_lc.o
        10          0          0          0          0          0   _printf_ll.o
         6          0          0          0          0          0   _printf_lld.o
         6          0          0          0          0          0   _printf_lli.o
         6          0          0          0          0          0   _printf_llo.o
         6          0          0          0          0          0   _printf_llu.o
         6          0          0          0          0          0   _printf_llx.o
       124         16          0          0          0         92   _printf_longlong_dec.o
         6          0          0          0          0          0   _printf_ls.o
         6          0          0          0          0          0   _printf_n.o
         6          0          0          0          0          0   _printf_o.o
       112          8          0          0          0        124   _printf_oct_int_ll.o
         6          0          0          0          0          0   _printf_p.o
        78          0          0          0          0        108   _printf_pad.o
         0          0          0          0          0          0   _printf_percent.o
         4          0          0          0          0          0   _printf_percent_end.o
         6          0          0          0          0          0   _printf_s.o
        82          0          0          0          0         80   _printf_str.o
        36          0          0          0          0         84   _printf_truncate.o
         6          0          0          0          0          0   _printf_u.o
        44          0          0          0          0        108   _printf_wchar.o
       188          6          8          0          0         92   _printf_wctomb.o
         6          0          0          0          0          0   _printf_x.o
        16          0          0          0          0         68   _snputc.o
       228          4        148          0          0         96   bigflt0.o
      1936        128          0          0          0        668   btod.o
        18          0          0          0          0         80   exit.o
         6          0          0          0          0        152   heapauxi.o
         0          0          0          0          0          0   indicate_semi.o
        44         10        272          0          0         76   lc_ctype_c.o
        44         10         28          0          0         76   lc_numeric_c.o
         2          0          0          0          0          0   libinit.o
        34          0          0          0          0          0   libinit2.o
         2          0          0          0          0          0   libshutdown.o
         2          0          0          0          0          0   libshutdown2.o
         8          4          0          0         96         68   libspace.o
       138          0          0          0          0         80   lludiv10.o
       240          0          0          0          0        100   lludivv7m.o
        16          4          0          0          0         76   rt_ctype_table.o
         8          4          0          0          0         68   rt_locale_intlibspace.o
        68          0          0          0          0         68   rt_memclr.o
        78          0          0          0          0         80   rt_memclr_w.o
         2          0          0          0          0          0   rtexit.o
        10          0          0          0          0          0   rtexit2.o
        64          6          0          0          0         84   snprintf.o
       124          0          0          0          0         88   strcmpv7em.o
        12          4          0          0          0         68   sys_exit.o
        74          0          0          0          0         80   sys_stackheap_outer.o
         2          0          0          0          0         68   use_no_semi.o
        26          0          0          0          0        116   fpinit.o
         4          0          0          0          0        116   printf1.o
         4          0          0          0          0        116   printf2.o
         0          0          0          0          0          0   usenofp.o
        48          0          0          0          0        124   fpclassify.o

    ----------------------------------------------------------------------
      7214        266        552          0         96       4572   Library Totals
        16          0          1          0          0          0   (incl. Padding)

    ----------------------------------------------------------------------

      Code (inc. data)   RO Data    RW Data    ZI Data      Debug   Library Name

      7116        266        551          0         96       4100   c_w.l
        34          0          0          0          0        348   fz_wm.l
        48          0          0          0          0        124   m_wm.l

    ----------------------------------------------------------------------
      7214        266        552          0         96       4572   Library Totals

    ----------------------------------------------------------------------

==============================================================================


      Code (inc. data)   RO Data    RW Data    ZI Data      Debug   

     17440        292       1044         12       1804     112368   Grand Totals
     17440        292       1044         12       1804     112368   ELF Image Totals
     17440        292       1044         12          0          0   ROM Totals

==============================================================================

    Total RO  Size (Code + RO Data)                18484 (  18.05kB)
    Total RW  Size (RW Data + ZI Data)              1816 (   1.77kB)
    Total ROM Size (Code + RO Data + RW Data)      18496 (  18.06kB)

==============================================================================

